{"timestamp":"2026-08-20T16:35:06.026Z","action":"memory.get","actor":"若兰","target":"若兰","result":"success","detail":"{\"agent\":\"若兰\",\"count\":2140}","audit_id":"audit_1787243706026_m3gw"}
{"timestamp":"2026-08-20T16:35:06.075Z","action":"memory.get","actor":"若兰","target":"若兰","result":"success","detail":"{\"agent\":\"若兰\",\"count\":2140}","audit_id":"audit_1787243706075_kd18"}
{"timestamp":"2026-08-20T16:35:06.179Z","action":"memory.get","actor":"若兰","target":"若兰","result":"success","detail":"{\"agent\":\"若兰\",\"count\":2140}","audit_id":"audit_1787243706179_321p"}
{"timestamp":"2026-08-20T22:30:29.615Z","action":"memory.get","actor":"若兰","target":"若兰","result":"success","detail":"{\"agent\":\"若兰\",\"count\":2140}","audit_id":"audit_1787265029615_0wgn"}
{"timestamp":"2026-08-20T22:30:29.649Z","action":"memory.add","actor":"daily-sync","target":"若兰","result":"success","detail":"{\"agent\":\"若兰\",\"type\":\"milestone\",\"structural_weight\":0.6}","audit_id":"audit_1787265029649_ntbr"}
{"timestamp":"2026-08-20T22:30:29.679Z","action":"memory.add","actor":"daily-sync","target":"若兰","result":"success","detail":"{\"agent\":\"若兰\",\"type\":\"milestone\",\"structural_weight\":0.6}","audit_id":"audit_1787265029679_i61i"}
{"timestamp":"2026-08-20T22:30:29.707Z","action":"memory.add","actor":"daily-sync","target":"若兰","result":"success","detail":"{\"agent\":\"若兰\",\"type\":\"discovery\",\"structural_weight\":0}","audit_id":"audit_1787265029707_a06m"}
{"timestamp":"2026-08-20T22:30:29.734Z","action":"memory.add","actor":"daily-sync","target":"若兰","result":"success","detail":"{\"agent\":\"若兰\",\"type\":\"event\",\"structural_weight\":0}","audit_id":"audit_1787265029734_m7fh"}
{"timestamp":"2026-08-20T22:30:29.765Z","action":"memory.add","actor":"daily-sync","target":"若兰","result":"success","detail":"{\"agent\":\"若兰\",\"type\":\"fix\",\"structural_weight\":0}","audit_id":"audit_1787265029765_lsoh"}
{"timestamp":"2026-08-20T22:30:29.796Z","action":"memory.add","actor":"daily-sync","target":"若兰","result":"success","detail":"{\"agent\":\"若兰\",\"type\":\"milestone\",\"structural_weight\":0.6}","audit_id":"audit_1787265029796_cu4s"}
{"timestamp":"2026-08-20T22:30:29.834Z","action":"memory.add","actor":"daily-sync","target":"若兰","result":"success","detail":"{\"agent\":\"若兰\",\"type\":\"lesson\",\"structural_weight\":0}","audit_id":"audit_1787265029834_bqe5"}
{"timestamp":"2026-08-20T22:30:29.898Z","action":"memory.add","actor":"daily-sync","target":"若兰","result":"success","detail":"{\"agent\":\"若兰\",\"type\":\"event\",\"structural_weight\":0}","audit_id":"audit_1787265029898_nfdi"}
{"timestamp":"2026-08-20T22:30:29.949Z","action":"memory.add","actor":"daily-sync","target":"若兰","result":"success","detail":"{\"agent\":\"若兰\",\"type\":\"event\",\"structural_weight\":0}","audit_id":"audit_1787265029949_s6np"}
{"timestamp":"2026-08-20T22:30:29.999Z","action":"memory.add","actor":"daily-sync","target":"若兰","result":"success","detail":"{\"agent\":\"若兰\",\"type\":\"event\",\"structural_weight\":0}","audit_id":"audit_1787265029999_6710"}
{"timestamp":"2026-08-20T22:30:30.053Z","action":"memory.get","actor":"若兰","target":"若兰","result":"success","detail":"{\"agent\":\"若兰\",\"count\":2150}","audit_id":"audit_1787265030053_japc"}
{"timestamp":"2026-08-20T22:30:30.110Z","action":"memory.add","actor":"daily-sync","target":"若兰","result":"success","detail":"{\"agent\":\"若兰\",\"type\":\"lesson\",\"structural_weight\":0.5}","audit_id":"audit_1787265030110_sv7u"}
{"timestamp":"2026-08-20T22:30:30.163Z","action":"memory.add","actor":"daily-sync","target":"若兰","result":"success","detail":"{\"agent\":\"若兰\",\"type\":\"lesson\",\"structural_weight\":0.5}","audit_id":"audit_1787265030163_llbi"}
{"timestamp":"2026-08-20T22:30:30.211Z","action":"memory.get","actor":"若兰","target":"若兰","result":"success","detail":"{\"agent\":\"若兰\",\"count\":2152}","audit_id":"audit_1787265030211_wenh"}
{"timestamp":"2026-08-21T11:04:44.866Z","action":"memory.add","actor":"若兰","target":"测试Agent","result":"success","detail":"{\"agent\":\"测试Agent\",\"confidence\":\"medium\",\"structural_weight\":0}","audit_id":"audit_1787310284866_oz0j"}
{"timestamp":"2026-08-21T11:04:44.874Z","action":"memory.get","actor":"若兰","target":"测试Agent","result":"success","detail":"{\"agent\":\"测试Agent\",\"count\":1}","audit_id":"audit_1787310284874_4xxa"}
{"timestamp":"2026-08-21T11:04:44.884Z","action":"memory.add","actor":"若兰","target":"测试Agent","result":"success","detail":"{\"agent\":\"测试Agent\",\"structural_weight\":0.8}","audit_id":"audit_1787310284884_y5cy"}
{"timestamp":"2026-08-21T11:04:44.896Z","action":"memory.get","actor":"若兰","target":"测试Agent","result":"success","detail":"{\"agent\":\"测试Agent\",\"count\":2}","audit_id":"audit_1787310284896_zitj"}
{"timestamp":"2026-08-21T11:04:44.910Z","action":"memory.add","actor":"若兰","target":"测试Agent","result":"success","detail":"{\"agent\":\"测试Agent\",\"structural_weight\":0}","audit_id":"audit_1787310284910_7i6p"}
{"timestamp":"2026-08-21T11:04:44.924Z","action":"memory.get","actor":"若兰","target":"测试Agent","result":"success","detail":"{\"agent\":\"测试Agent\",\"count\":3}","audit_id":"audit_1787310284924_r34k"}
{"timestamp":"2026-08-21T11:04:44.936Z","action":"memory.get","actor":"若兰","target":"测试Agent","result":"success","detail":"{\"agent\":\"测试Agent\",\"count\":3}","audit_id":"audit_1787310284936_iip5"}
{"timestamp":"2026-08-21T11:04:44.941Z","action":"memory.query","actor":"若兰","target":"测试Agent","result":"success","detail":"{\"agent\":\"测试Agent\",\"count\":3}","audit_id":"audit_1787310284941_iilj"}
{"timestamp":"2026-08-21T11:04:44.954Z","action":"memory.get","actor":"若兰","target":"test_agent","result":"success","detail":"{\"agent\":\"test_agent\",\"count\":45}","audit_id":"audit_1787310284954_6k7i"}
{"timestamp":"2026-08-21T11:04:44.962Z","action":"memory.get","actor":"若兰","target":"回归Agent","result":"success","detail":"{\"agent\":\"回归Agent\",\"count\":0}","audit_id":"audit_1787310284962_h80k"}
{"timestamp":"2026-08-21T11:04:44.969Z","action":"memory.get","actor":"若兰","target":"测试Agent","result":"success","detail":"{\"agent\":\"测试Agent\",\"count\":3}","audit_id":"audit_1787310284969_crg9"}
{"timestamp":"2026-08-21T11:04:45.046Z","action":"memory.get","actor":"若兰","target":"若兰","result":"success","detail":"{\"agent\":\"若兰\",\"count\":2152}","audit_id":"audit_1787310285047_c85d"}
{"timestamp":"2026-08-21T11:04:45.052Z","action":"memory.query","actor":"若兰","target":"","result":"success","detail":"{\"count\":2}","audit_id":"audit_1787310285052_kuv6"}
{"timestamp":"2026-08-21T11:04:45.064Z","action":"memory.get","actor":"若兰","target":"test_agent","result":"success","detail":"{\"agent\":\"test_agent\",\"count\":45}","audit_id":"audit_1787310285064_1npy"}
{"timestamp":"2026-08-21T11:04:45.078Z","action":"memory.get","actor":"若兰","target":"回归Agent","result":"success","detail":"{\"agent\":\"回归Agent\",\"count\":0}","audit_id":"audit_1787310285078_ubx6"}
{"timestamp":"2026-08-21T11:04:45.090Z","action":"memory.get","actor":"若兰","target":"测试Agent","result":"success","detail":"{\"agent\":\"测试Agent\",\"count\":3}","audit_id":"audit_1787310285090_9l8s"}
{"timestamp":"2026-08-21T11:04:45.174Z","action":"memory.get","actor":"若兰","target":"若兰","result":"success","detail":"{\"agent\":\"若兰\",\"count\":2152}","audit_id":"audit_1787310285174_4pvh"}
{"timestamp":"2026-08-21T11:04:45.199Z","action":"memory.query","actor":"若兰","target":"","result":"success","detail":"{\"count\":3}","audit_id":"audit_1787310285199_v0ii"}
{"timestamp":"2026-08-21T11:04:45.284Z","action":"memory.feedback","actor":"若兰","target":"","result":"success","detail":"{\"targetId\":\"test_1787310284859\",\"type\":\"correction\"}","audit_id":"audit_1787310285284_uwn6"}
{"timestamp":"2026-08-21T11:04:45.317Z","action":"memory.delete","actor":"若兰","target":"","result":"success","detail":"{\"id\":\"test_1787310284859\"}","audit_id":"audit_1787310285317_iro9"}
{"timestamp":"2026-08-21T11:04:45.340Z","action":"memory.get","actor":"若兰","target":"测试Agent","result":"success","detail":"{\"agent\":\"测试Agent\",\"count\":2}","audit_id":"audit_1787310285340_gbih"}
{"timestamp":"2026-08-21T11:04:45.361Z","action":"memory.add","actor":"test","target":"回归Agent","result":"success","detail":"{\"agent\":\"回归Agent\",\"type\":\"event\",\"structural_weight\":0}","audit_id":"audit_1787310285361_dhsc"}
{"timestamp":"2026-08-21T11:04:45.375Z","action":"memory.add","actor":"test","target":"回归Agent","result":"success","detail":"{\"agent\":\"回归Agent\",\"type\":\"event\",\"structural_weight\":0}","audit_id":"audit_1787310285375_syhk"}
{"timestamp":"2026-08-21T11:04:45.410Z","action":"memory.add","actor":"test","target":"回归Agent","result":"success","detail":"{\"agent\":\"回归Agent\",\"type\":\"event\",\"structural_weight\":0}","audit_id":"audit_1787310285410_1s2n"}
{"timestamp":"2026-08-21T11:04:45.422Z","action":"memory.get","actor":"若兰","target":"回归Agent","result":"success","detail":"{\"agent\":\"回归Agent\",\"count\":3}","audit_id":"audit_1787310285422_uztp"}
{"timestamp":"2026-08-21T11:04:45.436Z","action":"memory.feedback","actor":"若兰","target":"","result":"success","detail":"{\"targetId\":\"mem_mt2ueafw_twqy\",\"type\":\"correction\"}","audit_id":"audit_1787310285436_y3wn"}
{"timestamp":"2026-08-21T11:04:45.451Z","action":"memory.get","actor":"若兰","target":"回归Agent","result":"success","detail":"{\"agent\":\"回归Agent\",\"count\":3}","audit_id":"audit_1787310285451_f9c9"}
{"timestamp":"2026-08-21T11:04:45.486Z","action":"memory.delete","actor":"若兰","target":"","result":"success","detail":"{\"id\":\"mem_mt2ueafw_twqy\"}","audit_id":"audit_1787310285486_g15e"}
{"timestamp":"2026-08-21T11:04:45.518Z","action":"memory.delete","actor":"若兰","target":"","result":"success","detail":"{\"id\":\"mem_mt2ueaev_k70m\"}","audit_id":"audit_1787310285518_o97p"}
{"timestamp":"2026-08-21T11:04:45.543Z","action":"memory.delete","actor":"若兰","target":"","result":"success","detail":"{\"id\":\"mem_mt2ueaeg_k2eu\"}","audit_id":"audit_1787310285543_s514"}
{"timestamp":"2026-08-21T11:04:45.558Z","action":"memory.add","actor":"test","target":"回归Agent","result":"success","detail":"{\"agent\":\"回归Agent\",\"type\":\"lesson\",\"structural_weight\":0}","audit_id":"audit_1787310285558_dljf"}
{"timestamp":"2026-08-21T11:04:45.585Z","action":"memory.get","actor":"若兰","target":"回归Agent","result":"success","detail":"{\"agent\":\"回归Agent\",\"count\":1}","audit_id":"audit_1787310285585_grn2"}
{"timestamp":"2026-08-21T11:04:45.591Z","action":"memory.query","actor":"若兰","target":"回归Agent","result":"success","detail":"{\"agent\":\"回归Agent\",\"tags\":[\"碳硅契\"],\"count\":1}","audit_id":"audit_1787310285591_munl"}
{"timestamp":"2026-08-21T11:04:45.604Z","action":"memory.get","actor":"若兰","target":"回归Agent","result":"success","detail":"{\"agent\":\"回归Agent\",\"count\":1}","audit_id":"audit_1787310285604_i5pf"}
{"timestamp":"2026-08-21T11:04:45.609Z","action":"memory.query","actor":"若兰","target":"回归Agent","result":"success","detail":"{\"agent\":\"回归Agent\",\"count\":0}","audit_id":"audit_1787310285609_ozlh"}
{"timestamp":"2026-08-21T11:04:45.641Z","action":"memory.delete","actor":"若兰","target":"","result":"success","detail":"{\"id\":\"mem_mt2ueajy_kalj\"}","audit_id":"audit_1787310285641_josi"}
{"timestamp":"2026-08-21T11:04:45.669Z","action":"memory.delete","actor":"若兰","target":"","result":"success","detail":"{\"id\":\"test_identity_1787310284878\"}","audit_id":"audit_1787310285669_oxoe"}
{"timestamp":"2026-08-21T11:04:45.693Z","action":"memory.delete","actor":"若兰","target":"","result":"success","detail":"{\"id\":\"test_provenance_1787310284900\"}","audit_id":"audit_1787310285693_e2bu"}
{"timestamp":"2026-08-21T11:04:45.708Z","action":"memory.add","actor":"test","target":"回归Agent","result":"success","detail":"{\"agent\":\"回归Agent\",\"type\":\"event\",\"structural_weight\":0}","audit_id":"audit_1787310285708_n7iq"}
{"timestamp":"2026-08-21T11:04:45.734Z","action":"memory.delete","actor":"若兰","target":"","result":"success","detail":"{\"id\":\"mem_mt2ueao4_yo9j\"}","audit_id":"audit_1787310285734_d07y"}
{"timestamp":"2026-08-21T11:04:45.745Z","action":"memory.get","actor":"若兰","target":"回归Agent","result":"success","detail":"{\"agent\":\"回归Agent\",\"count\":0}","audit_id":"audit_1787310285745_ktf0"}
{"timestamp":"2026-08-21T11:04:47.801Z","action":"memory.add","actor":"distill","target":"若兰","result":"success","detail":"{\"agent\":\"若兰\",\"type\":\"lesson\",\"structural_weight\":0}","audit_id":"audit_1787310287801_trzy"}
{"timestamp":"2026-08-21T11:04:47.886Z","action":"memory.get","actor":"若兰","target":"若兰","result":"success","detail":"{\"agent\":\"若兰\",\"count\":2153}","audit_id":"audit_1787310287886_hcw1"}
{"timestamp":"2026-08-21T11:04:47.970Z","action":"memory.get","actor":"若兰","target":"若兰","result":"success","detail":"{\"agent\":\"若兰\",\"count\":2153}","audit_id":"audit_1787310287970_ewjt"}
{"timestamp":"2026-08-21T11:04:48.088Z","action":"memory.delete","actor":"若兰","target":"","result":"success","detail":"{\"id\":\"mem_mt2uec92_a6b3\"}","audit_id":"audit_1787310288088_ur1n"}
{"timestamp":"2026-08-21T15:30:30.807Z","action":"memory.get","actor":"若兰","target":"若兰","result":"success","detail":"{\"agent\":\"若兰\",\"count\":2152}","audit_id":"audit_1787326230807_6cyl"}
{"timestamp":"2026-08-21T15:30:30.922Z","action":"memory.get","actor":"若兰","target":"若兰","result":"success","detail":"{\"agent\":\"若兰\",\"count\":2152}","audit_id":"audit_1787326230922_vcyt"}
{"timestamp":"2026-08-21T15:30:30.965Z","action":"memory.get","actor":"若兰","target":"若兰","result":"success","detail":"{\"agent\":\"若兰\",\"count\":2152}","audit_id":"audit_1787326230965_pklx"}
{"timestamp":"2026-08-21T15:30:37.030Z","action":"memory.get","actor":"若兰","target":"若兰","result":"success","detail":"{\"agent\":\"若兰\",\"count\":2152}","audit_id":"audit_1787326237030_7t3o"}
{"timestamp":"2026-08-21T15:30:37.150Z","action":"memory.get","actor":"若兰","target":"若兰","result":"success","detail":"{\"agent\":\"若兰\",\"count\":2152}","audit_id":"audit_1787326237150_ev4h"}
{"timestamp":"2026-08-21T15:30:37.196Z","action":"memory.get","actor":"若兰","target":"若兰","result":"success","detail":"{\"agent\":\"若兰\",\"count\":2152}","audit_id":"audit_1787326237197_q5hi"}
{"timestamp":"2026-08-21T15:31:12.295Z","action":"memory.get","actor":"若兰","target":"若兰","result":"success","detail":"{\"agent\":\"若兰\",\"count\":2152}","audit_id":"audit_1787326272295_7eic"}
{"timestamp":"2026-08-21T15:31:20.106Z","action":"memory.get","actor":"若兰","target":"若兰","result":"success","detail":"{\"agent\":\"若兰\",\"count\":2152}","audit_id":"audit_1787326280106_t877"}
{"timestamp":"2026-08-21T15:31:47.917Z","action":"memory.get","actor":"若兰","target":"若兰","result":"success","detail":"{\"agent\":\"若兰\",\"count\":2152}","audit_id":"audit_1787326307917_ej1r"}
{"timestamp":"2026-08-21T15:31:48.028Z","action":"memory.get","actor":"若兰","target":"若兰","result":"success","detail":"{\"agent\":\"若兰\",\"count\":2152}","audit_id":"audit_1787326308028_46cs"}
{"timestamp":"2026-08-21T15:31:48.085Z","action":"memory.get","actor":"若兰","target":"若兰","result":"success","detail":"{\"agent\":\"若兰\",\"count\":2152}","audit_id":"audit_1787326308085_7szg"}
{"timestamp":"2026-08-21T15:31:48.120Z","action":"memory.add","actor":"daily-sync","target":"若兰","result":"success","detail":"{\"agent\":\"若兰\",\"type\":\"community\",\"structural_weight\":0.4}","audit_id":"audit_1787326308120_odtt"}
{"timestamp":"2026-08-21T15:31:48.168Z","action":"memory.get","actor":"若兰","target":"若兰","result":"success","detail":"{\"agent\":\"若兰\",\"count\":2153}","audit_id":"audit_1787326308168_x3c0"}
{"timestamp":"2026-08-21T15:31:53.668Z","action":"memory.add","actor":"若兰","target":"测试Agent","result":"success","detail":"{\"agent\":\"测试Agent\",\"confidence\":\"medium\",\"structural_weight\":0}","audit_id":"audit_1787326313668_bai1"}
{"timestamp":"2026-08-21T15:31:53.682Z","action":"memory.get","actor":"若兰","target":"测试Agent","result":"success","detail":"{\"agent\":\"测试Agent\",\"count\":1}","audit_id":"audit_1787326313682_z33f"}
{"timestamp":"2026-08-21T15:31:53.694Z","action":"memory.add","actor":"若兰","target":"测试Agent","result":"success","detail":"{\"agent\":\"测试Agent\",\"structural_weight\":0.8}","audit_id":"audit_1787326313694_32kx"}
{"timestamp":"2026-08-21T15:31:53.706Z","action":"memory.get","actor":"若兰","target":"测试Agent","result":"success","detail":"{\"agent\":\"测试Agent\",\"count\":2}","audit_id":"audit_1787326313706_cfa0"}
{"timestamp":"2026-08-21T15:31:53.715Z","action":"memory.add","actor":"若兰","target":"测试Agent","result":"success","detail":"{\"agent\":\"测试Agent\",\"structural_weight\":0}","audit_id":"audit_1787326313715_uywn"}
{"timestamp":"2026-08-21T15:31:53.724Z","action":"memory.get","actor":"若兰","target":"测试Agent","result":"success","detail":"{\"agent\":\"测试Agent\",\"count\":3}","audit_id":"audit_1787326313724_jb0v"}
{"timestamp":"2026-08-21T15:31:53.737Z","action":"memory.get","actor":"若兰","target":"测试Agent","result":"success","detail":"{\"agent\":\"测试Agent\",\"count\":3}","audit_id":"audit_1787326313737_ixml"}
{"timestamp":"2026-08-21T15:31:53.740Z","action":"memory.query","actor":"若兰","target":"测试Agent","result":"success","detail":"{\"agent\":\"测试Agent\",\"count\":3}","audit_id":"audit_1787326313740_uqfe"}
{"timestamp":"2026-08-21T15:31:53.749Z","action":"memory.get","actor":"若兰","target":"test_agent","result":"success","detail":"{\"agent\":\"test_agent\",\"count\":45}","audit_id":"audit_1787326313749_yfyz"}
{"timestamp":"2026-08-21T15:31:53.759Z","action":"memory.get","actor":"若兰","target":"回归Agent","result":"success","detail":"{\"agent\":\"回归Agent\",\"count\":0}","audit_id":"audit_1787326313759_13ys"}
{"timestamp":"2026-08-21T15:31:53.765Z","action":"memory.get","actor":"若兰","target":"测试Agent","result":"success","detail":"{\"agent\":\"测试Agent\",\"count\":3}","audit_id":"audit_1787326313765_jq4t"}
{"timestamp":"2026-08-21T15:31:53.818Z","action":"memory.get","actor":"若兰","target":"若兰","result":"success","detail":"{\"agent\":\"若兰\",\"count\":2153}","audit_id":"audit_1787326313818_zret"}
{"timestamp":"2026-08-21T15:31:53.822Z","action":"memory.query","actor":"若兰","target":"","result":"success","detail":"{\"count\":2}","audit_id":"audit_1787326313822_tbui"}
{"timestamp":"2026-08-21T15:31:53.835Z","action":"memory.get","actor":"若兰","target":"test_agent","result":"success","detail":"{\"agent\":\"test_agent\",\"count\":45}","audit_id":"audit_1787326313835_68ks"}
{"timestamp":"2026-08-21T15:31:53.842Z","action":"memory.get","actor":"若兰","target":"回归Agent","result":"success","detail":"{\"agent\":\"回归Agent\",\"count\":0}","audit_id":"audit_1787326313842_dwyb"}
{"timestamp":"2026-08-21T15:31:53.849Z","action":"memory.get","actor":"若兰","target":"测试Agent","result":"success","detail":"{\"agent\":\"测试Agent\",\"count\":3}","audit_id":"audit_1787326313849_5omd"}
{"timestamp":"2026-08-21T15:31:53.898Z","action":"memory.get","actor":"若兰","target":"若兰","result":"success","detail":"{\"agent\":\"若兰\",\"count\":2153}","audit_id":"audit_1787326313898_95u8"}
{"timestamp":"2026-08-21T15:31:53.908Z","action":"memory.query","actor":"若兰","target":"","result":"success","detail":"{\"count\":3}","audit_id":"audit_1787326313908_rzfh"}
{"timestamp":"2026-08-21T15:31:53.922Z","action":"memory.feedback","actor":"若兰","target":"","result":"success","detail":"{\"targetId\":\"test_1787326313664\",\"type\":\"correction\"}","audit_id":"audit_1787326313922_ojyp"}
{"timestamp":"2026-08-21T15:31:53.940Z","action":"memory.delete","actor":"若兰","target":"","result":"success","detail":"{\"id\":\"test_1787326313664\"}","audit_id":"audit_1787326313940_b486"}
{"timestamp":"2026-08-21T15:31:53.945Z","action":"memory.get","actor":"若兰","target":"测试Agent","result":"success","detail":"{\"agent\":\"测试Agent\",\"count\":2}","audit_id":"audit_1787326313945_2z62"}
{"timestamp":"2026-08-21T15:31:53.956Z","action":"memory.add","actor":"test","target":"回归Agent","result":"success","detail":"{\"agent\":\"回归Agent\",\"type\":\"event\",\"structural_weight\":0}","audit_id":"audit_1787326313956_pb61"}
{"timestamp":"2026-08-21T15:31:53.963Z","action":"memory.add","actor":"test","target":"回归Agent","result":"success","detail":"{\"agent\":\"回归Agent\",\"type\":\"event\",\"structural_weight\":0}","audit_id":"audit_1787326313963_lkor"}
{"timestamp":"2026-08-21T15:31:53.971Z","action":"memory.add","actor":"test","target":"回归Agent","result":"success","detail":"{\"agent\":\"回归Agent\",\"type\":\"event\",\"structural_weight\":0}","audit_id":"audit_1787326313971_am7f"}
{"timestamp":"2026-08-21T15:31:53.976Z","action":"memory.get","actor":"若兰","target":"回归Agent","result":"success","detail":"{\"agent\":\"回归Agent\",\"count\":3}","audit_id":"audit_1787326313976_4pqz"}
{"timestamp":"2026-08-21T15:31:53.990Z","action":"memory.feedback","actor":"若兰","target":"","result":"success","detail":"{\"targetId\":\"mem_mt33xu5r_j401\",\"type\":\"correction\"}","audit_id":"audit_1787326313990_am7o"}
{"timestamp":"2026-08-21T15:31:53.998Z","action":"memory.get","actor":"若兰","target":"回归Agent","result":"success","detail":"{\"agent\":\"回归Agent\",\"count\":3}","audit_id":"audit_1787326313998_v6nv"}
{"timestamp":"2026-08-21T15:31:54.010Z","action":"memory.delete","actor":"若兰","target":"","result":"success","detail":"{\"id\":\"mem_mt33xu5r_j401\"}","audit_id":"audit_1787326314010_cezz"}
{"timestamp":"2026-08-21T15:31:54.029Z","action":"memory.delete","actor":"若兰","target":"","result":"success","detail":"{\"id\":\"mem_mt33xu5j_87cd\"}","audit_id":"audit_1787326314029_t3z3"}
{"timestamp":"2026-08-21T15:31:54.041Z","action":"memory.delete","actor":"若兰","target":"","result":"success","detail":"{\"id\":\"mem_mt33xu59_njd3\"}","audit_id":"audit_1787326314041_5j0i"}
{"timestamp":"2026-08-21T15:31:54.051Z","action":"memory.add","actor":"test","target":"回归Agent","result":"success","detail":"{\"agent\":\"回归Agent\",\"type\":\"lesson\",\"structural_weight\":0}","audit_id":"audit_1787326314051_ot3z"}
{"timestamp":"2026-08-21T15:31:54.057Z","action":"memory.get","actor":"若兰","target":"回归Agent","result":"success","detail":"{\"agent\":\"回归Agent\",\"count\":1}","audit_id":"audit_1787326314057_6qci"}
{"timestamp":"2026-08-21T15:31:54.061Z","action":"memory.query","actor":"若兰","target":"回归Agent","result":"success","detail":"{\"agent\":\"回归Agent\",\"tags\":[\"碳硅契\"],\"count\":1}","audit_id":"audit_1787326314061_sqa9"}
{"timestamp":"2026-08-21T15:31:54.066Z","action":"memory.get","actor":"若兰","target":"回归Agent","result":"success","detail":"{\"agent\":\"回归Agent\",\"count\":1}","audit_id":"audit_1787326314066_109q"}
{"timestamp":"2026-08-21T15:31:54.069Z","action":"memory.query","actor":"若兰","target":"回归Agent","result":"success","detail":"{\"agent\":\"回归Agent\",\"count\":0}","audit_id":"audit_1787326314069_0t2u"}
{"timestamp":"2026-08-21T15:31:54.083Z","action":"memory.delete","actor":"若兰","target":"","result":"success","detail":"{\"id\":\"mem_mt33xu7y_ocgv\"}","audit_id":"audit_1787326314083_mfzq"}
{"timestamp":"2026-08-21T15:31:54.096Z","action":"memory.delete","actor":"若兰","target":"","result":"success","detail":"{\"id\":\"test_identity_1787326313685\"}","audit_id":"audit_1787326314096_hzyc"}
{"timestamp":"2026-08-21T15:31:54.111Z","action":"memory.delete","actor":"若兰","target":"","result":"success","detail":"{\"id\":\"test_provenance_1787326313710\"}","audit_id":"audit_1787326314111_uyme"}
{"timestamp":"2026-08-21T15:31:54.118Z","action":"memory.add","actor":"test","target":"回归Agent","result":"success","detail":"{\"agent\":\"回归Agent\",\"type\":\"event\",\"structural_weight\":0}","audit_id":"audit_1787326314118_666z"}
{"timestamp":"2026-08-21T15:31:54.132Z","action":"memory.delete","actor":"若兰","target":"","result":"success","detail":"{\"id\":\"mem_mt33xu9u_ptof\"}","audit_id":"audit_1787326314132_c7h0"}
{"timestamp":"2026-08-21T15:31:54.141Z","action":"memory.get","actor":"若兰","target":"回归Agent","result":"success","detail":"{\"agent\":\"回归Agent\",\"count\":0}","audit_id":"audit_1787326314141_h52q"}
{"timestamp":"2026-08-21T15:31:54.544Z","action":"memory.add","actor":"distill","target":"若兰","result":"success","detail":"{\"agent\":\"若兰\",\"type\":\"lesson\",\"structural_weight\":0}","audit_id":"audit_1787326314544_qa57"}
{"timestamp":"2026-08-21T15:31:54.600Z","action":"memory.get","actor":"若兰","target":"若兰","result":"success","detail":"{\"agent\":\"若兰\",\"count\":2154}","audit_id":"audit_1787326314600_4rim"}
{"timestamp":"2026-08-21T15:31:55.231Z","action":"memory.get","actor":"若兰","target":"若兰","result":"success","detail":"{\"agent\":\"若兰\",\"count\":2154}","audit_id":"audit_1787326315231_yioz"}
{"timestamp":"2026-08-21T15:31:55.299Z","action":"memory.delete","actor":"若兰","target":"","result":"success","detail":"{\"id\":\"mem_mt33xul1_c5ci\"}","audit_id":"audit_1787326315299_edvq"}
