{"timestamp":"2026-08-26T16:35:05.314Z","action":"memory.get","actor":"若兰","target":"若兰","result":"success","detail":"{\"agent\":\"若兰\",\"count\":2568}","audit_id":"audit_1787762105314_dlez"}
{"timestamp":"2026-08-26T16:35:05.359Z","action":"memory.get","actor":"若兰","target":"若兰","result":"success","detail":"{\"agent\":\"若兰\",\"count\":2568}","audit_id":"audit_1787762105359_kqcg"}
{"timestamp":"2026-08-26T16:35:05.462Z","action":"memory.get","actor":"若兰","target":"若兰","result":"success","detail":"{\"agent\":\"若兰\",\"count\":2568}","audit_id":"audit_1787762105462_qt1k"}
{"timestamp":"2026-08-27T15:30:34.315Z","action":"memory.get","actor":"若兰","target":"若兰","result":"success","detail":"{\"agent\":\"若兰\",\"count\":2568}","audit_id":"audit_1787844634315_qqwk"}
{"timestamp":"2026-08-27T15:30:34.366Z","action":"memory.add","actor":"daily-sync","target":"若兰","result":"success","detail":"{\"agent\":\"若兰\",\"type\":\"event\",\"structural_weight\":0}","audit_id":"audit_1787844634366_ux6z"}
{"timestamp":"2026-08-27T15:30:34.408Z","action":"memory.add","actor":"daily-sync","target":"若兰","result":"success","detail":"{\"agent\":\"若兰\",\"type\":\"event\",\"structural_weight\":0}","audit_id":"audit_1787844634408_ctbo"}
{"timestamp":"2026-08-27T15:30:34.483Z","action":"memory.add","actor":"daily-sync","target":"若兰","result":"success","detail":"{\"agent\":\"若兰\",\"type\":\"event\",\"structural_weight\":0}","audit_id":"audit_1787844634483_tndq"}
{"timestamp":"2026-08-27T15:30:34.542Z","action":"memory.add","actor":"daily-sync","target":"若兰","result":"success","detail":"{\"agent\":\"若兰\",\"type\":\"event\",\"structural_weight\":0}","audit_id":"audit_1787844634543_vkns"}
{"timestamp":"2026-08-27T15:30:34.580Z","action":"memory.add","actor":"daily-sync","target":"若兰","result":"success","detail":"{\"agent\":\"若兰\",\"type\":\"fix\",\"structural_weight\":0}","audit_id":"audit_1787844634580_jzrm"}
{"timestamp":"2026-08-27T15:30:34.607Z","action":"memory.add","actor":"daily-sync","target":"若兰","result":"success","detail":"{\"agent\":\"若兰\",\"type\":\"event\",\"structural_weight\":0}","audit_id":"audit_1787844634607_0eol"}
{"timestamp":"2026-08-27T15:30:34.640Z","action":"memory.add","actor":"daily-sync","target":"若兰","result":"success","detail":"{\"agent\":\"若兰\",\"type\":\"event\",\"structural_weight\":0}","audit_id":"audit_1787844634640_eww3"}
{"timestamp":"2026-08-27T15:30:34.687Z","action":"memory.add","actor":"daily-sync","target":"若兰","result":"success","detail":"{\"agent\":\"若兰\",\"type\":\"milestone\",\"structural_weight\":0.6}","audit_id":"audit_1787844634687_sitb"}
{"timestamp":"2026-08-27T15:30:34.727Z","action":"memory.add","actor":"daily-sync","target":"若兰","result":"success","detail":"{\"agent\":\"若兰\",\"type\":\"event\",\"structural_weight\":0}","audit_id":"audit_1787844634727_s3yh"}
{"timestamp":"2026-08-27T15:30:34.764Z","action":"memory.add","actor":"daily-sync","target":"若兰","result":"success","detail":"{\"agent\":\"若兰\",\"type\":\"fix\",\"structural_weight\":0}","audit_id":"audit_1787844634764_j1jx"}
{"timestamp":"2026-08-27T15:30:34.799Z","action":"memory.add","actor":"daily-sync","target":"若兰","result":"success","detail":"{\"agent\":\"若兰\",\"type\":\"event\",\"structural_weight\":0}","audit_id":"audit_1787844634799_uifm"}
{"timestamp":"2026-08-27T15:30:34.885Z","action":"memory.add","actor":"daily-sync","target":"若兰","result":"success","detail":"{\"agent\":\"若兰\",\"type\":\"event\",\"structural_weight\":0}","audit_id":"audit_1787844634885_hihc"}
{"timestamp":"2026-08-27T15:30:34.921Z","action":"memory.add","actor":"daily-sync","target":"若兰","result":"success","detail":"{\"agent\":\"若兰\",\"type\":\"decision\",\"structural_weight\":0.6}","audit_id":"audit_1787844634921_i67n"}
{"timestamp":"2026-08-27T15:30:34.965Z","action":"memory.add","actor":"daily-sync","target":"若兰","result":"success","detail":"{\"agent\":\"若兰\",\"type\":\"event\",\"structural_weight\":0}","audit_id":"audit_1787844634965_389d"}
{"timestamp":"2026-08-27T15:30:35.035Z","action":"memory.add","actor":"daily-sync","target":"若兰","result":"success","detail":"{\"agent\":\"若兰\",\"type\":\"event\",\"structural_weight\":0}","audit_id":"audit_1787844635035_yar7"}
{"timestamp":"2026-08-27T15:30:35.110Z","action":"memory.add","actor":"daily-sync","target":"若兰","result":"success","detail":"{\"agent\":\"若兰\",\"type\":\"event\",\"structural_weight\":0}","audit_id":"audit_1787844635110_ym0y"}
{"timestamp":"2026-08-27T15:30:35.165Z","action":"memory.add","actor":"daily-sync","target":"若兰","result":"success","detail":"{\"agent\":\"若兰\",\"type\":\"event\",\"structural_weight\":0}","audit_id":"audit_1787844635165_22ss"}
{"timestamp":"2026-08-27T15:30:35.215Z","action":"memory.add","actor":"daily-sync","target":"若兰","result":"success","detail":"{\"agent\":\"若兰\",\"type\":\"event\",\"structural_weight\":0}","audit_id":"audit_1787844635215_65zy"}
{"timestamp":"2026-08-27T15:30:35.278Z","action":"memory.add","actor":"daily-sync","target":"若兰","result":"success","detail":"{\"agent\":\"若兰\",\"type\":\"discovery\",\"structural_weight\":0}","audit_id":"audit_1787844635278_nc9b"}
{"timestamp":"2026-08-27T15:30:35.369Z","action":"memory.add","actor":"daily-sync","target":"若兰","result":"success","detail":"{\"agent\":\"若兰\",\"type\":\"event\",\"structural_weight\":0}","audit_id":"audit_1787844635369_w3ng"}
{"timestamp":"2026-08-27T15:30:35.419Z","action":"memory.add","actor":"daily-sync","target":"若兰","result":"success","detail":"{\"agent\":\"若兰\",\"type\":\"fix\",\"structural_weight\":0}","audit_id":"audit_1787844635419_5u31"}
{"timestamp":"2026-08-27T15:30:36.099Z","action":"memory.add","actor":"daily-sync","target":"若兰","result":"success","detail":"{\"agent\":\"若兰\",\"type\":\"milestone\",\"structural_weight\":0.6}","audit_id":"audit_1787844636099_qn4f"}
{"timestamp":"2026-08-27T15:30:36.145Z","action":"memory.add","actor":"daily-sync","target":"若兰","result":"success","detail":"{\"agent\":\"若兰\",\"type\":\"lesson\",\"structural_weight\":0}","audit_id":"audit_1787844636146_tg2s"}
{"timestamp":"2026-08-27T15:30:36.183Z","action":"memory.add","actor":"daily-sync","target":"若兰","result":"success","detail":"{\"agent\":\"若兰\",\"type\":\"event\",\"structural_weight\":0}","audit_id":"audit_1787844636183_wv42"}
{"timestamp":"2026-08-27T15:30:36.217Z","action":"memory.add","actor":"daily-sync","target":"若兰","result":"success","detail":"{\"agent\":\"若兰\",\"type\":\"event\",\"structural_weight\":0}","audit_id":"audit_1787844636217_jq9o"}
{"timestamp":"2026-08-27T15:30:36.245Z","action":"memory.add","actor":"daily-sync","target":"若兰","result":"success","detail":"{\"agent\":\"若兰\",\"type\":\"event\",\"structural_weight\":0}","audit_id":"audit_1787844636245_mmrj"}
{"timestamp":"2026-08-27T15:30:36.279Z","action":"memory.add","actor":"daily-sync","target":"若兰","result":"success","detail":"{\"agent\":\"若兰\",\"type\":\"event\",\"structural_weight\":0}","audit_id":"audit_1787844636279_jdiu"}
{"timestamp":"2026-08-27T15:30:36.306Z","action":"memory.add","actor":"daily-sync","target":"若兰","result":"success","detail":"{\"agent\":\"若兰\",\"type\":\"fix\",\"structural_weight\":0}","audit_id":"audit_1787844636306_d368"}
{"timestamp":"2026-08-27T15:30:36.360Z","action":"memory.add","actor":"daily-sync","target":"若兰","result":"success","detail":"{\"agent\":\"若兰\",\"type\":\"event\",\"structural_weight\":0}","audit_id":"audit_1787844636360_n4zb"}
{"timestamp":"2026-08-27T15:30:36.393Z","action":"memory.add","actor":"daily-sync","target":"若兰","result":"success","detail":"{\"agent\":\"若兰\",\"type\":\"event\",\"structural_weight\":0}","audit_id":"audit_1787844636393_yli9"}
{"timestamp":"2026-08-27T15:30:36.426Z","action":"memory.add","actor":"daily-sync","target":"若兰","result":"success","detail":"{\"agent\":\"若兰\",\"type\":\"milestone\",\"structural_weight\":0.6}","audit_id":"audit_1787844636426_7pm8"}
{"timestamp":"2026-08-27T15:30:36.460Z","action":"memory.add","actor":"daily-sync","target":"若兰","result":"success","detail":"{\"agent\":\"若兰\",\"type\":\"event\",\"structural_weight\":0}","audit_id":"audit_1787844636460_7uw6"}
{"timestamp":"2026-08-27T15:30:36.490Z","action":"memory.add","actor":"daily-sync","target":"若兰","result":"success","detail":"{\"agent\":\"若兰\",\"type\":\"fix\",\"structural_weight\":0}","audit_id":"audit_1787844636490_2k0l"}
{"timestamp":"2026-08-27T15:30:36.525Z","action":"memory.add","actor":"daily-sync","target":"若兰","result":"success","detail":"{\"agent\":\"若兰\",\"type\":\"event\",\"structural_weight\":0}","audit_id":"audit_1787844636525_x6f3"}
{"timestamp":"2026-08-27T15:30:36.588Z","action":"memory.add","actor":"daily-sync","target":"若兰","result":"success","detail":"{\"agent\":\"若兰\",\"type\":\"event\",\"structural_weight\":0}","audit_id":"audit_1787844636588_exzs"}
{"timestamp":"2026-08-27T15:30:36.644Z","action":"memory.add","actor":"daily-sync","target":"若兰","result":"success","detail":"{\"agent\":\"若兰\",\"type\":\"decision\",\"structural_weight\":0.6}","audit_id":"audit_1787844636644_nkx4"}
{"timestamp":"2026-08-27T15:30:36.703Z","action":"memory.add","actor":"daily-sync","target":"若兰","result":"success","detail":"{\"agent\":\"若兰\",\"type\":\"event\",\"structural_weight\":0}","audit_id":"audit_1787844636703_caff"}
{"timestamp":"2026-08-27T15:30:36.740Z","action":"memory.add","actor":"daily-sync","target":"若兰","result":"success","detail":"{\"agent\":\"若兰\",\"type\":\"event\",\"structural_weight\":0}","audit_id":"audit_1787844636740_qjjd"}
{"timestamp":"2026-08-27T15:30:36.787Z","action":"memory.add","actor":"daily-sync","target":"若兰","result":"success","detail":"{\"agent\":\"若兰\",\"type\":\"event\",\"structural_weight\":0}","audit_id":"audit_1787844636787_5xb2"}
{"timestamp":"2026-08-27T15:30:36.817Z","action":"memory.add","actor":"daily-sync","target":"若兰","result":"success","detail":"{\"agent\":\"若兰\",\"type\":\"event\",\"structural_weight\":0}","audit_id":"audit_1787844636817_1l82"}
{"timestamp":"2026-08-27T15:30:36.858Z","action":"memory.add","actor":"daily-sync","target":"若兰","result":"success","detail":"{\"agent\":\"若兰\",\"type\":\"event\",\"structural_weight\":0}","audit_id":"audit_1787844636858_26kv"}
{"timestamp":"2026-08-27T15:30:36.890Z","action":"memory.add","actor":"daily-sync","target":"若兰","result":"success","detail":"{\"agent\":\"若兰\",\"type\":\"discovery\",\"structural_weight\":0}","audit_id":"audit_1787844636890_0umn"}
{"timestamp":"2026-08-27T15:30:36.923Z","action":"memory.add","actor":"daily-sync","target":"若兰","result":"success","detail":"{\"agent\":\"若兰\",\"type\":\"event\",\"structural_weight\":0}","audit_id":"audit_1787844636923_a8ru"}
{"timestamp":"2026-08-27T15:30:36.952Z","action":"memory.add","actor":"daily-sync","target":"若兰","result":"success","detail":"{\"agent\":\"若兰\",\"type\":\"fix\",\"structural_weight\":0}","audit_id":"audit_1787844636952_7v9i"}
{"timestamp":"2026-08-27T15:30:36.983Z","action":"memory.add","actor":"daily-sync","target":"若兰","result":"success","detail":"{\"agent\":\"若兰\",\"type\":\"milestone\",\"structural_weight\":0.6}","audit_id":"audit_1787844636983_ze02"}
{"timestamp":"2026-08-27T15:30:37.014Z","action":"memory.add","actor":"daily-sync","target":"若兰","result":"success","detail":"{\"agent\":\"若兰\",\"type\":\"lesson\",\"structural_weight\":0}","audit_id":"audit_1787844637014_9qn4"}
{"timestamp":"2026-08-27T15:30:37.043Z","action":"memory.add","actor":"daily-sync","target":"若兰","result":"success","detail":"{\"agent\":\"若兰\",\"type\":\"event\",\"structural_weight\":0}","audit_id":"audit_1787844637043_no73"}
{"timestamp":"2026-08-27T15:30:37.074Z","action":"memory.add","actor":"daily-sync","target":"若兰","result":"success","detail":"{\"agent\":\"若兰\",\"type\":\"event\",\"structural_weight\":0}","audit_id":"audit_1787844637074_gwv3"}
{"timestamp":"2026-08-27T15:30:37.124Z","action":"memory.add","actor":"daily-sync","target":"若兰","result":"success","detail":"{\"agent\":\"若兰\",\"type\":\"event\",\"structural_weight\":0}","audit_id":"audit_1787844637124_z7ee"}
{"timestamp":"2026-08-27T15:30:38.086Z","action":"memory.add","actor":"daily-sync","target":"若兰","result":"success","detail":"{\"agent\":\"若兰\",\"type\":\"event\",\"structural_weight\":0}","audit_id":"audit_1787844638086_hnbk"}
{"timestamp":"2026-08-27T15:30:38.117Z","action":"memory.add","actor":"daily-sync","target":"若兰","result":"success","detail":"{\"agent\":\"若兰\",\"type\":\"event\",\"structural_weight\":0}","audit_id":"audit_1787844638117_d19e"}
{"timestamp":"2026-08-27T15:30:38.163Z","action":"memory.add","actor":"daily-sync","target":"若兰","result":"success","detail":"{\"agent\":\"若兰\",\"type\":\"fix\",\"structural_weight\":0}","audit_id":"audit_1787844638163_nrhm"}
{"timestamp":"2026-08-27T15:30:38.439Z","action":"memory.add","actor":"daily-sync","target":"若兰","result":"success","detail":"{\"agent\":\"若兰\",\"type\":\"event\",\"structural_weight\":0}","audit_id":"audit_1787844638439_5luw"}
{"timestamp":"2026-08-27T15:30:38.473Z","action":"memory.add","actor":"daily-sync","target":"若兰","result":"success","detail":"{\"agent\":\"若兰\",\"type\":\"event\",\"structural_weight\":0}","audit_id":"audit_1787844638473_nt4w"}
{"timestamp":"2026-08-27T15:30:38.518Z","action":"memory.add","actor":"daily-sync","target":"若兰","result":"success","detail":"{\"agent\":\"若兰\",\"type\":\"milestone\",\"structural_weight\":0.6}","audit_id":"audit_1787844638518_f8q7"}
{"timestamp":"2026-08-27T15:30:38.599Z","action":"memory.add","actor":"daily-sync","target":"若兰","result":"success","detail":"{\"agent\":\"若兰\",\"type\":\"event\",\"structural_weight\":0}","audit_id":"audit_1787844638599_114n"}
{"timestamp":"2026-08-27T15:30:38.645Z","action":"memory.add","actor":"daily-sync","target":"若兰","result":"success","detail":"{\"agent\":\"若兰\",\"type\":\"event\",\"structural_weight\":0}","audit_id":"audit_1787844638645_mh8a"}
{"timestamp":"2026-08-27T15:30:38.693Z","action":"memory.add","actor":"daily-sync","target":"若兰","result":"success","detail":"{\"agent\":\"若兰\",\"type\":\"event\",\"structural_weight\":0}","audit_id":"audit_1787844638693_yr8o"}
{"timestamp":"2026-08-27T15:30:38.731Z","action":"memory.add","actor":"daily-sync","target":"若兰","result":"success","detail":"{\"agent\":\"若兰\",\"type\":\"event\",\"structural_weight\":0}","audit_id":"audit_1787844638731_no8c"}
{"timestamp":"2026-08-27T15:30:38.768Z","action":"memory.add","actor":"daily-sync","target":"若兰","result":"success","detail":"{\"agent\":\"若兰\",\"type\":\"event\",\"structural_weight\":0}","audit_id":"audit_1787844638768_g2mf"}
{"timestamp":"2026-08-27T15:30:38.802Z","action":"memory.add","actor":"daily-sync","target":"若兰","result":"success","detail":"{\"agent\":\"若兰\",\"type\":\"discovery\",\"structural_weight\":0}","audit_id":"audit_1787844638802_necm"}
{"timestamp":"2026-08-27T15:30:38.867Z","action":"memory.add","actor":"daily-sync","target":"若兰","result":"success","detail":"{\"agent\":\"若兰\",\"type\":\"event\",\"structural_weight\":0}","audit_id":"audit_1787844638867_y70v"}
{"timestamp":"2026-08-27T15:30:38.923Z","action":"memory.add","actor":"daily-sync","target":"若兰","result":"success","detail":"{\"agent\":\"若兰\",\"type\":\"decision\",\"structural_weight\":0.6}","audit_id":"audit_1787844638923_xyf2"}
{"timestamp":"2026-08-27T15:30:38.962Z","action":"memory.add","actor":"daily-sync","target":"若兰","result":"success","detail":"{\"agent\":\"若兰\",\"type\":\"event\",\"structural_weight\":0}","audit_id":"audit_1787844638962_cblr"}
{"timestamp":"2026-08-27T15:30:39.022Z","action":"memory.add","actor":"daily-sync","target":"若兰","result":"success","detail":"{\"agent\":\"若兰\",\"type\":\"fix\",\"structural_weight\":0}","audit_id":"audit_1787844639022_n591"}
{"timestamp":"2026-08-27T15:30:39.055Z","action":"memory.add","actor":"daily-sync","target":"若兰","result":"success","detail":"{\"agent\":\"若兰\",\"type\":\"milestone\",\"structural_weight\":0.6}","audit_id":"audit_1787844639055_7oc3"}
{"timestamp":"2026-08-27T15:30:39.100Z","action":"memory.add","actor":"daily-sync","target":"若兰","result":"success","detail":"{\"agent\":\"若兰\",\"type\":\"event\",\"structural_weight\":0}","audit_id":"audit_1787844639100_kbmo"}
{"timestamp":"2026-08-27T15:30:39.134Z","action":"memory.add","actor":"daily-sync","target":"若兰","result":"success","detail":"{\"agent\":\"若兰\",\"type\":\"event\",\"structural_weight\":0}","audit_id":"audit_1787844639134_vxed"}
{"timestamp":"2026-08-27T15:30:39.178Z","action":"memory.add","actor":"daily-sync","target":"若兰","result":"success","detail":"{\"agent\":\"若兰\",\"type\":\"milestone\",\"structural_weight\":0.6}","audit_id":"audit_1787844639178_vfyt"}
{"timestamp":"2026-08-27T15:30:39.219Z","action":"memory.add","actor":"daily-sync","target":"若兰","result":"success","detail":"{\"agent\":\"若兰\",\"type\":\"milestone\",\"structural_weight\":0.6}","audit_id":"audit_1787844639219_3p19"}
{"timestamp":"2026-08-27T15:30:39.247Z","action":"memory.add","actor":"daily-sync","target":"若兰","result":"success","detail":"{\"agent\":\"若兰\",\"type\":\"milestone\",\"structural_weight\":0.6}","audit_id":"audit_1787844639247_fai4"}
{"timestamp":"2026-08-27T15:30:39.276Z","action":"memory.add","actor":"daily-sync","target":"若兰","result":"success","detail":"{\"agent\":\"若兰\",\"type\":\"milestone\",\"structural_weight\":0.6}","audit_id":"audit_1787844639276_ff7u"}
{"timestamp":"2026-08-27T15:30:39.311Z","action":"memory.add","actor":"daily-sync","target":"若兰","result":"success","detail":"{\"agent\":\"若兰\",\"type\":\"milestone\",\"structural_weight\":0.6}","audit_id":"audit_1787844639311_42cq"}
{"timestamp":"2026-08-27T15:30:39.373Z","action":"memory.add","actor":"daily-sync","target":"若兰","result":"success","detail":"{\"agent\":\"若兰\",\"type\":\"milestone\",\"structural_weight\":0.6}","audit_id":"audit_1787844639373_uebs"}
{"timestamp":"2026-08-27T15:30:39.529Z","action":"memory.add","actor":"daily-sync","target":"若兰","result":"success","detail":"{\"agent\":\"若兰\",\"type\":\"decision\",\"structural_weight\":0.6}","audit_id":"audit_1787844639529_yf7n"}
{"timestamp":"2026-08-27T15:30:40.224Z","action":"memory.add","actor":"daily-sync","target":"若兰","result":"success","detail":"{\"agent\":\"若兰\",\"type\":\"decision\",\"structural_weight\":0.6}","audit_id":"audit_1787844640224_mnjs"}
{"timestamp":"2026-08-27T15:30:40.267Z","action":"memory.add","actor":"daily-sync","target":"若兰","result":"success","detail":"{\"agent\":\"若兰\",\"type\":\"event\",\"structural_weight\":0}","audit_id":"audit_1787844640267_ffe8"}
{"timestamp":"2026-08-27T15:30:40.301Z","action":"memory.add","actor":"daily-sync","target":"若兰","result":"success","detail":"{\"agent\":\"若兰\",\"type\":\"event\",\"structural_weight\":0}","audit_id":"audit_1787844640301_knlu"}
{"timestamp":"2026-08-27T15:30:40.348Z","action":"memory.add","actor":"daily-sync","target":"若兰","result":"success","detail":"{\"agent\":\"若兰\",\"type\":\"event\",\"structural_weight\":0}","audit_id":"audit_1787844640348_hruz"}
{"timestamp":"2026-08-27T15:30:40.390Z","action":"memory.add","actor":"daily-sync","target":"若兰","result":"success","detail":"{\"agent\":\"若兰\",\"type\":\"event\",\"structural_weight\":0}","audit_id":"audit_1787844640390_sqvm"}
{"timestamp":"2026-08-27T15:30:40.432Z","action":"memory.add","actor":"daily-sync","target":"若兰","result":"success","detail":"{\"agent\":\"若兰\",\"type\":\"event\",\"structural_weight\":0}","audit_id":"audit_1787844640432_7ccf"}
{"timestamp":"2026-08-27T15:30:40.475Z","action":"memory.add","actor":"daily-sync","target":"若兰","result":"success","detail":"{\"agent\":\"若兰\",\"type\":\"decision\",\"structural_weight\":0.6}","audit_id":"audit_1787844640475_wcuv"}
{"timestamp":"2026-08-27T15:30:40.517Z","action":"memory.add","actor":"daily-sync","target":"若兰","result":"success","detail":"{\"agent\":\"若兰\",\"type\":\"lesson\",\"structural_weight\":0}","audit_id":"audit_1787844640517_rtao"}
{"timestamp":"2026-08-27T15:30:40.551Z","action":"memory.add","actor":"daily-sync","target":"若兰","result":"success","detail":"{\"agent\":\"若兰\",\"type\":\"milestone\",\"structural_weight\":0.6}","audit_id":"audit_1787844640551_go7r"}
{"timestamp":"2026-08-27T15:30:40.583Z","action":"memory.add","actor":"daily-sync","target":"若兰","result":"success","detail":"{\"agent\":\"若兰\",\"type\":\"milestone\",\"structural_weight\":0.6}","audit_id":"audit_1787844640583_jrfb"}
{"timestamp":"2026-08-27T15:30:40.613Z","action":"memory.add","actor":"daily-sync","target":"若兰","result":"success","detail":"{\"agent\":\"若兰\",\"type\":\"event\",\"structural_weight\":0}","audit_id":"audit_1787844640613_4nf0"}
{"timestamp":"2026-08-27T15:30:40.643Z","action":"memory.add","actor":"daily-sync","target":"若兰","result":"success","detail":"{\"agent\":\"若兰\",\"type\":\"decision\",\"structural_weight\":0.6}","audit_id":"audit_1787844640643_ppkq"}
{"timestamp":"2026-08-27T15:30:40.704Z","action":"memory.add","actor":"daily-sync","target":"若兰","result":"success","detail":"{\"agent\":\"若兰\",\"type\":\"event\",\"structural_weight\":0}","audit_id":"audit_1787844640704_ed1f"}
{"timestamp":"2026-08-27T15:30:40.737Z","action":"memory.add","actor":"daily-sync","target":"若兰","result":"success","detail":"{\"agent\":\"若兰\",\"type\":\"event\",\"structural_weight\":0}","audit_id":"audit_1787844640737_84r9"}
{"timestamp":"2026-08-27T15:30:40.766Z","action":"memory.add","actor":"daily-sync","target":"若兰","result":"success","detail":"{\"agent\":\"若兰\",\"type\":\"event\",\"structural_weight\":0}","audit_id":"audit_1787844640766_c5ve"}
{"timestamp":"2026-08-27T15:30:40.794Z","action":"memory.add","actor":"daily-sync","target":"若兰","result":"success","detail":"{\"agent\":\"若兰\",\"type\":\"event\",\"structural_weight\":0}","audit_id":"audit_1787844640794_rwzm"}
{"timestamp":"2026-08-27T15:30:40.831Z","action":"memory.add","actor":"daily-sync","target":"若兰","result":"success","detail":"{\"agent\":\"若兰\",\"type\":\"event\",\"structural_weight\":0}","audit_id":"audit_1787844640831_qbmc"}
{"timestamp":"2026-08-27T15:30:40.860Z","action":"memory.add","actor":"daily-sync","target":"若兰","result":"success","detail":"{\"agent\":\"若兰\",\"type\":\"discovery\",\"structural_weight\":0}","audit_id":"audit_1787844640860_91ud"}
{"timestamp":"2026-08-27T15:30:40.895Z","action":"memory.add","actor":"daily-sync","target":"若兰","result":"success","detail":"{\"agent\":\"若兰\",\"type\":\"event\",\"structural_weight\":0}","audit_id":"audit_1787844640895_1rhf"}
{"timestamp":"2026-08-27T15:30:41.600Z","action":"memory.add","actor":"daily-sync","target":"若兰","result":"success","detail":"{\"agent\":\"若兰\",\"type\":\"event\",\"structural_weight\":0}","audit_id":"audit_1787844641600_hvu0"}
{"timestamp":"2026-08-27T15:30:41.637Z","action":"memory.add","actor":"daily-sync","target":"若兰","result":"success","detail":"{\"agent\":\"若兰\",\"type\":\"event\",\"structural_weight\":0}","audit_id":"audit_1787844641637_znp1"}
{"timestamp":"2026-08-27T15:30:41.667Z","action":"memory.add","actor":"daily-sync","target":"若兰","result":"success","detail":"{\"agent\":\"若兰\",\"type\":\"event\",\"structural_weight\":0}","audit_id":"audit_1787844641667_x8ti"}
{"timestamp":"2026-08-27T15:30:41.695Z","action":"memory.add","actor":"daily-sync","target":"若兰","result":"success","detail":"{\"agent\":\"若兰\",\"type\":\"decision\",\"structural_weight\":0.6}","audit_id":"audit_1787844641695_w1hq"}
{"timestamp":"2026-08-27T15:30:41.723Z","action":"memory.add","actor":"daily-sync","target":"若兰","result":"success","detail":"{\"agent\":\"若兰\",\"type\":\"event\",\"structural_weight\":0}","audit_id":"audit_1787844641723_v479"}
{"timestamp":"2026-08-27T15:30:41.756Z","action":"memory.add","actor":"daily-sync","target":"若兰","result":"success","detail":"{\"agent\":\"若兰\",\"type\":\"event\",\"structural_weight\":0}","audit_id":"audit_1787844641756_suxu"}
{"timestamp":"2026-08-27T15:30:41.792Z","action":"memory.add","actor":"daily-sync","target":"若兰","result":"success","detail":"{\"agent\":\"若兰\",\"type\":\"lesson\",\"structural_weight\":0}","audit_id":"audit_1787844641792_5woj"}
{"timestamp":"2026-08-27T15:30:41.841Z","action":"memory.add","actor":"daily-sync","target":"若兰","result":"success","detail":"{\"agent\":\"若兰\",\"type\":\"event\",\"structural_weight\":0}","audit_id":"audit_1787844641841_ci5i"}
{"timestamp":"2026-08-27T15:30:41.877Z","action":"memory.add","actor":"daily-sync","target":"若兰","result":"success","detail":"{\"agent\":\"若兰\",\"type\":\"event\",\"structural_weight\":0}","audit_id":"audit_1787844641877_m979"}
{"timestamp":"2026-08-27T15:30:41.914Z","action":"memory.add","actor":"daily-sync","target":"若兰","result":"success","detail":"{\"agent\":\"若兰\",\"type\":\"discovery\",\"structural_weight\":0}","audit_id":"audit_1787844641914_drnx"}
{"timestamp":"2026-08-27T15:30:41.944Z","action":"memory.add","actor":"daily-sync","target":"若兰","result":"success","detail":"{\"agent\":\"若兰\",\"type\":\"event\",\"structural_weight\":0}","audit_id":"audit_1787844641944_v6eh"}
{"timestamp":"2026-08-27T15:30:41.990Z","action":"memory.add","actor":"daily-sync","target":"若兰","result":"success","detail":"{\"agent\":\"若兰\",\"type\":\"event\",\"structural_weight\":0}","audit_id":"audit_1787844641990_k738"}
{"timestamp":"2026-08-27T15:30:42.022Z","action":"memory.add","actor":"daily-sync","target":"若兰","result":"success","detail":"{\"agent\":\"若兰\",\"type\":\"event\",\"structural_weight\":0}","audit_id":"audit_1787844642022_js43"}
{"timestamp":"2026-08-27T15:30:42.053Z","action":"memory.add","actor":"daily-sync","target":"若兰","result":"success","detail":"{\"agent\":\"若兰\",\"type\":\"event\",\"structural_weight\":0}","audit_id":"audit_1787844642053_nw3f"}
{"timestamp":"2026-08-27T15:30:42.091Z","action":"memory.add","actor":"daily-sync","target":"若兰","result":"success","detail":"{\"agent\":\"若兰\",\"type\":\"event\",\"structural_weight\":0}","audit_id":"audit_1787844642091_ewq0"}
{"timestamp":"2026-08-27T15:30:42.128Z","action":"memory.add","actor":"daily-sync","target":"若兰","result":"success","detail":"{\"agent\":\"若兰\",\"type\":\"event\",\"structural_weight\":0}","audit_id":"audit_1787844642128_5ckt"}
{"timestamp":"2026-08-27T15:30:42.162Z","action":"memory.add","actor":"daily-sync","target":"若兰","result":"success","detail":"{\"agent\":\"若兰\",\"type\":\"event\",\"structural_weight\":0}","audit_id":"audit_1787844642162_ghd5"}
{"timestamp":"2026-08-27T15:30:42.208Z","action":"memory.add","actor":"daily-sync","target":"若兰","result":"success","detail":"{\"agent\":\"若兰\",\"type\":\"event\",\"structural_weight\":0}","audit_id":"audit_1787844642208_awpn"}
{"timestamp":"2026-08-27T15:30:42.272Z","action":"memory.add","actor":"daily-sync","target":"若兰","result":"success","detail":"{\"agent\":\"若兰\",\"type\":\"event\",\"structural_weight\":0}","audit_id":"audit_1787844642272_unoa"}
{"timestamp":"2026-08-27T15:30:42.847Z","action":"memory.add","actor":"daily-sync","target":"若兰","result":"success","detail":"{\"agent\":\"若兰\",\"type\":\"event\",\"structural_weight\":0}","audit_id":"audit_1787844642847_4gfn"}
{"timestamp":"2026-08-27T15:30:42.933Z","action":"memory.add","actor":"daily-sync","target":"若兰","result":"success","detail":"{\"agent\":\"若兰\",\"type\":\"event\",\"structural_weight\":0}","audit_id":"audit_1787844642933_yp70"}
{"timestamp":"2026-08-27T15:30:42.980Z","action":"memory.add","actor":"daily-sync","target":"若兰","result":"success","detail":"{\"agent\":\"若兰\",\"type\":\"milestone\",\"structural_weight\":0.6}","audit_id":"audit_1787844642980_tmeb"}
{"timestamp":"2026-08-27T15:30:43.015Z","action":"memory.add","actor":"daily-sync","target":"若兰","result":"success","detail":"{\"agent\":\"若兰\",\"type\":\"event\",\"structural_weight\":0}","audit_id":"audit_1787844643015_kbuk"}
{"timestamp":"2026-08-27T15:30:43.075Z","action":"memory.add","actor":"daily-sync","target":"若兰","result":"success","detail":"{\"agent\":\"若兰\",\"type\":\"event\",\"structural_weight\":0}","audit_id":"audit_1787844643076_4awn"}
{"timestamp":"2026-08-27T15:30:43.144Z","action":"memory.add","actor":"daily-sync","target":"若兰","result":"success","detail":"{\"agent\":\"若兰\",\"type\":\"event\",\"structural_weight\":0}","audit_id":"audit_1787844643144_xpe9"}
{"timestamp":"2026-08-27T15:30:43.204Z","action":"memory.get","actor":"若兰","target":"若兰","result":"success","detail":"{\"agent\":\"若兰\",\"count\":2687}","audit_id":"audit_1787844643204_0n3p"}
{"timestamp":"2026-08-27T15:30:43.244Z","action":"memory.add","actor":"daily-sync","target":"若兰","result":"success","detail":"{\"agent\":\"若兰\",\"type\":\"lesson\",\"structural_weight\":0.5}","audit_id":"audit_1787844643244_fb5p"}
{"timestamp":"2026-08-27T15:30:43.302Z","action":"memory.add","actor":"daily-sync","target":"若兰","result":"success","detail":"{\"agent\":\"若兰\",\"type\":\"lesson\",\"structural_weight\":0.5}","audit_id":"audit_1787844643302_xakq"}
{"timestamp":"2026-08-27T15:30:43.363Z","action":"memory.get","actor":"若兰","target":"若兰","result":"success","detail":"{\"agent\":\"若兰\",\"count\":2689}","audit_id":"audit_1787844643363_fd7u"}
{"timestamp":"2026-08-27T15:30:43.400Z","action":"memory.add","actor":"daily-sync","target":"若兰","result":"success","detail":"{\"agent\":\"若兰\",\"type\":\"community\",\"structural_weight\":0.4}","audit_id":"audit_1787844643400_fg3o"}
{"timestamp":"2026-08-27T15:30:43.460Z","action":"memory.get","actor":"若兰","target":"若兰","result":"success","detail":"{\"agent\":\"若兰\",\"count\":2690}","audit_id":"audit_1787844643460_l86c"}
{"timestamp":"2026-08-27T15:50:18.265Z","action":"memory.add","actor":"dream","target":"若兰","result":"success","detail":"{\"agent\":\"若兰\",\"type\":\"milestone\",\"structural_weight\":0.6}","audit_id":"audit_1787845818265_u5g7"}
{"timestamp":"2026-08-27T15:50:18.431Z","action":"memory.add","actor":"dream","target":"若兰","result":"success","detail":"{\"agent\":\"若兰\",\"type\":\"decision\",\"structural_weight\":0.6}","audit_id":"audit_1787845818431_riqa"}
{"timestamp":"2026-08-27T15:50:18.647Z","action":"memory.add","actor":"dream","target":"若兰","result":"success","detail":"{\"agent\":\"若兰\",\"type\":\"milestone\",\"structural_weight\":0.6}","audit_id":"audit_1787845818647_7jbg"}
{"timestamp":"2026-08-27T15:50:19.474Z","action":"memory.add","actor":"dream","target":"若兰","result":"success","detail":"{\"agent\":\"若兰\",\"type\":\"decision\",\"structural_weight\":0.6}","audit_id":"audit_1787845819474_ibrx"}
{"timestamp":"2026-08-27T15:50:19.709Z","action":"memory.add","actor":"dream","target":"若兰","result":"success","detail":"{\"agent\":\"若兰\",\"type\":\"decision\",\"structural_weight\":0.6}","audit_id":"audit_1787845819709_6ui1"}
{"timestamp":"2026-08-27T15:50:19.859Z","action":"memory.add","actor":"dream","target":"若兰","result":"success","detail":"{\"agent\":\"若兰\",\"type\":\"decision\",\"structural_weight\":0.6}","audit_id":"audit_1787845819860_mul6"}
{"timestamp":"2026-08-27T15:50:20.084Z","action":"memory.add","actor":"dream","target":"若兰","result":"success","detail":"{\"agent\":\"若兰\",\"type\":\"decision\",\"structural_weight\":0.6}","audit_id":"audit_1787845820084_rlgq"}
{"timestamp":"2026-08-27T15:50:20.635Z","action":"memory.add","actor":"dream","target":"若兰","result":"success","detail":"{\"agent\":\"若兰\",\"type\":\"milestone\",\"structural_weight\":0.6}","audit_id":"audit_1787845820635_0w4k"}
{"timestamp":"2026-08-27T15:50:20.725Z","action":"memory.add","actor":"dream","target":"若兰","result":"success","detail":"{\"agent\":\"若兰\",\"type\":\"decision\",\"structural_weight\":0.6}","audit_id":"audit_1787845820725_h60k"}
{"timestamp":"2026-08-27T15:50:20.872Z","action":"memory.add","actor":"dream","target":"若兰","result":"success","detail":"{\"agent\":\"若兰\",\"type\":\"decision\",\"structural_weight\":0.6}","audit_id":"audit_1787845820872_ijo2"}
{"timestamp":"2026-08-27T15:50:21.035Z","action":"memory.add","actor":"dream","target":"若兰","result":"success","detail":"{\"agent\":\"若兰\",\"type\":\"milestone\",\"structural_weight\":0.6}","audit_id":"audit_1787845821035_yxb7"}
{"timestamp":"2026-08-27T15:50:21.256Z","action":"memory.get","actor":"若兰","target":"若兰","result":"success","detail":"{\"agent\":\"若兰\",\"count\":2701}","audit_id":"audit_1787845821256_7er4"}
