{"timestamp":"2026-08-23T16:35:07.256Z","action":"memory.get","actor":"若兰","target":"若兰","result":"success","detail":"{\"agent\":\"若兰\",\"count\":2301}","audit_id":"audit_1787502907256_3ujw"}
{"timestamp":"2026-08-23T16:35:07.317Z","action":"memory.get","actor":"若兰","target":"若兰","result":"success","detail":"{\"agent\":\"若兰\",\"count\":2301}","audit_id":"audit_1787502907317_za8d"}
{"timestamp":"2026-08-23T16:35:07.464Z","action":"memory.get","actor":"若兰","target":"若兰","result":"success","detail":"{\"agent\":\"若兰\",\"count\":2301}","audit_id":"audit_1787502907464_6sb6"}
{"timestamp":"2026-08-24T15:30:55.519Z","action":"memory.get","actor":"若兰","target":"若兰","result":"success","detail":"{\"agent\":\"若兰\",\"count\":2301}","audit_id":"audit_1787585455519_yygm"}
{"timestamp":"2026-08-24T15:30:55.576Z","action":"memory.add","actor":"daily-sync","target":"若兰","result":"success","detail":"{\"agent\":\"若兰\",\"type\":\"event\",\"structural_weight\":0}","audit_id":"audit_1787585455576_1jrl"}
{"timestamp":"2026-08-24T15:30:55.610Z","action":"memory.add","actor":"daily-sync","target":"若兰","result":"success","detail":"{\"agent\":\"若兰\",\"type\":\"event\",\"structural_weight\":0}","audit_id":"audit_1787585455610_1bsb"}
{"timestamp":"2026-08-24T15:30:55.648Z","action":"memory.add","actor":"daily-sync","target":"若兰","result":"success","detail":"{\"agent\":\"若兰\",\"type\":\"milestone\",\"structural_weight\":0.6}","audit_id":"audit_1787585455648_7xlk"}
{"timestamp":"2026-08-24T15:30:55.692Z","action":"memory.add","actor":"daily-sync","target":"若兰","result":"success","detail":"{\"agent\":\"若兰\",\"type\":\"lesson\",\"structural_weight\":0}","audit_id":"audit_1787585455692_iaix"}
{"timestamp":"2026-08-24T15:30:55.731Z","action":"memory.add","actor":"daily-sync","target":"若兰","result":"success","detail":"{\"agent\":\"若兰\",\"type\":\"event\",\"structural_weight\":0}","audit_id":"audit_1787585455731_d6v1"}
{"timestamp":"2026-08-24T15:30:55.771Z","action":"memory.add","actor":"daily-sync","target":"若兰","result":"success","detail":"{\"agent\":\"若兰\",\"type\":\"event\",\"structural_weight\":0}","audit_id":"audit_1787585455771_v898"}
{"timestamp":"2026-08-24T15:30:55.800Z","action":"memory.add","actor":"daily-sync","target":"若兰","result":"success","detail":"{\"agent\":\"若兰\",\"type\":\"event\",\"structural_weight\":0}","audit_id":"audit_1787585455800_6vri"}
{"timestamp":"2026-08-24T15:30:55.836Z","action":"memory.add","actor":"daily-sync","target":"若兰","result":"success","detail":"{\"agent\":\"若兰\",\"type\":\"lesson\",\"structural_weight\":0}","audit_id":"audit_1787585455836_5vou"}
{"timestamp":"2026-08-24T15:30:55.886Z","action":"memory.add","actor":"daily-sync","target":"若兰","result":"success","detail":"{\"agent\":\"若兰\",\"type\":\"event\",\"structural_weight\":0}","audit_id":"audit_1787585455886_9jfv"}
{"timestamp":"2026-08-24T15:30:55.936Z","action":"memory.add","actor":"daily-sync","target":"若兰","result":"success","detail":"{\"agent\":\"若兰\",\"type\":\"event\",\"structural_weight\":0}","audit_id":"audit_1787585455936_jj6m"}
{"timestamp":"2026-08-24T15:30:55.972Z","action":"memory.add","actor":"daily-sync","target":"若兰","result":"success","detail":"{\"agent\":\"若兰\",\"type\":\"event\",\"structural_weight\":0}","audit_id":"audit_1787585455972_r2po"}
{"timestamp":"2026-08-24T15:30:56.565Z","action":"memory.add","actor":"daily-sync","target":"若兰","result":"success","detail":"{\"agent\":\"若兰\",\"type\":\"event\",\"structural_weight\":0}","audit_id":"audit_1787585456565_8pmc"}
{"timestamp":"2026-08-24T15:30:56.634Z","action":"memory.add","actor":"daily-sync","target":"若兰","result":"success","detail":"{\"agent\":\"若兰\",\"type\":\"event\",\"structural_weight\":0}","audit_id":"audit_1787585456634_4d30"}
{"timestamp":"2026-08-24T15:30:56.674Z","action":"memory.add","actor":"daily-sync","target":"若兰","result":"success","detail":"{\"agent\":\"若兰\",\"type\":\"event\",\"structural_weight\":0}","audit_id":"audit_1787585456674_ssnh"}
{"timestamp":"2026-08-24T15:30:56.716Z","action":"memory.add","actor":"daily-sync","target":"若兰","result":"success","detail":"{\"agent\":\"若兰\",\"type\":\"event\",\"structural_weight\":0}","audit_id":"audit_1787585456716_74vn"}
{"timestamp":"2026-08-24T15:30:56.760Z","action":"memory.add","actor":"daily-sync","target":"若兰","result":"success","detail":"{\"agent\":\"若兰\",\"type\":\"event\",\"structural_weight\":0}","audit_id":"audit_1787585456760_bfsh"}
{"timestamp":"2026-08-24T15:30:56.789Z","action":"memory.add","actor":"daily-sync","target":"若兰","result":"success","detail":"{\"agent\":\"若兰\",\"type\":\"fix\",\"structural_weight\":0}","audit_id":"audit_1787585456789_uoxz"}
{"timestamp":"2026-08-24T15:30:56.829Z","action":"memory.add","actor":"daily-sync","target":"若兰","result":"success","detail":"{\"agent\":\"若兰\",\"type\":\"event\",\"structural_weight\":0}","audit_id":"audit_1787585456829_hfwf"}
{"timestamp":"2026-08-24T15:30:56.869Z","action":"memory.add","actor":"daily-sync","target":"若兰","result":"success","detail":"{\"agent\":\"若兰\",\"type\":\"discovery\",\"structural_weight\":0}","audit_id":"audit_1787585456869_qcra"}
{"timestamp":"2026-08-24T15:30:56.897Z","action":"memory.add","actor":"daily-sync","target":"若兰","result":"success","detail":"{\"agent\":\"若兰\",\"type\":\"event\",\"structural_weight\":0}","audit_id":"audit_1787585456897_x8kv"}
{"timestamp":"2026-08-24T15:30:56.928Z","action":"memory.add","actor":"daily-sync","target":"若兰","result":"success","detail":"{\"agent\":\"若兰\",\"type\":\"event\",\"structural_weight\":0}","audit_id":"audit_1787585456928_khaf"}
{"timestamp":"2026-08-24T15:30:56.964Z","action":"memory.add","actor":"daily-sync","target":"若兰","result":"success","detail":"{\"agent\":\"若兰\",\"type\":\"milestone\",\"structural_weight\":0.6}","audit_id":"audit_1787585456964_i4g2"}
{"timestamp":"2026-08-24T15:30:56.996Z","action":"memory.add","actor":"daily-sync","target":"若兰","result":"success","detail":"{\"agent\":\"若兰\",\"type\":\"event\",\"structural_weight\":0}","audit_id":"audit_1787585456996_ob2n"}
{"timestamp":"2026-08-24T15:30:57.032Z","action":"memory.add","actor":"daily-sync","target":"若兰","result":"success","detail":"{\"agent\":\"若兰\",\"type\":\"event\",\"structural_weight\":0}","audit_id":"audit_1787585457032_yz1a"}
{"timestamp":"2026-08-24T15:30:57.068Z","action":"memory.add","actor":"daily-sync","target":"若兰","result":"success","detail":"{\"agent\":\"若兰\",\"type\":\"event\",\"structural_weight\":0}","audit_id":"audit_1787585457068_48ur"}
{"timestamp":"2026-08-24T15:30:57.097Z","action":"memory.add","actor":"daily-sync","target":"若兰","result":"success","detail":"{\"agent\":\"若兰\",\"type\":\"event\",\"structural_weight\":0}","audit_id":"audit_1787585457097_bomm"}
{"timestamp":"2026-08-24T15:30:57.124Z","action":"memory.add","actor":"daily-sync","target":"若兰","result":"success","detail":"{\"agent\":\"若兰\",\"type\":\"event\",\"structural_weight\":0}","audit_id":"audit_1787585457124_rsdz"}
{"timestamp":"2026-08-24T15:30:57.162Z","action":"memory.add","actor":"daily-sync","target":"若兰","result":"success","detail":"{\"agent\":\"若兰\",\"type\":\"milestone\",\"structural_weight\":0.6}","audit_id":"audit_1787585457162_d417"}
{"timestamp":"2026-08-24T15:30:57.192Z","action":"memory.add","actor":"daily-sync","target":"若兰","result":"success","detail":"{\"agent\":\"若兰\",\"type\":\"milestone\",\"structural_weight\":0.6}","audit_id":"audit_1787585457192_4rq5"}
{"timestamp":"2026-08-24T15:30:57.233Z","action":"memory.add","actor":"daily-sync","target":"若兰","result":"success","detail":"{\"agent\":\"若兰\",\"type\":\"milestone\",\"structural_weight\":0.6}","audit_id":"audit_1787585457233_88hj"}
{"timestamp":"2026-08-24T15:30:57.266Z","action":"memory.add","actor":"daily-sync","target":"若兰","result":"success","detail":"{\"agent\":\"若兰\",\"type\":\"milestone\",\"structural_weight\":0.6}","audit_id":"audit_1787585457266_ffeo"}
{"timestamp":"2026-08-24T15:30:57.323Z","action":"memory.add","actor":"daily-sync","target":"若兰","result":"success","detail":"{\"agent\":\"若兰\",\"type\":\"milestone\",\"structural_weight\":0.6}","audit_id":"audit_1787585457323_tum1"}
{"timestamp":"2026-08-24T15:30:57.751Z","action":"memory.add","actor":"daily-sync","target":"若兰","result":"success","detail":"{\"agent\":\"若兰\",\"type\":\"event\",\"structural_weight\":0}","audit_id":"audit_1787585457751_028h"}
{"timestamp":"2026-08-24T15:30:57.777Z","action":"memory.add","actor":"daily-sync","target":"若兰","result":"success","detail":"{\"agent\":\"若兰\",\"type\":\"discovery\",\"structural_weight\":0}","audit_id":"audit_1787585457777_xmjo"}
{"timestamp":"2026-08-24T15:30:57.809Z","action":"memory.add","actor":"daily-sync","target":"若兰","result":"success","detail":"{\"agent\":\"若兰\",\"type\":\"decision\",\"structural_weight\":0.6}","audit_id":"audit_1787585457809_bwsi"}
{"timestamp":"2026-08-24T15:30:57.856Z","action":"memory.add","actor":"daily-sync","target":"若兰","result":"success","detail":"{\"agent\":\"若兰\",\"type\":\"event\",\"structural_weight\":0}","audit_id":"audit_1787585457856_154p"}
{"timestamp":"2026-08-24T15:30:57.898Z","action":"memory.add","actor":"daily-sync","target":"若兰","result":"success","detail":"{\"agent\":\"若兰\",\"type\":\"event\",\"structural_weight\":0}","audit_id":"audit_1787585457898_odne"}
{"timestamp":"2026-08-24T15:30:57.930Z","action":"memory.add","actor":"daily-sync","target":"若兰","result":"success","detail":"{\"agent\":\"若兰\",\"type\":\"event\",\"structural_weight\":0}","audit_id":"audit_1787585457930_v7jt"}
{"timestamp":"2026-08-24T15:30:57.962Z","action":"memory.add","actor":"daily-sync","target":"若兰","result":"success","detail":"{\"agent\":\"若兰\",\"type\":\"event\",\"structural_weight\":0}","audit_id":"audit_1787585457962_3qc5"}
{"timestamp":"2026-08-24T15:30:58.024Z","action":"memory.add","actor":"daily-sync","target":"若兰","result":"success","detail":"{\"agent\":\"若兰\",\"type\":\"event\",\"structural_weight\":0}","audit_id":"audit_1787585458024_ew69"}
{"timestamp":"2026-08-24T15:30:58.094Z","action":"memory.get","actor":"若兰","target":"若兰","result":"success","detail":"{\"agent\":\"若兰\",\"count\":2341}","audit_id":"audit_1787585458094_k3mw"}
{"timestamp":"2026-08-24T15:30:58.139Z","action":"memory.add","actor":"daily-sync","target":"若兰","result":"success","detail":"{\"agent\":\"若兰\",\"type\":\"lesson\",\"structural_weight\":0.5}","audit_id":"audit_1787585458139_et0h"}
{"timestamp":"2026-08-24T15:30:58.190Z","action":"memory.add","actor":"daily-sync","target":"若兰","result":"success","detail":"{\"agent\":\"若兰\",\"type\":\"lesson\",\"structural_weight\":0.5}","audit_id":"audit_1787585458190_8mv5"}
{"timestamp":"2026-08-24T15:30:58.246Z","action":"memory.get","actor":"若兰","target":"若兰","result":"success","detail":"{\"agent\":\"若兰\",\"count\":2343}","audit_id":"audit_1787585458246_xxl5"}
{"timestamp":"2026-08-24T15:30:58.282Z","action":"memory.add","actor":"daily-sync","target":"若兰","result":"success","detail":"{\"agent\":\"若兰\",\"type\":\"community\",\"structural_weight\":0.4}","audit_id":"audit_1787585458282_9raw"}
{"timestamp":"2026-08-24T15:30:58.354Z","action":"memory.get","actor":"若兰","target":"若兰","result":"success","detail":"{\"agent\":\"若兰\",\"count\":2344}","audit_id":"audit_1787585458354_8hzk"}
{"timestamp":"2026-08-24T15:50:07.167Z","action":"memory.add","actor":"dream","target":"若兰","result":"success","detail":"{\"agent\":\"若兰\",\"type\":\"milestone\",\"structural_weight\":0.6}","audit_id":"audit_1787586607167_4y1s"}
{"timestamp":"2026-08-24T15:50:08.390Z","action":"memory.add","actor":"dream","target":"若兰","result":"success","detail":"{\"agent\":\"若兰\",\"type\":\"milestone\",\"structural_weight\":0.6}","audit_id":"audit_1787586608390_0xxu"}
{"timestamp":"2026-08-24T15:50:08.535Z","action":"memory.add","actor":"dream","target":"若兰","result":"success","detail":"{\"agent\":\"若兰\",\"type\":\"milestone\",\"structural_weight\":0.6}","audit_id":"audit_1787586608535_uttu"}
{"timestamp":"2026-08-24T15:50:08.681Z","action":"memory.add","actor":"dream","target":"若兰","result":"success","detail":"{\"agent\":\"若兰\",\"type\":\"decision\",\"structural_weight\":0.6}","audit_id":"audit_1787586608681_aarj"}
{"timestamp":"2026-08-24T15:50:08.890Z","action":"memory.get","actor":"若兰","target":"若兰","result":"success","detail":"{\"agent\":\"若兰\",\"count\":2348}","audit_id":"audit_1787586608890_jrb7"}
