{"timestamp":"2026-08-24T16:35:07.342Z","action":"memory.get","actor":"若兰","target":"若兰","result":"success","detail":"{\"agent\":\"若兰\",\"count\":2348}","audit_id":"audit_1787589307342_wwhs"}
{"timestamp":"2026-08-24T16:35:07.405Z","action":"memory.get","actor":"若兰","target":"若兰","result":"success","detail":"{\"agent\":\"若兰\",\"count\":2348}","audit_id":"audit_1787589307405_lr9k"}
{"timestamp":"2026-08-24T16:35:07.558Z","action":"memory.get","actor":"若兰","target":"若兰","result":"success","detail":"{\"agent\":\"若兰\",\"count\":2348}","audit_id":"audit_1787589307558_2amn"}
{"timestamp":"2026-08-25T15:30:26.170Z","action":"memory.get","actor":"若兰","target":"若兰","result":"success","detail":"{\"agent\":\"若兰\",\"count\":2348}","audit_id":"audit_1787671826170_8369"}
{"timestamp":"2026-08-25T15:30:26.213Z","action":"memory.add","actor":"daily-sync","target":"若兰","result":"success","detail":"{\"agent\":\"若兰\",\"type\":\"event\",\"structural_weight\":0}","audit_id":"audit_1787671826213_tpuu"}
{"timestamp":"2026-08-25T15:30:26.249Z","action":"memory.add","actor":"daily-sync","target":"若兰","result":"success","detail":"{\"agent\":\"若兰\",\"type\":\"event\",\"structural_weight\":0}","audit_id":"audit_1787671826249_iw5z"}
{"timestamp":"2026-08-25T15:30:26.273Z","action":"memory.add","actor":"daily-sync","target":"若兰","result":"success","detail":"{\"agent\":\"若兰\",\"type\":\"event\",\"structural_weight\":0}","audit_id":"audit_1787671826273_qu5d"}
{"timestamp":"2026-08-25T15:30:26.324Z","action":"memory.add","actor":"daily-sync","target":"若兰","result":"success","detail":"{\"agent\":\"若兰\",\"type\":\"discovery\",\"structural_weight\":0}","audit_id":"audit_1787671826324_jyud"}
{"timestamp":"2026-08-25T15:30:26.381Z","action":"memory.add","actor":"daily-sync","target":"若兰","result":"success","detail":"{\"agent\":\"若兰\",\"type\":\"event\",\"structural_weight\":0}","audit_id":"audit_1787671826381_asrw"}
{"timestamp":"2026-08-25T15:30:26.408Z","action":"memory.add","actor":"daily-sync","target":"若兰","result":"success","detail":"{\"agent\":\"若兰\",\"type\":\"event\",\"structural_weight\":0}","audit_id":"audit_1787671826408_6tlv"}
{"timestamp":"2026-08-25T15:30:26.432Z","action":"memory.add","actor":"daily-sync","target":"若兰","result":"success","detail":"{\"agent\":\"若兰\",\"type\":\"event\",\"structural_weight\":0}","audit_id":"audit_1787671826432_cffi"}
{"timestamp":"2026-08-25T15:30:26.456Z","action":"memory.add","actor":"daily-sync","target":"若兰","result":"success","detail":"{\"agent\":\"若兰\",\"type\":\"fix\",\"structural_weight\":0}","audit_id":"audit_1787671826456_yji7"}
{"timestamp":"2026-08-25T15:30:26.495Z","action":"memory.add","actor":"daily-sync","target":"若兰","result":"success","detail":"{\"agent\":\"若兰\",\"type\":\"milestone\",\"structural_weight\":0.6}","audit_id":"audit_1787671826495_vc8f"}
{"timestamp":"2026-08-25T15:30:26.521Z","action":"memory.add","actor":"daily-sync","target":"若兰","result":"success","detail":"{\"agent\":\"若兰\",\"type\":\"milestone\",\"structural_weight\":0.6}","audit_id":"audit_1787671826521_j7ti"}
{"timestamp":"2026-08-25T15:30:26.544Z","action":"memory.add","actor":"daily-sync","target":"若兰","result":"success","detail":"{\"agent\":\"若兰\",\"type\":\"lesson\",\"structural_weight\":0}","audit_id":"audit_1787671826544_qcpc"}
{"timestamp":"2026-08-25T15:30:26.567Z","action":"memory.add","actor":"daily-sync","target":"若兰","result":"success","detail":"{\"agent\":\"若兰\",\"type\":\"event\",\"structural_weight\":0}","audit_id":"audit_1787671826567_3jxw"}
{"timestamp":"2026-08-25T15:30:26.589Z","action":"memory.add","actor":"daily-sync","target":"若兰","result":"success","detail":"{\"agent\":\"若兰\",\"type\":\"milestone\",\"structural_weight\":0.6}","audit_id":"audit_1787671826589_qbin"}
{"timestamp":"2026-08-25T15:30:26.612Z","action":"memory.add","actor":"daily-sync","target":"若兰","result":"success","detail":"{\"agent\":\"若兰\",\"type\":\"milestone\",\"structural_weight\":0.6}","audit_id":"audit_1787671826612_wb2t"}
{"timestamp":"2026-08-25T15:30:26.634Z","action":"memory.add","actor":"daily-sync","target":"若兰","result":"success","detail":"{\"agent\":\"若兰\",\"type\":\"milestone\",\"structural_weight\":0.6}","audit_id":"audit_1787671826634_xiyl"}
{"timestamp":"2026-08-25T15:30:26.658Z","action":"memory.add","actor":"daily-sync","target":"若兰","result":"success","detail":"{\"agent\":\"若兰\",\"type\":\"milestone\",\"structural_weight\":0.6}","audit_id":"audit_1787671826658_6jz4"}
{"timestamp":"2026-08-25T15:30:26.682Z","action":"memory.add","actor":"daily-sync","target":"若兰","result":"success","detail":"{\"agent\":\"若兰\",\"type\":\"decision\",\"structural_weight\":0.6}","audit_id":"audit_1787671826682_1d0m"}
{"timestamp":"2026-08-25T15:30:26.710Z","action":"memory.add","actor":"daily-sync","target":"若兰","result":"success","detail":"{\"agent\":\"若兰\",\"type\":\"event\",\"structural_weight\":0}","audit_id":"audit_1787671826710_3ick"}
{"timestamp":"2026-08-25T15:30:26.734Z","action":"memory.add","actor":"daily-sync","target":"若兰","result":"success","detail":"{\"agent\":\"若兰\",\"type\":\"event\",\"structural_weight\":0}","audit_id":"audit_1787671826734_b8i7"}
{"timestamp":"2026-08-25T15:30:26.761Z","action":"memory.add","actor":"daily-sync","target":"若兰","result":"success","detail":"{\"agent\":\"若兰\",\"type\":\"event\",\"structural_weight\":0}","audit_id":"audit_1787671826761_n49v"}
{"timestamp":"2026-08-25T15:30:26.784Z","action":"memory.add","actor":"daily-sync","target":"若兰","result":"success","detail":"{\"agent\":\"若兰\",\"type\":\"event\",\"structural_weight\":0}","audit_id":"audit_1787671826784_d04a"}
{"timestamp":"2026-08-25T15:30:26.806Z","action":"memory.add","actor":"daily-sync","target":"若兰","result":"success","detail":"{\"agent\":\"若兰\",\"type\":\"event\",\"structural_weight\":0}","audit_id":"audit_1787671826806_303n"}
{"timestamp":"2026-08-25T15:30:26.829Z","action":"memory.add","actor":"daily-sync","target":"若兰","result":"success","detail":"{\"agent\":\"若兰\",\"type\":\"event\",\"structural_weight\":0}","audit_id":"audit_1787671826829_xnpj"}
{"timestamp":"2026-08-25T15:30:26.932Z","action":"memory.add","actor":"daily-sync","target":"若兰","result":"success","detail":"{\"agent\":\"若兰\",\"type\":\"milestone\",\"structural_weight\":0.6}","audit_id":"audit_1787671826932_o0f8"}
{"timestamp":"2026-08-25T15:30:27.002Z","action":"memory.add","actor":"daily-sync","target":"若兰","result":"success","detail":"{\"agent\":\"若兰\",\"type\":\"milestone\",\"structural_weight\":0.6}","audit_id":"audit_1787671827002_rl9l"}
{"timestamp":"2026-08-25T15:30:28.183Z","action":"memory.add","actor":"daily-sync","target":"若兰","result":"success","detail":"{\"agent\":\"若兰\",\"type\":\"event\",\"structural_weight\":0}","audit_id":"audit_1787671828183_j4px"}
{"timestamp":"2026-08-25T15:30:28.210Z","action":"memory.add","actor":"daily-sync","target":"若兰","result":"success","detail":"{\"agent\":\"若兰\",\"type\":\"event\",\"structural_weight\":0}","audit_id":"audit_1787671828210_7w9o"}
{"timestamp":"2026-08-25T15:30:28.242Z","action":"memory.add","actor":"daily-sync","target":"若兰","result":"success","detail":"{\"agent\":\"若兰\",\"type\":\"fix\",\"structural_weight\":0}","audit_id":"audit_1787671828242_hws2"}
{"timestamp":"2026-08-25T15:30:28.268Z","action":"memory.add","actor":"daily-sync","target":"若兰","result":"success","detail":"{\"agent\":\"若兰\",\"type\":\"milestone\",\"structural_weight\":0.6}","audit_id":"audit_1787671828268_l9z7"}
{"timestamp":"2026-08-25T15:30:28.291Z","action":"memory.add","actor":"daily-sync","target":"若兰","result":"success","detail":"{\"agent\":\"若兰\",\"type\":\"event\",\"structural_weight\":0}","audit_id":"audit_1787671828291_bf2j"}
{"timestamp":"2026-08-25T15:30:28.318Z","action":"memory.add","actor":"daily-sync","target":"若兰","result":"success","detail":"{\"agent\":\"若兰\",\"type\":\"event\",\"structural_weight\":0}","audit_id":"audit_1787671828318_j28l"}
{"timestamp":"2026-08-25T15:30:28.340Z","action":"memory.add","actor":"daily-sync","target":"若兰","result":"success","detail":"{\"agent\":\"若兰\",\"type\":\"event\",\"structural_weight\":0}","audit_id":"audit_1787671828340_x3mm"}
{"timestamp":"2026-08-25T15:30:28.365Z","action":"memory.add","actor":"daily-sync","target":"若兰","result":"success","detail":"{\"agent\":\"若兰\",\"type\":\"event\",\"structural_weight\":0}","audit_id":"audit_1787671828365_ldoj"}
{"timestamp":"2026-08-25T15:30:28.388Z","action":"memory.add","actor":"daily-sync","target":"若兰","result":"success","detail":"{\"agent\":\"若兰\",\"type\":\"event\",\"structural_weight\":0}","audit_id":"audit_1787671828388_1qz5"}
{"timestamp":"2026-08-25T15:30:28.410Z","action":"memory.add","actor":"daily-sync","target":"若兰","result":"success","detail":"{\"agent\":\"若兰\",\"type\":\"milestone\",\"structural_weight\":0.6}","audit_id":"audit_1787671828410_cskm"}
{"timestamp":"2026-08-25T15:30:28.433Z","action":"memory.add","actor":"daily-sync","target":"若兰","result":"success","detail":"{\"agent\":\"若兰\",\"type\":\"milestone\",\"structural_weight\":0.6}","audit_id":"audit_1787671828433_0ant"}
{"timestamp":"2026-08-25T15:30:28.458Z","action":"memory.add","actor":"daily-sync","target":"若兰","result":"success","detail":"{\"agent\":\"若兰\",\"type\":\"milestone\",\"structural_weight\":0.6}","audit_id":"audit_1787671828458_ny0x"}
{"timestamp":"2026-08-25T15:30:28.481Z","action":"memory.add","actor":"daily-sync","target":"若兰","result":"success","detail":"{\"agent\":\"若兰\",\"type\":\"milestone\",\"structural_weight\":0.6}","audit_id":"audit_1787671828481_c6n6"}
{"timestamp":"2026-08-25T15:30:29.179Z","action":"memory.add","actor":"daily-sync","target":"若兰","result":"success","detail":"{\"agent\":\"若兰\",\"type\":\"todo\",\"structural_weight\":0}","audit_id":"audit_1787671829179_cftu"}
{"timestamp":"2026-08-25T15:30:29.202Z","action":"memory.add","actor":"daily-sync","target":"若兰","result":"success","detail":"{\"agent\":\"若兰\",\"type\":\"event\",\"structural_weight\":0}","audit_id":"audit_1787671829202_pv72"}
{"timestamp":"2026-08-25T15:30:29.225Z","action":"memory.add","actor":"daily-sync","target":"若兰","result":"success","detail":"{\"agent\":\"若兰\",\"type\":\"event\",\"structural_weight\":0}","audit_id":"audit_1787671829225_a7qm"}
{"timestamp":"2026-08-25T15:30:29.288Z","action":"memory.add","actor":"daily-sync","target":"若兰","result":"success","detail":"{\"agent\":\"若兰\",\"type\":\"event\",\"structural_weight\":0}","audit_id":"audit_1787671829288_dtin"}
{"timestamp":"2026-08-25T15:30:29.332Z","action":"memory.add","actor":"daily-sync","target":"若兰","result":"success","detail":"{\"agent\":\"若兰\",\"type\":\"discovery\",\"structural_weight\":0}","audit_id":"audit_1787671829332_nvv8"}
{"timestamp":"2026-08-25T15:30:29.355Z","action":"memory.add","actor":"daily-sync","target":"若兰","result":"success","detail":"{\"agent\":\"若兰\",\"type\":\"event\",\"structural_weight\":0}","audit_id":"audit_1787671829355_aqb2"}
{"timestamp":"2026-08-25T15:30:29.379Z","action":"memory.add","actor":"daily-sync","target":"若兰","result":"success","detail":"{\"agent\":\"若兰\",\"type\":\"event\",\"structural_weight\":0}","audit_id":"audit_1787671829379_20h0"}
{"timestamp":"2026-08-25T15:30:29.403Z","action":"memory.add","actor":"daily-sync","target":"若兰","result":"success","detail":"{\"agent\":\"若兰\",\"type\":\"milestone\",\"structural_weight\":0.6}","audit_id":"audit_1787671829403_veiz"}
{"timestamp":"2026-08-25T15:30:29.426Z","action":"memory.add","actor":"daily-sync","target":"若兰","result":"success","detail":"{\"agent\":\"若兰\",\"type\":\"milestone\",\"structural_weight\":0.6}","audit_id":"audit_1787671829426_rqa3"}
{"timestamp":"2026-08-25T15:30:29.455Z","action":"memory.add","actor":"daily-sync","target":"若兰","result":"success","detail":"{\"agent\":\"若兰\",\"type\":\"decision\",\"structural_weight\":0.6}","audit_id":"audit_1787671829455_cmny"}
{"timestamp":"2026-08-25T15:30:29.481Z","action":"memory.add","actor":"daily-sync","target":"若兰","result":"success","detail":"{\"agent\":\"若兰\",\"type\":\"milestone\",\"structural_weight\":0.6}","audit_id":"audit_1787671829481_0wz6"}
{"timestamp":"2026-08-25T15:30:29.508Z","action":"memory.add","actor":"daily-sync","target":"若兰","result":"success","detail":"{\"agent\":\"若兰\",\"type\":\"milestone\",\"structural_weight\":0.6}","audit_id":"audit_1787671829508_7kgs"}
{"timestamp":"2026-08-25T15:30:29.547Z","action":"memory.add","actor":"daily-sync","target":"若兰","result":"success","detail":"{\"agent\":\"若兰\",\"type\":\"event\",\"structural_weight\":0}","audit_id":"audit_1787671829547_lx39"}
{"timestamp":"2026-08-25T15:30:29.640Z","action":"memory.add","actor":"daily-sync","target":"若兰","result":"success","detail":"{\"agent\":\"若兰\",\"type\":\"discovery\",\"structural_weight\":0}","audit_id":"audit_1787671829640_hx0z"}
{"timestamp":"2026-08-25T15:30:29.788Z","action":"memory.add","actor":"daily-sync","target":"若兰","result":"success","detail":"{\"agent\":\"若兰\",\"type\":\"event\",\"structural_weight\":0}","audit_id":"audit_1787671829788_fvce"}
{"timestamp":"2026-08-25T15:30:30.330Z","action":"memory.add","actor":"daily-sync","target":"若兰","result":"success","detail":"{\"agent\":\"若兰\",\"type\":\"milestone\",\"structural_weight\":0.6}","audit_id":"audit_1787671830330_4cdq"}
{"timestamp":"2026-08-25T15:30:30.365Z","action":"memory.add","actor":"daily-sync","target":"若兰","result":"success","detail":"{\"agent\":\"若兰\",\"type\":\"event\",\"structural_weight\":0}","audit_id":"audit_1787671830365_y5k8"}
{"timestamp":"2026-08-25T15:30:30.388Z","action":"memory.add","actor":"daily-sync","target":"若兰","result":"success","detail":"{\"agent\":\"若兰\",\"type\":\"milestone\",\"structural_weight\":0.6}","audit_id":"audit_1787671830388_v5sb"}
{"timestamp":"2026-08-25T15:30:30.411Z","action":"memory.add","actor":"daily-sync","target":"若兰","result":"success","detail":"{\"agent\":\"若兰\",\"type\":\"milestone\",\"structural_weight\":0.6}","audit_id":"audit_1787671830411_s6o0"}
{"timestamp":"2026-08-25T15:30:30.438Z","action":"memory.add","actor":"daily-sync","target":"若兰","result":"success","detail":"{\"agent\":\"若兰\",\"type\":\"event\",\"structural_weight\":0}","audit_id":"audit_1787671830438_higu"}
{"timestamp":"2026-08-25T15:30:30.466Z","action":"memory.add","actor":"daily-sync","target":"若兰","result":"success","detail":"{\"agent\":\"若兰\",\"type\":\"event\",\"structural_weight\":0}","audit_id":"audit_1787671830466_350i"}
{"timestamp":"2026-08-25T15:30:30.491Z","action":"memory.add","actor":"daily-sync","target":"若兰","result":"success","detail":"{\"agent\":\"若兰\",\"type\":\"discovery\",\"structural_weight\":0}","audit_id":"audit_1787671830491_jh2i"}
{"timestamp":"2026-08-25T15:30:30.516Z","action":"memory.add","actor":"daily-sync","target":"若兰","result":"success","detail":"{\"agent\":\"若兰\",\"type\":\"fix\",\"structural_weight\":0}","audit_id":"audit_1787671830516_w1w7"}
{"timestamp":"2026-08-25T15:30:30.539Z","action":"memory.add","actor":"daily-sync","target":"若兰","result":"success","detail":"{\"agent\":\"若兰\",\"type\":\"event\",\"structural_weight\":0}","audit_id":"audit_1787671830539_5n8v"}
{"timestamp":"2026-08-25T15:30:30.573Z","action":"memory.add","actor":"daily-sync","target":"若兰","result":"success","detail":"{\"agent\":\"若兰\",\"type\":\"event\",\"structural_weight\":0}","audit_id":"audit_1787671830573_190s"}
{"timestamp":"2026-08-25T15:30:30.598Z","action":"memory.add","actor":"daily-sync","target":"若兰","result":"success","detail":"{\"agent\":\"若兰\",\"type\":\"event\",\"structural_weight\":0}","audit_id":"audit_1787671830598_hpfq"}
{"timestamp":"2026-08-25T15:30:30.621Z","action":"memory.add","actor":"daily-sync","target":"若兰","result":"success","detail":"{\"agent\":\"若兰\",\"type\":\"event\",\"structural_weight\":0}","audit_id":"audit_1787671830621_qbc2"}
{"timestamp":"2026-08-25T15:30:30.645Z","action":"memory.add","actor":"daily-sync","target":"若兰","result":"success","detail":"{\"agent\":\"若兰\",\"type\":\"fix\",\"structural_weight\":0}","audit_id":"audit_1787671830645_jlx2"}
{"timestamp":"2026-08-25T15:30:30.672Z","action":"memory.add","actor":"daily-sync","target":"若兰","result":"success","detail":"{\"agent\":\"若兰\",\"type\":\"milestone\",\"structural_weight\":0.6}","audit_id":"audit_1787671830672_wt3g"}
{"timestamp":"2026-08-25T15:30:30.697Z","action":"memory.add","actor":"daily-sync","target":"若兰","result":"success","detail":"{\"agent\":\"若兰\",\"type\":\"milestone\",\"structural_weight\":0.6}","audit_id":"audit_1787671830697_acbr"}
{"timestamp":"2026-08-25T15:30:30.722Z","action":"memory.add","actor":"daily-sync","target":"若兰","result":"success","detail":"{\"agent\":\"若兰\",\"type\":\"milestone\",\"structural_weight\":0.6}","audit_id":"audit_1787671830722_3fmp"}
{"timestamp":"2026-08-25T15:30:30.746Z","action":"memory.add","actor":"daily-sync","target":"若兰","result":"success","detail":"{\"agent\":\"若兰\",\"type\":\"event\",\"structural_weight\":0}","audit_id":"audit_1787671830746_v5p3"}
{"timestamp":"2026-08-25T15:30:30.769Z","action":"memory.add","actor":"daily-sync","target":"若兰","result":"success","detail":"{\"agent\":\"若兰\",\"type\":\"event\",\"structural_weight\":0}","audit_id":"audit_1787671830769_3amw"}
{"timestamp":"2026-08-25T15:30:30.791Z","action":"memory.add","actor":"daily-sync","target":"若兰","result":"success","detail":"{\"agent\":\"若兰\",\"type\":\"event\",\"structural_weight\":0}","audit_id":"audit_1787671830791_glam"}
{"timestamp":"2026-08-25T15:30:30.815Z","action":"memory.add","actor":"daily-sync","target":"若兰","result":"success","detail":"{\"agent\":\"若兰\",\"type\":\"event\",\"structural_weight\":0}","audit_id":"audit_1787671830815_i1y7"}
{"timestamp":"2026-08-25T15:30:30.838Z","action":"memory.add","actor":"daily-sync","target":"若兰","result":"success","detail":"{\"agent\":\"若兰\",\"type\":\"event\",\"structural_weight\":0}","audit_id":"audit_1787671830838_8k9t"}
{"timestamp":"2026-08-25T15:30:30.864Z","action":"memory.add","actor":"daily-sync","target":"若兰","result":"success","detail":"{\"agent\":\"若兰\",\"type\":\"event\",\"structural_weight\":0}","audit_id":"audit_1787671830864_b77l"}
{"timestamp":"2026-08-25T15:30:30.890Z","action":"memory.add","actor":"daily-sync","target":"若兰","result":"success","detail":"{\"agent\":\"若兰\",\"type\":\"event\",\"structural_weight\":0}","audit_id":"audit_1787671830890_1p2m"}
{"timestamp":"2026-08-25T15:30:30.913Z","action":"memory.add","actor":"daily-sync","target":"若兰","result":"success","detail":"{\"agent\":\"若兰\",\"type\":\"event\",\"structural_weight\":0}","audit_id":"audit_1787671830913_7qr3"}
{"timestamp":"2026-08-25T15:30:30.937Z","action":"memory.add","actor":"daily-sync","target":"若兰","result":"success","detail":"{\"agent\":\"若兰\",\"type\":\"event\",\"structural_weight\":0}","audit_id":"audit_1787671830937_81o9"}
{"timestamp":"2026-08-25T15:30:30.960Z","action":"memory.add","actor":"daily-sync","target":"若兰","result":"success","detail":"{\"agent\":\"若兰\",\"type\":\"discovery\",\"structural_weight\":0}","audit_id":"audit_1787671830960_lrlj"}
{"timestamp":"2026-08-25T15:30:30.984Z","action":"memory.add","actor":"daily-sync","target":"若兰","result":"success","detail":"{\"agent\":\"若兰\",\"type\":\"event\",\"structural_weight\":0}","audit_id":"audit_1787671830984_wso5"}
{"timestamp":"2026-08-25T15:30:31.007Z","action":"memory.add","actor":"daily-sync","target":"若兰","result":"success","detail":"{\"agent\":\"若兰\",\"type\":\"fix\",\"structural_weight\":0}","audit_id":"audit_1787671831007_rtg6"}
{"timestamp":"2026-08-25T15:30:31.031Z","action":"memory.add","actor":"daily-sync","target":"若兰","result":"success","detail":"{\"agent\":\"若兰\",\"type\":\"event\",\"structural_weight\":0}","audit_id":"audit_1787671831031_1ed2"}
{"timestamp":"2026-08-25T15:30:31.054Z","action":"memory.add","actor":"daily-sync","target":"若兰","result":"success","detail":"{\"agent\":\"若兰\",\"type\":\"event\",\"structural_weight\":0}","audit_id":"audit_1787671831054_yytk"}
{"timestamp":"2026-08-25T15:30:31.081Z","action":"memory.add","actor":"daily-sync","target":"若兰","result":"success","detail":"{\"agent\":\"若兰\",\"type\":\"event\",\"structural_weight\":0}","audit_id":"audit_1787671831081_b2w2"}
{"timestamp":"2026-08-25T15:30:31.107Z","action":"memory.add","actor":"daily-sync","target":"若兰","result":"success","detail":"{\"agent\":\"若兰\",\"type\":\"event\",\"structural_weight\":0}","audit_id":"audit_1787671831107_lwg5"}
{"timestamp":"2026-08-25T15:30:31.130Z","action":"memory.add","actor":"daily-sync","target":"若兰","result":"success","detail":"{\"agent\":\"若兰\",\"type\":\"event\",\"structural_weight\":0}","audit_id":"audit_1787671831130_7n22"}
{"timestamp":"2026-08-25T15:30:31.154Z","action":"memory.add","actor":"daily-sync","target":"若兰","result":"success","detail":"{\"agent\":\"若兰\",\"type\":\"event\",\"structural_weight\":0}","audit_id":"audit_1787671831154_h92i"}
{"timestamp":"2026-08-25T15:30:31.177Z","action":"memory.add","actor":"daily-sync","target":"若兰","result":"success","detail":"{\"agent\":\"若兰\",\"type\":\"milestone\",\"structural_weight\":0.6}","audit_id":"audit_1787671831177_66hp"}
{"timestamp":"2026-08-25T15:30:31.203Z","action":"memory.add","actor":"daily-sync","target":"若兰","result":"success","detail":"{\"agent\":\"若兰\",\"type\":\"milestone\",\"structural_weight\":0.6}","audit_id":"audit_1787671831203_sm2v"}
{"timestamp":"2026-08-25T15:30:31.649Z","action":"memory.add","actor":"daily-sync","target":"若兰","result":"success","detail":"{\"agent\":\"若兰\",\"type\":\"milestone\",\"structural_weight\":0.6}","audit_id":"audit_1787671831649_e44r"}
{"timestamp":"2026-08-25T15:30:31.674Z","action":"memory.add","actor":"daily-sync","target":"若兰","result":"success","detail":"{\"agent\":\"若兰\",\"type\":\"event\",\"structural_weight\":0}","audit_id":"audit_1787671831674_tq8q"}
{"timestamp":"2026-08-25T15:30:31.698Z","action":"memory.add","actor":"daily-sync","target":"若兰","result":"success","detail":"{\"agent\":\"若兰\",\"type\":\"discovery\",\"structural_weight\":0}","audit_id":"audit_1787671831698_c4tj"}
{"timestamp":"2026-08-25T15:30:31.735Z","action":"memory.add","actor":"daily-sync","target":"若兰","result":"success","detail":"{\"agent\":\"若兰\",\"type\":\"milestone\",\"structural_weight\":0.6}","audit_id":"audit_1787671831735_zdzd"}
{"timestamp":"2026-08-25T15:30:31.762Z","action":"memory.add","actor":"daily-sync","target":"若兰","result":"success","detail":"{\"agent\":\"若兰\",\"type\":\"milestone\",\"structural_weight\":0.6}","audit_id":"audit_1787671831762_pni4"}
{"timestamp":"2026-08-25T15:30:31.789Z","action":"memory.add","actor":"daily-sync","target":"若兰","result":"success","detail":"{\"agent\":\"若兰\",\"type\":\"milestone\",\"structural_weight\":0.6}","audit_id":"audit_1787671831789_9a33"}
{"timestamp":"2026-08-25T15:30:31.817Z","action":"memory.add","actor":"daily-sync","target":"若兰","result":"success","detail":"{\"agent\":\"若兰\",\"type\":\"event\",\"structural_weight\":0}","audit_id":"audit_1787671831817_s3hb"}
{"timestamp":"2026-08-25T15:30:31.844Z","action":"memory.add","actor":"daily-sync","target":"若兰","result":"success","detail":"{\"agent\":\"若兰\",\"type\":\"event\",\"structural_weight\":0}","audit_id":"audit_1787671831844_l59j"}
{"timestamp":"2026-08-25T15:30:31.867Z","action":"memory.add","actor":"daily-sync","target":"若兰","result":"success","detail":"{\"agent\":\"若兰\",\"type\":\"event\",\"structural_weight\":0}","audit_id":"audit_1787671831867_jpm5"}
{"timestamp":"2026-08-25T15:30:31.895Z","action":"memory.add","actor":"daily-sync","target":"若兰","result":"success","detail":"{\"agent\":\"若兰\",\"type\":\"decision\",\"structural_weight\":0.6}","audit_id":"audit_1787671831895_vsar"}
{"timestamp":"2026-08-25T15:30:31.922Z","action":"memory.add","actor":"daily-sync","target":"若兰","result":"success","detail":"{\"agent\":\"若兰\",\"type\":\"milestone\",\"structural_weight\":0.6}","audit_id":"audit_1787671831922_tofi"}
{"timestamp":"2026-08-25T15:30:31.945Z","action":"memory.add","actor":"daily-sync","target":"若兰","result":"success","detail":"{\"agent\":\"若兰\",\"type\":\"milestone\",\"structural_weight\":0.6}","audit_id":"audit_1787671831945_xqw0"}
{"timestamp":"2026-08-25T15:30:31.969Z","action":"memory.add","actor":"daily-sync","target":"若兰","result":"success","detail":"{\"agent\":\"若兰\",\"type\":\"event\",\"structural_weight\":0}","audit_id":"audit_1787671831969_kjrr"}
{"timestamp":"2026-08-25T15:30:31.991Z","action":"memory.add","actor":"daily-sync","target":"若兰","result":"success","detail":"{\"agent\":\"若兰\",\"type\":\"event\",\"structural_weight\":0}","audit_id":"audit_1787671831991_hop7"}
{"timestamp":"2026-08-25T15:30:32.018Z","action":"memory.add","actor":"daily-sync","target":"若兰","result":"success","detail":"{\"agent\":\"若兰\",\"type\":\"event\",\"structural_weight\":0}","audit_id":"audit_1787671832018_thd9"}
{"timestamp":"2026-08-25T15:30:32.040Z","action":"memory.add","actor":"daily-sync","target":"若兰","result":"success","detail":"{\"agent\":\"若兰\",\"type\":\"decision\",\"structural_weight\":0.6}","audit_id":"audit_1787671832040_50km"}
{"timestamp":"2026-08-25T15:30:32.066Z","action":"memory.add","actor":"daily-sync","target":"若兰","result":"success","detail":"{\"agent\":\"若兰\",\"type\":\"event\",\"structural_weight\":0}","audit_id":"audit_1787671832066_1qb3"}
{"timestamp":"2026-08-25T15:30:32.089Z","action":"memory.add","actor":"daily-sync","target":"若兰","result":"success","detail":"{\"agent\":\"若兰\",\"type\":\"event\",\"structural_weight\":0}","audit_id":"audit_1787671832089_r95p"}
{"timestamp":"2026-08-25T15:30:32.113Z","action":"memory.add","actor":"daily-sync","target":"若兰","result":"success","detail":"{\"agent\":\"若兰\",\"type\":\"discovery\",\"structural_weight\":0}","audit_id":"audit_1787671832113_1je6"}
{"timestamp":"2026-08-25T15:30:32.139Z","action":"memory.add","actor":"daily-sync","target":"若兰","result":"success","detail":"{\"agent\":\"若兰\",\"type\":\"todo\",\"structural_weight\":0}","audit_id":"audit_1787671832139_xq6b"}
{"timestamp":"2026-08-25T15:30:32.162Z","action":"memory.add","actor":"daily-sync","target":"若兰","result":"success","detail":"{\"agent\":\"若兰\",\"type\":\"milestone\",\"structural_weight\":0.6}","audit_id":"audit_1787671832162_oxqb"}
{"timestamp":"2026-08-25T15:30:32.188Z","action":"memory.add","actor":"daily-sync","target":"若兰","result":"success","detail":"{\"agent\":\"若兰\",\"type\":\"decision\",\"structural_weight\":0.6}","audit_id":"audit_1787671832188_3r9x"}
{"timestamp":"2026-08-25T15:30:32.214Z","action":"memory.add","actor":"daily-sync","target":"若兰","result":"success","detail":"{\"agent\":\"若兰\",\"type\":\"milestone\",\"structural_weight\":0.6}","audit_id":"audit_1787671832214_rzn9"}
{"timestamp":"2026-08-25T15:30:32.237Z","action":"memory.add","actor":"daily-sync","target":"若兰","result":"success","detail":"{\"agent\":\"若兰\",\"type\":\"milestone\",\"structural_weight\":0.6}","audit_id":"audit_1787671832237_xcfg"}
{"timestamp":"2026-08-25T15:30:32.261Z","action":"memory.add","actor":"daily-sync","target":"若兰","result":"success","detail":"{\"agent\":\"若兰\",\"type\":\"event\",\"structural_weight\":0}","audit_id":"audit_1787671832261_18hi"}
{"timestamp":"2026-08-25T15:30:32.288Z","action":"memory.add","actor":"daily-sync","target":"若兰","result":"success","detail":"{\"agent\":\"若兰\",\"type\":\"decision\",\"structural_weight\":0.6}","audit_id":"audit_1787671832288_j1mv"}
{"timestamp":"2026-08-25T15:30:32.317Z","action":"memory.add","actor":"daily-sync","target":"若兰","result":"success","detail":"{\"agent\":\"若兰\",\"type\":\"event\",\"structural_weight\":0}","audit_id":"audit_1787671832317_rnua"}
{"timestamp":"2026-08-25T15:30:32.340Z","action":"memory.add","actor":"daily-sync","target":"若兰","result":"success","detail":"{\"agent\":\"若兰\",\"type\":\"fix\",\"structural_weight\":0}","audit_id":"audit_1787671832340_hgti"}
{"timestamp":"2026-08-25T15:30:32.368Z","action":"memory.add","actor":"daily-sync","target":"若兰","result":"success","detail":"{\"agent\":\"若兰\",\"type\":\"event\",\"structural_weight\":0}","audit_id":"audit_1787671832368_zei8"}
{"timestamp":"2026-08-25T15:30:32.396Z","action":"memory.add","actor":"daily-sync","target":"若兰","result":"success","detail":"{\"agent\":\"若兰\",\"type\":\"discovery\",\"structural_weight\":0}","audit_id":"audit_1787671832396_7kna"}
{"timestamp":"2026-08-25T15:30:32.425Z","action":"memory.add","actor":"daily-sync","target":"若兰","result":"success","detail":"{\"agent\":\"若兰\",\"type\":\"milestone\",\"structural_weight\":0.6}","audit_id":"audit_1787671832425_gnk4"}
{"timestamp":"2026-08-25T15:30:32.450Z","action":"memory.add","actor":"daily-sync","target":"若兰","result":"success","detail":"{\"agent\":\"若兰\",\"type\":\"event\",\"structural_weight\":0}","audit_id":"audit_1787671832450_zc1y"}
{"timestamp":"2026-08-25T15:30:32.476Z","action":"memory.add","actor":"daily-sync","target":"若兰","result":"success","detail":"{\"agent\":\"若兰\",\"type\":\"event\",\"structural_weight\":0}","audit_id":"audit_1787671832476_umgi"}
{"timestamp":"2026-08-25T15:30:32.502Z","action":"memory.add","actor":"daily-sync","target":"若兰","result":"success","detail":"{\"agent\":\"若兰\",\"type\":\"milestone\",\"structural_weight\":0.6}","audit_id":"audit_1787671832502_zajk"}
{"timestamp":"2026-08-25T15:30:32.528Z","action":"memory.add","actor":"daily-sync","target":"若兰","result":"success","detail":"{\"agent\":\"若兰\",\"type\":\"discovery\",\"structural_weight\":0}","audit_id":"audit_1787671832528_e1d5"}
{"timestamp":"2026-08-25T15:30:32.557Z","action":"memory.add","actor":"daily-sync","target":"若兰","result":"success","detail":"{\"agent\":\"若兰\",\"type\":\"decision\",\"structural_weight\":0.6}","audit_id":"audit_1787671832557_yon8"}
{"timestamp":"2026-08-25T15:30:33.062Z","action":"memory.add","actor":"daily-sync","target":"若兰","result":"success","detail":"{\"agent\":\"若兰\",\"type\":\"event\",\"structural_weight\":0}","audit_id":"audit_1787671833062_cgyg"}
{"timestamp":"2026-08-25T15:30:33.085Z","action":"memory.add","actor":"daily-sync","target":"若兰","result":"success","detail":"{\"agent\":\"若兰\",\"type\":\"event\",\"structural_weight\":0}","audit_id":"audit_1787671833085_z3hx"}
{"timestamp":"2026-08-25T15:30:33.110Z","action":"memory.add","actor":"daily-sync","target":"若兰","result":"success","detail":"{\"agent\":\"若兰\",\"type\":\"event\",\"structural_weight\":0}","audit_id":"audit_1787671833110_bfq1"}
{"timestamp":"2026-08-25T15:30:33.151Z","action":"memory.add","actor":"daily-sync","target":"若兰","result":"success","detail":"{\"agent\":\"若兰\",\"type\":\"todo\",\"structural_weight\":0}","audit_id":"audit_1787671833151_z869"}
{"timestamp":"2026-08-25T15:30:33.173Z","action":"memory.add","actor":"daily-sync","target":"若兰","result":"success","detail":"{\"agent\":\"若兰\",\"type\":\"milestone\",\"structural_weight\":0.6}","audit_id":"audit_1787671833173_a6r1"}
{"timestamp":"2026-08-25T15:30:33.198Z","action":"memory.add","actor":"daily-sync","target":"若兰","result":"success","detail":"{\"agent\":\"若兰\",\"type\":\"fix\",\"structural_weight\":0}","audit_id":"audit_1787671833198_qhtl"}
{"timestamp":"2026-08-25T15:30:33.221Z","action":"memory.add","actor":"daily-sync","target":"若兰","result":"success","detail":"{\"agent\":\"若兰\",\"type\":\"fix\",\"structural_weight\":0}","audit_id":"audit_1787671833221_p29g"}
{"timestamp":"2026-08-25T15:30:33.245Z","action":"memory.add","actor":"daily-sync","target":"若兰","result":"success","detail":"{\"agent\":\"若兰\",\"type\":\"event\",\"structural_weight\":0}","audit_id":"audit_1787671833245_fnmr"}
{"timestamp":"2026-08-25T15:30:33.267Z","action":"memory.add","actor":"daily-sync","target":"若兰","result":"success","detail":"{\"agent\":\"若兰\",\"type\":\"event\",\"structural_weight\":0}","audit_id":"audit_1787671833267_m1p5"}
{"timestamp":"2026-08-25T15:30:33.291Z","action":"memory.add","actor":"daily-sync","target":"若兰","result":"success","detail":"{\"agent\":\"若兰\",\"type\":\"milestone\",\"structural_weight\":0.6}","audit_id":"audit_1787671833291_gpum"}
{"timestamp":"2026-08-25T15:30:33.333Z","action":"memory.add","actor":"daily-sync","target":"若兰","result":"success","detail":"{\"agent\":\"若兰\",\"type\":\"milestone\",\"structural_weight\":0.6}","audit_id":"audit_1787671833333_fjzn"}
{"timestamp":"2026-08-25T15:30:33.369Z","action":"memory.add","actor":"daily-sync","target":"若兰","result":"success","detail":"{\"agent\":\"若兰\",\"type\":\"event\",\"structural_weight\":0}","audit_id":"audit_1787671833369_85qk"}
{"timestamp":"2026-08-25T15:30:33.395Z","action":"memory.add","actor":"daily-sync","target":"若兰","result":"success","detail":"{\"agent\":\"若兰\",\"type\":\"event\",\"structural_weight\":0}","audit_id":"audit_1787671833395_ndfs"}
{"timestamp":"2026-08-25T15:30:33.420Z","action":"memory.add","actor":"daily-sync","target":"若兰","result":"success","detail":"{\"agent\":\"若兰\",\"type\":\"event\",\"structural_weight\":0}","audit_id":"audit_1787671833420_m8n4"}
{"timestamp":"2026-08-25T15:30:33.446Z","action":"memory.add","actor":"daily-sync","target":"若兰","result":"success","detail":"{\"agent\":\"若兰\",\"type\":\"event\",\"structural_weight\":0}","audit_id":"audit_1787671833446_utfi"}
{"timestamp":"2026-08-25T15:30:33.478Z","action":"memory.add","actor":"daily-sync","target":"若兰","result":"success","detail":"{\"agent\":\"若兰\",\"type\":\"event\",\"structural_weight\":0}","audit_id":"audit_1787671833478_88nn"}
{"timestamp":"2026-08-25T15:30:33.511Z","action":"memory.add","actor":"daily-sync","target":"若兰","result":"success","detail":"{\"agent\":\"若兰\",\"type\":\"event\",\"structural_weight\":0}","audit_id":"audit_1787671833511_nllt"}
{"timestamp":"2026-08-25T15:30:33.540Z","action":"memory.add","actor":"daily-sync","target":"若兰","result":"success","detail":"{\"agent\":\"若兰\",\"type\":\"event\",\"structural_weight\":0}","audit_id":"audit_1787671833540_9us3"}
{"timestamp":"2026-08-25T15:30:33.574Z","action":"memory.add","actor":"daily-sync","target":"若兰","result":"success","detail":"{\"agent\":\"若兰\",\"type\":\"event\",\"structural_weight\":0}","audit_id":"audit_1787671833574_d9ls"}
{"timestamp":"2026-08-25T15:30:33.605Z","action":"memory.add","actor":"daily-sync","target":"若兰","result":"success","detail":"{\"agent\":\"若兰\",\"type\":\"event\",\"structural_weight\":0}","audit_id":"audit_1787671833605_l7v5"}
{"timestamp":"2026-08-25T15:30:33.633Z","action":"memory.add","actor":"daily-sync","target":"若兰","result":"success","detail":"{\"agent\":\"若兰\",\"type\":\"event\",\"structural_weight\":0}","audit_id":"audit_1787671833633_9u1c"}
{"timestamp":"2026-08-25T15:30:33.663Z","action":"memory.add","actor":"daily-sync","target":"若兰","result":"success","detail":"{\"agent\":\"若兰\",\"type\":\"event\",\"structural_weight\":0}","audit_id":"audit_1787671833663_ijwv"}
{"timestamp":"2026-08-25T15:30:33.694Z","action":"memory.add","actor":"daily-sync","target":"若兰","result":"success","detail":"{\"agent\":\"若兰\",\"type\":\"event\",\"structural_weight\":0}","audit_id":"audit_1787671833694_kaik"}
{"timestamp":"2026-08-25T15:30:33.721Z","action":"memory.add","actor":"daily-sync","target":"若兰","result":"success","detail":"{\"agent\":\"若兰\",\"type\":\"event\",\"structural_weight\":0}","audit_id":"audit_1787671833721_p8fu"}
{"timestamp":"2026-08-25T15:30:33.749Z","action":"memory.add","actor":"daily-sync","target":"若兰","result":"success","detail":"{\"agent\":\"若兰\",\"type\":\"event\",\"structural_weight\":0}","audit_id":"audit_1787671833749_llbt"}
{"timestamp":"2026-08-25T15:30:33.799Z","action":"memory.add","actor":"daily-sync","target":"若兰","result":"success","detail":"{\"agent\":\"若兰\",\"type\":\"event\",\"structural_weight\":0}","audit_id":"audit_1787671833799_b33z"}
{"timestamp":"2026-08-25T15:30:33.836Z","action":"memory.add","actor":"daily-sync","target":"若兰","result":"success","detail":"{\"agent\":\"若兰\",\"type\":\"event\",\"structural_weight\":0}","audit_id":"audit_1787671833836_ix0b"}
{"timestamp":"2026-08-25T15:30:33.882Z","action":"memory.get","actor":"若兰","target":"若兰","result":"success","detail":"{\"agent\":\"若兰\",\"count\":2500}","audit_id":"audit_1787671833882_mx1l"}
{"timestamp":"2026-08-25T15:30:33.910Z","action":"memory.add","actor":"daily-sync","target":"若兰","result":"success","detail":"{\"agent\":\"若兰\",\"type\":\"lesson\",\"structural_weight\":0.5}","audit_id":"audit_1787671833910_k9iz"}
{"timestamp":"2026-08-25T15:30:34.020Z","action":"memory.add","actor":"daily-sync","target":"若兰","result":"success","detail":"{\"agent\":\"若兰\",\"type\":\"lesson\",\"structural_weight\":0.5}","audit_id":"audit_1787671834020_1o7r"}
{"timestamp":"2026-08-25T15:30:34.102Z","action":"memory.get","actor":"若兰","target":"若兰","result":"success","detail":"{\"agent\":\"若兰\",\"count\":2502}","audit_id":"audit_1787671834102_rjci"}
{"timestamp":"2026-08-25T15:30:34.203Z","action":"memory.add","actor":"daily-sync","target":"若兰","result":"success","detail":"{\"agent\":\"若兰\",\"type\":\"community\",\"structural_weight\":0.4}","audit_id":"audit_1787671834203_v9dr"}
{"timestamp":"2026-08-25T15:30:34.241Z","action":"memory.get","actor":"若兰","target":"若兰","result":"success","detail":"{\"agent\":\"若兰\",\"count\":2503}","audit_id":"audit_1787671834241_te1l"}
{"timestamp":"2026-08-25T15:50:06.727Z","action":"memory.add","actor":"dream","target":"若兰","result":"success","detail":"{\"agent\":\"若兰\",\"type\":\"milestone\",\"structural_weight\":0.6}","audit_id":"audit_1787673006727_dz3u"}
{"timestamp":"2026-08-25T15:50:07.371Z","action":"memory.add","actor":"dream","target":"若兰","result":"success","detail":"{\"agent\":\"若兰\",\"type\":\"decision\",\"structural_weight\":0.6}","audit_id":"audit_1787673007371_31ma"}
{"timestamp":"2026-08-25T15:50:07.455Z","action":"memory.add","actor":"dream","target":"若兰","result":"success","detail":"{\"agent\":\"若兰\",\"type\":\"milestone\",\"structural_weight\":0.6}","audit_id":"audit_1787673007455_ny9o"}
{"timestamp":"2026-08-25T15:50:07.542Z","action":"memory.add","actor":"dream","target":"若兰","result":"success","detail":"{\"agent\":\"若兰\",\"type\":\"milestone\",\"structural_weight\":0.6}","audit_id":"audit_1787673007542_xoba"}
{"timestamp":"2026-08-25T15:50:07.626Z","action":"memory.add","actor":"dream","target":"若兰","result":"success","detail":"{\"agent\":\"若兰\",\"type\":\"milestone\",\"structural_weight\":0.6}","audit_id":"audit_1787673007626_mbv5"}
{"timestamp":"2026-08-25T15:50:07.707Z","action":"memory.add","actor":"dream","target":"若兰","result":"success","detail":"{\"agent\":\"若兰\",\"type\":\"decision\",\"structural_weight\":0.6}","audit_id":"audit_1787673007707_0y6g"}
{"timestamp":"2026-08-25T15:50:07.797Z","action":"memory.add","actor":"dream","target":"若兰","result":"success","detail":"{\"agent\":\"若兰\",\"type\":\"milestone\",\"structural_weight\":0.6}","audit_id":"audit_1787673007797_v74z"}
{"timestamp":"2026-08-25T15:50:08.446Z","action":"memory.add","actor":"dream","target":"若兰","result":"success","detail":"{\"agent\":\"若兰\",\"type\":\"milestone\",\"structural_weight\":0.6}","audit_id":"audit_1787673008446_bk36"}
{"timestamp":"2026-08-25T15:50:08.571Z","action":"memory.add","actor":"dream","target":"若兰","result":"success","detail":"{\"agent\":\"若兰\",\"type\":\"milestone\",\"structural_weight\":0.6}","audit_id":"audit_1787673008571_39zf"}
{"timestamp":"2026-08-25T15:50:08.683Z","action":"memory.add","actor":"dream","target":"若兰","result":"success","detail":"{\"agent\":\"若兰\",\"type\":\"milestone\",\"structural_weight\":0.6}","audit_id":"audit_1787673008683_ngdh"}
{"timestamp":"2026-08-25T15:50:08.757Z","action":"memory.add","actor":"dream","target":"若兰","result":"success","detail":"{\"agent\":\"若兰\",\"type\":\"decision\",\"structural_weight\":0.6}","audit_id":"audit_1787673008757_p9sn"}
{"timestamp":"2026-08-25T15:50:08.825Z","action":"memory.add","actor":"dream","target":"若兰","result":"success","detail":"{\"agent\":\"若兰\",\"type\":\"decision\",\"structural_weight\":0.6}","audit_id":"audit_1787673008825_mqnu"}
{"timestamp":"2026-08-25T15:50:09.141Z","action":"memory.add","actor":"dream","target":"若兰","result":"success","detail":"{\"agent\":\"若兰\",\"type\":\"decision\",\"structural_weight\":0.6}","audit_id":"audit_1787673009141_0649"}
{"timestamp":"2026-08-25T15:50:09.770Z","action":"memory.add","actor":"dream","target":"若兰","result":"success","detail":"{\"agent\":\"若兰\",\"type\":\"decision\",\"structural_weight\":0.6}","audit_id":"audit_1787673009770_kzk2"}
{"timestamp":"2026-08-25T15:50:09.841Z","action":"memory.add","actor":"dream","target":"若兰","result":"success","detail":"{\"agent\":\"若兰\",\"type\":\"decision\",\"structural_weight\":0.6}","audit_id":"audit_1787673009841_2wtb"}
{"timestamp":"2026-08-25T15:50:09.920Z","action":"memory.add","actor":"dream","target":"若兰","result":"success","detail":"{\"agent\":\"若兰\",\"type\":\"milestone\",\"structural_weight\":0.6}","audit_id":"audit_1787673009920_lulo"}
{"timestamp":"2026-08-25T15:50:10.129Z","action":"memory.get","actor":"若兰","target":"若兰","result":"success","detail":"{\"agent\":\"若兰\",\"count\":2519}","audit_id":"audit_1787673010129_q8d4"}
