{"timestamp":"2026-08-19T12:46:27.231Z","action":"memory.add","actor":"若兰","target":"测试Agent","result":"success","detail":"{\"agent\":\"测试Agent\",\"confidence\":\"medium\",\"structural_weight\":0}","audit_id":"audit_1787143587231_h0oj"}
{"timestamp":"2026-08-19T12:46:27.240Z","action":"memory.get","actor":"若兰","target":"测试Agent","result":"success","detail":"{\"agent\":\"测试Agent\",\"count\":1}","audit_id":"audit_1787143587240_8ck6"}
{"timestamp":"2026-08-19T12:46:27.258Z","action":"memory.add","actor":"若兰","target":"测试Agent","result":"success","detail":"{\"agent\":\"测试Agent\",\"structural_weight\":0.8}","audit_id":"audit_1787143587258_yd0y"}
{"timestamp":"2026-08-19T12:46:27.279Z","action":"memory.get","actor":"若兰","target":"测试Agent","result":"success","detail":"{\"agent\":\"测试Agent\",\"count\":2}","audit_id":"audit_1787143587279_9xqp"}
{"timestamp":"2026-08-19T12:46:27.294Z","action":"memory.add","actor":"若兰","target":"测试Agent","result":"success","detail":"{\"agent\":\"测试Agent\",\"structural_weight\":0}","audit_id":"audit_1787143587294_jf2p"}
{"timestamp":"2026-08-19T12:46:27.302Z","action":"memory.get","actor":"若兰","target":"测试Agent","result":"success","detail":"{\"agent\":\"测试Agent\",\"count\":3}","audit_id":"audit_1787143587302_640f"}
{"timestamp":"2026-08-19T12:46:27.310Z","action":"memory.get","actor":"若兰","target":"测试Agent","result":"success","detail":"{\"agent\":\"测试Agent\",\"count\":3}","audit_id":"audit_1787143587310_nc1f"}
{"timestamp":"2026-08-19T12:46:27.316Z","action":"memory.query","actor":"若兰","target":"测试Agent","result":"success","detail":"{\"agent\":\"测试Agent\",\"count\":3}","audit_id":"audit_1787143587316_w0aq"}
{"timestamp":"2026-08-19T12:46:27.329Z","action":"memory.get","actor":"若兰","target":"测试Agent","result":"success","detail":"{\"agent\":\"测试Agent\",\"count\":3}","audit_id":"audit_1787143587329_r3vz"}
{"timestamp":"2026-08-19T12:46:27.335Z","action":"memory.query","actor":"若兰","target":"","result":"success","detail":"{\"count\":1}","audit_id":"audit_1787143587335_29db"}
{"timestamp":"2026-08-19T12:46:27.348Z","action":"memory.get","actor":"若兰","target":"测试Agent","result":"success","detail":"{\"agent\":\"测试Agent\",\"count\":3}","audit_id":"audit_1787143587348_yj86"}
{"timestamp":"2026-08-19T12:46:27.355Z","action":"memory.query","actor":"若兰","target":"","result":"success","detail":"{\"count\":3}","audit_id":"audit_1787143587355_fd8g"}
{"timestamp":"2026-08-19T12:46:27.375Z","action":"memory.feedback","actor":"若兰","target":"","result":"success","detail":"{\"targetId\":\"test_1787143587216\",\"type\":\"correction\"}","audit_id":"audit_1787143587375_zml8"}
{"timestamp":"2026-08-19T12:46:27.388Z","action":"memory.delete","actor":"若兰","target":"","result":"success","detail":"{\"id\":\"test_1787143587216\"}","audit_id":"audit_1787143587388_e9jn"}
{"timestamp":"2026-08-19T12:46:27.394Z","action":"memory.get","actor":"若兰","target":"测试Agent","result":"success","detail":"{\"agent\":\"测试Agent\",\"count\":2}","audit_id":"audit_1787143587394_s0uw"}
{"timestamp":"2026-08-19T12:46:27.400Z","action":"memory.add","actor":"test","target":"回归Agent","result":"success","detail":"{\"agent\":\"回归Agent\",\"type\":\"event\",\"structural_weight\":0}","audit_id":"audit_1787143587400_5g8z"}
{"timestamp":"2026-08-19T12:46:27.410Z","action":"memory.add","actor":"test","target":"回归Agent","result":"success","detail":"{\"agent\":\"回归Agent\",\"type\":\"event\",\"structural_weight\":0}","audit_id":"audit_1787143587410_pcke"}
{"timestamp":"2026-08-19T12:46:27.416Z","action":"memory.add","actor":"test","target":"回归Agent","result":"success","detail":"{\"agent\":\"回归Agent\",\"type\":\"event\",\"structural_weight\":0}","audit_id":"audit_1787143587416_hbew"}
{"timestamp":"2026-08-19T12:46:27.422Z","action":"memory.get","actor":"若兰","target":"回归Agent","result":"success","detail":"{\"agent\":\"回归Agent\",\"count\":3}","audit_id":"audit_1787143587422_7cs1"}
{"timestamp":"2026-08-19T12:46:27.430Z","action":"memory.feedback","actor":"若兰","target":"","result":"success","detail":"{\"targetId\":\"mem_mt035dg5_a8yn\",\"type\":\"correction\"}","audit_id":"audit_1787143587430_u81k"}
{"timestamp":"2026-08-19T12:46:27.435Z","action":"memory.get","actor":"若兰","target":"回归Agent","result":"success","detail":"{\"agent\":\"回归Agent\",\"count\":3}","audit_id":"audit_1787143587435_s68z"}
{"timestamp":"2026-08-19T12:46:27.444Z","action":"memory.delete","actor":"若兰","target":"","result":"success","detail":"{\"id\":\"mem_mt035dg5_a8yn\"}","audit_id":"audit_1787143587444_rmld"}
{"timestamp":"2026-08-19T12:46:27.454Z","action":"memory.delete","actor":"若兰","target":"","result":"success","detail":"{\"id\":\"mem_mt035dfx_bvdc\"}","audit_id":"audit_1787143587454_juvz"}
{"timestamp":"2026-08-19T12:46:27.464Z","action":"memory.delete","actor":"若兰","target":"","result":"success","detail":"{\"id\":\"mem_mt035dfq_bscx\"}","audit_id":"audit_1787143587464_t56e"}
{"timestamp":"2026-08-19T12:46:27.472Z","action":"memory.add","actor":"test","target":"回归Agent","result":"success","detail":"{\"agent\":\"回归Agent\",\"type\":\"lesson\",\"structural_weight\":0}","audit_id":"audit_1787143587472_o8mc"}
{"timestamp":"2026-08-19T12:46:27.477Z","action":"memory.get","actor":"若兰","target":"回归Agent","result":"success","detail":"{\"agent\":\"回归Agent\",\"count\":1}","audit_id":"audit_1787143587477_u1i3"}
{"timestamp":"2026-08-19T12:46:27.480Z","action":"memory.query","actor":"若兰","target":"回归Agent","result":"success","detail":"{\"agent\":\"回归Agent\",\"tags\":[\"碳硅契\"],\"count\":1}","audit_id":"audit_1787143587480_bfl1"}
{"timestamp":"2026-08-19T12:46:27.486Z","action":"memory.get","actor":"若兰","target":"回归Agent","result":"success","detail":"{\"agent\":\"回归Agent\",\"count\":1}","audit_id":"audit_1787143587486_o21m"}
{"timestamp":"2026-08-19T12:46:27.488Z","action":"memory.query","actor":"若兰","target":"回归Agent","result":"success","detail":"{\"agent\":\"回归Agent\",\"count\":0}","audit_id":"audit_1787143587488_8vd5"}
{"timestamp":"2026-08-19T12:46:27.497Z","action":"memory.delete","actor":"若兰","target":"","result":"success","detail":"{\"id\":\"mem_mt035dhn_mdpj\"}","audit_id":"audit_1787143587497_z8uj"}
{"timestamp":"2026-08-19T12:46:27.515Z","action":"memory.delete","actor":"若兰","target":"","result":"success","detail":"{\"id\":\"test_identity_1787143587253\"}","audit_id":"audit_1787143587515_b1y5"}
{"timestamp":"2026-08-19T12:46:27.539Z","action":"memory.delete","actor":"若兰","target":"","result":"success","detail":"{\"id\":\"test_provenance_1787143587286\"}","audit_id":"audit_1787143587539_41wp"}
{"timestamp":"2026-08-19T12:46:27.553Z","action":"memory.add","actor":"test","target":"回归Agent","result":"success","detail":"{\"agent\":\"回归Agent\",\"type\":\"event\",\"structural_weight\":0}","audit_id":"audit_1787143587553_b00b"}
{"timestamp":"2026-08-19T12:46:27.576Z","action":"memory.delete","actor":"若兰","target":"","result":"success","detail":"{\"id\":\"mem_mt035djt_sm7x\"}","audit_id":"audit_1787143587576_c6r1"}
{"timestamp":"2026-08-19T12:46:27.584Z","action":"memory.get","actor":"若兰","target":"回归Agent","result":"success","detail":"{\"agent\":\"回归Agent\",\"count\":0}","audit_id":"audit_1787143587584_0ab5"}
{"timestamp":"2026-08-19T12:46:28.010Z","action":"memory.add","actor":"distill","target":"若兰","result":"success","detail":"{\"agent\":\"若兰\",\"type\":\"lesson\",\"structural_weight\":0}","audit_id":"audit_1787143588010_tgt7"}
{"timestamp":"2026-08-19T12:46:28.034Z","action":"memory.get","actor":"若兰","target":"若兰","result":"success","detail":"{\"agent\":\"若兰\",\"count\":1}","audit_id":"audit_1787143588034_dz7v"}
{"timestamp":"2026-08-19T12:46:28.048Z","action":"memory.get","actor":"若兰","target":"若兰","result":"success","detail":"{\"agent\":\"若兰\",\"count\":1}","audit_id":"audit_1787143588048_nej5"}
{"timestamp":"2026-08-19T12:46:28.066Z","action":"memory.delete","actor":"若兰","target":"","result":"success","detail":"{\"id\":\"mem_mt035dwd_kfeo\"}","audit_id":"audit_1787143588066_6tls"}
{"timestamp":"2026-08-19T12:46:35.386Z","action":"memory.add","actor":"user","target":"若兰","result":"success","detail":"{\"agent\":\"若兰\",\"type\":\"identity\",\"structural_weight\":1}","audit_id":"audit_1787143595386_1pnm"}
{"timestamp":"2026-08-19T12:46:35.401Z","action":"memory.add","actor":"user","target":"若兰","result":"success","detail":"{\"agent\":\"若兰\",\"type\":\"promise\",\"structural_weight\":0.9}","audit_id":"audit_1787143595401_9824"}
{"timestamp":"2026-08-19T12:46:35.413Z","action":"memory.add","actor":"session","target":"若兰","result":"success","detail":"{\"agent\":\"若兰\",\"type\":\"event\",\"structural_weight\":0}","audit_id":"audit_1787143595413_5s83"}
{"timestamp":"2026-08-19T12:46:35.428Z","action":"memory.add","actor":"session","target":"若兰","result":"success","detail":"{\"agent\":\"若兰\",\"type\":\"lesson\",\"structural_weight\":0}","audit_id":"audit_1787143595428_3t47"}
{"timestamp":"2026-08-19T12:46:35.442Z","action":"memory.add","actor":"system","target":"若兰","result":"success","detail":"{\"agent\":\"若兰\",\"type\":\"discovery\",\"structural_weight\":0}","audit_id":"audit_1787143595442_6b4g"}
{"timestamp":"2026-08-19T12:46:38.881Z","action":"memory.get","actor":"若兰","target":"若兰","result":"success","detail":"{\"agent\":\"若兰\",\"count\":5}","audit_id":"audit_1787143598881_w7vg"}
{"timestamp":"2026-08-19T12:46:38.897Z","action":"memory.add","actor":"daily-sync","target":"若兰","result":"success","detail":"{\"agent\":\"若兰\",\"type\":\"event\",\"structural_weight\":0}","audit_id":"audit_1787143598897_n47v"}
{"timestamp":"2026-08-19T12:46:38.910Z","action":"memory.add","actor":"daily-sync","target":"若兰","result":"success","detail":"{\"agent\":\"若兰\",\"type\":\"event\",\"structural_weight\":0}","audit_id":"audit_1787143598910_1osc"}
{"timestamp":"2026-08-19T12:46:38.922Z","action":"memory.add","actor":"daily-sync","target":"若兰","result":"success","detail":"{\"agent\":\"若兰\",\"type\":\"fix\",\"structural_weight\":0}","audit_id":"audit_1787143598922_q2cu"}
{"timestamp":"2026-08-19T12:46:38.932Z","action":"memory.add","actor":"daily-sync","target":"若兰","result":"success","detail":"{\"agent\":\"若兰\",\"type\":\"decision\",\"structural_weight\":0.6}","audit_id":"audit_1787143598932_4pkn"}
{"timestamp":"2026-08-19T12:46:38.943Z","action":"memory.add","actor":"daily-sync","target":"若兰","result":"success","detail":"{\"agent\":\"若兰\",\"type\":\"event\",\"structural_weight\":0}","audit_id":"audit_1787143598943_gxgn"}
{"timestamp":"2026-08-19T12:46:38.953Z","action":"memory.add","actor":"daily-sync","target":"若兰","result":"success","detail":"{\"agent\":\"若兰\",\"type\":\"discovery\",\"structural_weight\":0}","audit_id":"audit_1787143598953_xgkt"}
{"timestamp":"2026-08-19T12:46:38.975Z","action":"memory.add","actor":"daily-sync","target":"若兰","result":"success","detail":"{\"agent\":\"若兰\",\"type\":\"milestone\",\"structural_weight\":0.6}","audit_id":"audit_1787143598975_7sm8"}
{"timestamp":"2026-08-19T12:46:38.989Z","action":"memory.add","actor":"daily-sync","target":"若兰","result":"success","detail":"{\"agent\":\"若兰\",\"type\":\"milestone\",\"structural_weight\":0.6}","audit_id":"audit_1787143598989_ztb8"}
{"timestamp":"2026-08-19T12:46:39.000Z","action":"memory.add","actor":"daily-sync","target":"若兰","result":"success","detail":"{\"agent\":\"若兰\",\"type\":\"event\",\"structural_weight\":0}","audit_id":"audit_1787143599000_aqvm"}
{"timestamp":"2026-08-19T12:46:39.023Z","action":"memory.add","actor":"daily-sync","target":"若兰","result":"success","detail":"{\"agent\":\"若兰\",\"type\":\"lesson\",\"structural_weight\":0}","audit_id":"audit_1787143599023_wq35"}
{"timestamp":"2026-08-19T12:46:39.048Z","action":"memory.add","actor":"daily-sync","target":"若兰","result":"success","detail":"{\"agent\":\"若兰\",\"type\":\"lesson\",\"structural_weight\":0}","audit_id":"audit_1787143599048_qvbs"}
{"timestamp":"2026-08-19T12:46:39.063Z","action":"memory.add","actor":"daily-sync","target":"若兰","result":"success","detail":"{\"agent\":\"若兰\",\"type\":\"event\",\"structural_weight\":0}","audit_id":"audit_1787143599063_x9sa"}
{"timestamp":"2026-08-19T12:46:39.075Z","action":"memory.add","actor":"daily-sync","target":"若兰","result":"success","detail":"{\"agent\":\"若兰\",\"type\":\"fix\",\"structural_weight\":0}","audit_id":"audit_1787143599075_k3br"}
{"timestamp":"2026-08-19T12:46:39.091Z","action":"memory.add","actor":"daily-sync","target":"若兰","result":"success","detail":"{\"agent\":\"若兰\",\"type\":\"fix\",\"structural_weight\":0}","audit_id":"audit_1787143599091_mlj4"}
{"timestamp":"2026-08-19T12:46:39.100Z","action":"memory.add","actor":"daily-sync","target":"若兰","result":"success","detail":"{\"agent\":\"若兰\",\"type\":\"event\",\"structural_weight\":0}","audit_id":"audit_1787143599100_oehr"}
{"timestamp":"2026-08-19T12:46:39.107Z","action":"memory.add","actor":"daily-sync","target":"若兰","result":"success","detail":"{\"agent\":\"若兰\",\"type\":\"event\",\"structural_weight\":0}","audit_id":"audit_1787143599107_pxxq"}
{"timestamp":"2026-08-19T12:46:39.119Z","action":"memory.add","actor":"daily-sync","target":"若兰","result":"success","detail":"{\"agent\":\"若兰\",\"type\":\"event\",\"structural_weight\":0}","audit_id":"audit_1787143599119_1924"}
{"timestamp":"2026-08-19T12:46:39.126Z","action":"memory.add","actor":"daily-sync","target":"若兰","result":"success","detail":"{\"agent\":\"若兰\",\"type\":\"fix\",\"structural_weight\":0}","audit_id":"audit_1787143599126_up36"}
{"timestamp":"2026-08-19T12:46:39.146Z","action":"memory.add","actor":"daily-sync","target":"若兰","result":"success","detail":"{\"agent\":\"若兰\",\"type\":\"event\",\"structural_weight\":0}","audit_id":"audit_1787143599146_fjse"}
{"timestamp":"2026-08-19T12:46:39.163Z","action":"memory.add","actor":"daily-sync","target":"若兰","result":"success","detail":"{\"agent\":\"若兰\",\"type\":\"event\",\"structural_weight\":0}","audit_id":"audit_1787143599163_bine"}
{"timestamp":"2026-08-19T12:46:39.173Z","action":"memory.add","actor":"daily-sync","target":"若兰","result":"success","detail":"{\"agent\":\"若兰\",\"type\":\"event\",\"structural_weight\":0}","audit_id":"audit_1787143599173_6436"}
{"timestamp":"2026-08-19T12:46:39.185Z","action":"memory.add","actor":"daily-sync","target":"若兰","result":"success","detail":"{\"agent\":\"若兰\",\"type\":\"event\",\"structural_weight\":0}","audit_id":"audit_1787143599185_7ide"}
{"timestamp":"2026-08-19T12:46:39.196Z","action":"memory.add","actor":"daily-sync","target":"若兰","result":"success","detail":"{\"agent\":\"若兰\",\"type\":\"event\",\"structural_weight\":0}","audit_id":"audit_1787143599196_8ytm"}
{"timestamp":"2026-08-19T12:46:39.220Z","action":"memory.add","actor":"daily-sync","target":"若兰","result":"success","detail":"{\"agent\":\"若兰\",\"type\":\"event\",\"structural_weight\":0}","audit_id":"audit_1787143599220_6zg6"}
{"timestamp":"2026-08-19T12:46:39.243Z","action":"memory.add","actor":"daily-sync","target":"若兰","result":"success","detail":"{\"agent\":\"若兰\",\"type\":\"event\",\"structural_weight\":0}","audit_id":"audit_1787143599243_kuke"}
{"timestamp":"2026-08-19T12:46:39.263Z","action":"memory.add","actor":"daily-sync","target":"若兰","result":"success","detail":"{\"agent\":\"若兰\",\"type\":\"discovery\",\"structural_weight\":0}","audit_id":"audit_1787143599263_9u05"}
{"timestamp":"2026-08-19T12:46:39.279Z","action":"memory.add","actor":"daily-sync","target":"若兰","result":"success","detail":"{\"agent\":\"若兰\",\"type\":\"event\",\"structural_weight\":0}","audit_id":"audit_1787143599279_daat"}
{"timestamp":"2026-08-19T12:46:39.297Z","action":"memory.add","actor":"daily-sync","target":"若兰","result":"success","detail":"{\"agent\":\"若兰\",\"type\":\"event\",\"structural_weight\":0}","audit_id":"audit_1787143599297_0ag3"}
{"timestamp":"2026-08-19T12:46:39.313Z","action":"memory.add","actor":"daily-sync","target":"若兰","result":"success","detail":"{\"agent\":\"若兰\",\"type\":\"event\",\"structural_weight\":0}","audit_id":"audit_1787143599313_fz8w"}
{"timestamp":"2026-08-19T12:46:39.324Z","action":"memory.add","actor":"daily-sync","target":"若兰","result":"success","detail":"{\"agent\":\"若兰\",\"type\":\"event\",\"structural_weight\":0}","audit_id":"audit_1787143599324_2g6f"}
{"timestamp":"2026-08-19T12:46:39.335Z","action":"memory.add","actor":"daily-sync","target":"若兰","result":"success","detail":"{\"agent\":\"若兰\",\"type\":\"event\",\"structural_weight\":0}","audit_id":"audit_1787143599335_9d5d"}
{"timestamp":"2026-08-19T12:46:39.346Z","action":"memory.add","actor":"daily-sync","target":"若兰","result":"success","detail":"{\"agent\":\"若兰\",\"type\":\"event\",\"structural_weight\":0}","audit_id":"audit_1787143599346_nl0b"}
{"timestamp":"2026-08-19T12:46:39.363Z","action":"memory.add","actor":"daily-sync","target":"若兰","result":"success","detail":"{\"agent\":\"若兰\",\"type\":\"event\",\"structural_weight\":0}","audit_id":"audit_1787143599363_ynrp"}
{"timestamp":"2026-08-19T12:46:39.374Z","action":"memory.add","actor":"daily-sync","target":"若兰","result":"success","detail":"{\"agent\":\"若兰\",\"type\":\"event\",\"structural_weight\":0}","audit_id":"audit_1787143599374_vdjh"}
{"timestamp":"2026-08-19T12:46:39.387Z","action":"memory.add","actor":"daily-sync","target":"若兰","result":"success","detail":"{\"agent\":\"若兰\",\"type\":\"event\",\"structural_weight\":0}","audit_id":"audit_1787143599387_rp0b"}
{"timestamp":"2026-08-19T12:46:39.400Z","action":"memory.add","actor":"daily-sync","target":"若兰","result":"success","detail":"{\"agent\":\"若兰\",\"type\":\"event\",\"structural_weight\":0}","audit_id":"audit_1787143599400_r0vn"}
{"timestamp":"2026-08-19T12:46:39.419Z","action":"memory.get","actor":"若兰","target":"若兰","result":"success","detail":"{\"agent\":\"若兰\",\"count\":41}","audit_id":"audit_1787143599419_2y9h"}
{"timestamp":"2026-08-19T12:46:39.503Z","action":"memory.add","actor":"dream","target":"若兰","result":"success","detail":"{\"agent\":\"若兰\",\"type\":\"discovery\",\"structural_weight\":0}","audit_id":"audit_1787143599503_reuw"}
{"timestamp":"2026-08-19T12:46:39.526Z","action":"memory.add","actor":"dream","target":"若兰","result":"success","detail":"{\"agent\":\"若兰\",\"type\":\"lesson\",\"structural_weight\":0}","audit_id":"audit_1787143599526_o4p5"}
{"timestamp":"2026-08-19T12:46:39.547Z","action":"memory.add","actor":"dream","target":"若兰","result":"success","detail":"{\"agent\":\"若兰\",\"type\":\"decision\",\"structural_weight\":0.6}","audit_id":"audit_1787143599547_50q4"}
{"timestamp":"2026-08-19T12:46:39.577Z","action":"memory.get","actor":"若兰","target":"若兰","result":"success","detail":"{\"agent\":\"若兰\",\"count\":44}","audit_id":"audit_1787143599577_1hv7"}
