{"timestamp":"2026-08-22T16:35:06.329Z","action":"memory.get","actor":"若兰","target":"若兰","result":"success","detail":"{\"agent\":\"若兰\",\"count\":2273}","audit_id":"audit_1787416506329_lfsv"}
{"timestamp":"2026-08-22T16:35:06.386Z","action":"memory.get","actor":"若兰","target":"若兰","result":"success","detail":"{\"agent\":\"若兰\",\"count\":2273}","audit_id":"audit_1787416506386_qrtg"}
{"timestamp":"2026-08-22T16:35:06.561Z","action":"memory.get","actor":"若兰","target":"若兰","result":"success","detail":"{\"agent\":\"若兰\",\"count\":2273}","audit_id":"audit_1787416506561_2rbr"}
{"timestamp":"2026-08-23T15:30:24.187Z","action":"memory.get","actor":"若兰","target":"若兰","result":"success","detail":"{\"agent\":\"若兰\",\"count\":2273}","audit_id":"audit_1787499024187_s0qo"}
{"timestamp":"2026-08-23T15:30:24.229Z","action":"memory.add","actor":"daily-sync","target":"若兰","result":"success","detail":"{\"agent\":\"若兰\",\"type\":\"event\",\"structural_weight\":0}","audit_id":"audit_1787499024229_puv1"}
{"timestamp":"2026-08-23T15:30:24.289Z","action":"memory.add","actor":"daily-sync","target":"若兰","result":"success","detail":"{\"agent\":\"若兰\",\"type\":\"event\",\"structural_weight\":0}","audit_id":"audit_1787499024289_ejr1"}
{"timestamp":"2026-08-23T15:30:24.323Z","action":"memory.add","actor":"daily-sync","target":"若兰","result":"success","detail":"{\"agent\":\"若兰\",\"type\":\"event\",\"structural_weight\":0}","audit_id":"audit_1787499024323_hr9r"}
{"timestamp":"2026-08-23T15:30:24.357Z","action":"memory.add","actor":"daily-sync","target":"若兰","result":"success","detail":"{\"agent\":\"若兰\",\"type\":\"todo\",\"structural_weight\":0}","audit_id":"audit_1787499024357_c1wh"}
{"timestamp":"2026-08-23T15:30:24.386Z","action":"memory.add","actor":"daily-sync","target":"若兰","result":"success","detail":"{\"agent\":\"若兰\",\"type\":\"fix\",\"structural_weight\":0}","audit_id":"audit_1787499024386_j17l"}
{"timestamp":"2026-08-23T15:30:24.416Z","action":"memory.add","actor":"daily-sync","target":"若兰","result":"success","detail":"{\"agent\":\"若兰\",\"type\":\"event\",\"structural_weight\":0}","audit_id":"audit_1787499024416_a880"}
{"timestamp":"2026-08-23T15:30:24.446Z","action":"memory.add","actor":"daily-sync","target":"若兰","result":"success","detail":"{\"agent\":\"若兰\",\"type\":\"event\",\"structural_weight\":0}","audit_id":"audit_1787499024446_o9j9"}
{"timestamp":"2026-08-23T15:30:24.477Z","action":"memory.add","actor":"daily-sync","target":"若兰","result":"success","detail":"{\"agent\":\"若兰\",\"type\":\"event\",\"structural_weight\":0}","audit_id":"audit_1787499024477_c3f8"}
{"timestamp":"2026-08-23T15:30:24.501Z","action":"memory.add","actor":"daily-sync","target":"若兰","result":"success","detail":"{\"agent\":\"若兰\",\"type\":\"event\",\"structural_weight\":0}","audit_id":"audit_1787499024501_09a5"}
{"timestamp":"2026-08-23T15:30:24.544Z","action":"memory.add","actor":"daily-sync","target":"若兰","result":"success","detail":"{\"agent\":\"若兰\",\"type\":\"milestone\",\"structural_weight\":0.6}","audit_id":"audit_1787499024544_s84a"}
{"timestamp":"2026-08-23T15:30:24.571Z","action":"memory.add","actor":"daily-sync","target":"若兰","result":"success","detail":"{\"agent\":\"若兰\",\"type\":\"event\",\"structural_weight\":0}","audit_id":"audit_1787499024571_r1ro"}
{"timestamp":"2026-08-23T15:30:24.600Z","action":"memory.add","actor":"daily-sync","target":"若兰","result":"success","detail":"{\"agent\":\"若兰\",\"type\":\"event\",\"structural_weight\":0}","audit_id":"audit_1787499024600_8ge8"}
{"timestamp":"2026-08-23T15:30:24.624Z","action":"memory.add","actor":"daily-sync","target":"若兰","result":"success","detail":"{\"agent\":\"若兰\",\"type\":\"event\",\"structural_weight\":0}","audit_id":"audit_1787499024624_gx2s"}
{"timestamp":"2026-08-23T15:30:24.670Z","action":"memory.add","actor":"daily-sync","target":"若兰","result":"success","detail":"{\"agent\":\"若兰\",\"type\":\"decision\",\"structural_weight\":0.6}","audit_id":"audit_1787499024670_itoa"}
{"timestamp":"2026-08-23T15:30:24.705Z","action":"memory.add","actor":"daily-sync","target":"若兰","result":"success","detail":"{\"agent\":\"若兰\",\"type\":\"event\",\"structural_weight\":0}","audit_id":"audit_1787499024705_g4en"}
{"timestamp":"2026-08-23T15:30:24.737Z","action":"memory.add","actor":"daily-sync","target":"若兰","result":"success","detail":"{\"agent\":\"若兰\",\"type\":\"event\",\"structural_weight\":0}","audit_id":"audit_1787499024737_uzdz"}
{"timestamp":"2026-08-23T15:30:24.764Z","action":"memory.add","actor":"daily-sync","target":"若兰","result":"success","detail":"{\"agent\":\"若兰\",\"type\":\"event\",\"structural_weight\":0}","audit_id":"audit_1787499024764_2azz"}
{"timestamp":"2026-08-23T15:30:24.807Z","action":"memory.add","actor":"daily-sync","target":"若兰","result":"success","detail":"{\"agent\":\"若兰\",\"type\":\"event\",\"structural_weight\":0}","audit_id":"audit_1787499024807_c7kv"}
{"timestamp":"2026-08-23T15:30:24.833Z","action":"memory.add","actor":"daily-sync","target":"若兰","result":"success","detail":"{\"agent\":\"若兰\",\"type\":\"event\",\"structural_weight\":0}","audit_id":"audit_1787499024833_fyyi"}
{"timestamp":"2026-08-23T15:30:24.862Z","action":"memory.add","actor":"daily-sync","target":"若兰","result":"success","detail":"{\"agent\":\"若兰\",\"type\":\"event\",\"structural_weight\":0}","audit_id":"audit_1787499024862_hefr"}
{"timestamp":"2026-08-23T15:30:24.887Z","action":"memory.add","actor":"daily-sync","target":"若兰","result":"success","detail":"{\"agent\":\"若兰\",\"type\":\"event\",\"structural_weight\":0}","audit_id":"audit_1787499024887_fsh8"}
{"timestamp":"2026-08-23T15:30:24.918Z","action":"memory.add","actor":"daily-sync","target":"若兰","result":"success","detail":"{\"agent\":\"若兰\",\"type\":\"event\",\"structural_weight\":0}","audit_id":"audit_1787499024918_b2iq"}
{"timestamp":"2026-08-23T15:30:24.942Z","action":"memory.add","actor":"daily-sync","target":"若兰","result":"success","detail":"{\"agent\":\"若兰\",\"type\":\"event\",\"structural_weight\":0}","audit_id":"audit_1787499024942_pbny"}
{"timestamp":"2026-08-23T15:30:24.967Z","action":"memory.add","actor":"daily-sync","target":"若兰","result":"success","detail":"{\"agent\":\"若兰\",\"type\":\"event\",\"structural_weight\":0}","audit_id":"audit_1787499024967_rgb9"}
{"timestamp":"2026-08-23T15:30:25.016Z","action":"memory.get","actor":"若兰","target":"若兰","result":"success","detail":"{\"agent\":\"若兰\",\"count\":2297}","audit_id":"audit_1787499025016_6ky1"}
{"timestamp":"2026-08-23T15:30:25.079Z","action":"memory.add","actor":"daily-sync","target":"若兰","result":"success","detail":"{\"agent\":\"若兰\",\"type\":\"lesson\",\"structural_weight\":0.5}","audit_id":"audit_1787499025079_j4tu"}
{"timestamp":"2026-08-23T15:30:25.132Z","action":"memory.add","actor":"daily-sync","target":"若兰","result":"success","detail":"{\"agent\":\"若兰\",\"type\":\"lesson\",\"structural_weight\":0.5}","audit_id":"audit_1787499025132_6sm3"}
{"timestamp":"2026-08-23T15:30:25.181Z","action":"memory.get","actor":"若兰","target":"若兰","result":"success","detail":"{\"agent\":\"若兰\",\"count\":2299}","audit_id":"audit_1787499025181_e9sk"}
{"timestamp":"2026-08-23T15:30:25.205Z","action":"memory.add","actor":"daily-sync","target":"若兰","result":"success","detail":"{\"agent\":\"若兰\",\"type\":\"community\",\"structural_weight\":0.4}","audit_id":"audit_1787499025205_c3jq"}
{"timestamp":"2026-08-23T15:30:25.246Z","action":"memory.get","actor":"若兰","target":"若兰","result":"success","detail":"{\"agent\":\"若兰\",\"count\":2300}","audit_id":"audit_1787499025246_mxny"}
{"timestamp":"2026-08-23T15:50:11.308Z","action":"memory.add","actor":"dream","target":"若兰","result":"success","detail":"{\"agent\":\"若兰\",\"type\":\"decision\",\"structural_weight\":0.6}","audit_id":"audit_1787500211308_kb40"}
{"timestamp":"2026-08-23T15:50:11.592Z","action":"memory.get","actor":"若兰","target":"若兰","result":"success","detail":"{\"agent\":\"若兰\",\"count\":2301}","audit_id":"audit_1787500211592_bpby"}
