{"timestamp":"2026-08-31T16:35:03.936Z","action":"memory.get","actor":"若兰","target":"若兰","result":"success","detail":"{\"agent\":\"若兰\",\"count\":3140}","audit_id":"audit_1788194103936_08i9"}
{"timestamp":"2026-08-31T16:35:03.990Z","action":"memory.get","actor":"若兰","target":"若兰","result":"success","detail":"{\"agent\":\"若兰\",\"count\":3140}","audit_id":"audit_1788194103990_rzhr"}
{"timestamp":"2026-08-31T16:35:04.123Z","action":"memory.get","actor":"若兰","target":"若兰","result":"success","detail":"{\"agent\":\"若兰\",\"count\":3140}","audit_id":"audit_1788194104123_aqgf"}
{"timestamp":"2026-09-01T15:30:43.677Z","action":"memory.get","actor":"若兰","target":"若兰","result":"success","detail":"{\"agent\":\"若兰\",\"count\":3140}","audit_id":"audit_1788276643677_hhu3"}
{"timestamp":"2026-09-01T15:30:43.829Z","action":"memory.add","actor":"daily-sync","target":"若兰","result":"success","detail":"{\"agent\":\"若兰\",\"type\":\"discovery\",\"structural_weight\":0}","audit_id":"audit_1788276643829_ya1m"}
{"timestamp":"2026-09-01T15:30:43.888Z","action":"memory.add","actor":"daily-sync","target":"若兰","result":"success","detail":"{\"agent\":\"若兰\",\"type\":\"milestone\",\"structural_weight\":0.6}","audit_id":"audit_1788276643888_tbfw"}
{"timestamp":"2026-09-01T15:30:43.924Z","action":"memory.add","actor":"daily-sync","target":"若兰","result":"success","detail":"{\"agent\":\"若兰\",\"type\":\"event\",\"structural_weight\":0}","audit_id":"audit_1788276643924_bo5i"}
{"timestamp":"2026-09-01T15:30:43.959Z","action":"memory.add","actor":"daily-sync","target":"若兰","result":"success","detail":"{\"agent\":\"若兰\",\"type\":\"event\",\"structural_weight\":0}","audit_id":"audit_1788276643959_2b4i"}
{"timestamp":"2026-09-01T15:30:43.993Z","action":"memory.add","actor":"daily-sync","target":"若兰","result":"success","detail":"{\"agent\":\"若兰\",\"type\":\"event\",\"structural_weight\":0}","audit_id":"audit_1788276643993_7w66"}
{"timestamp":"2026-09-01T15:30:44.224Z","action":"memory.add","actor":"daily-sync","target":"若兰","result":"success","detail":"{\"agent\":\"若兰\",\"type\":\"event\",\"structural_weight\":0}","audit_id":"audit_1788276644224_t9i2"}
{"timestamp":"2026-09-01T15:30:44.452Z","action":"memory.add","actor":"daily-sync","target":"若兰","result":"success","detail":"{\"agent\":\"若兰\",\"type\":\"event\",\"structural_weight\":0}","audit_id":"audit_1788276644452_ylaa"}
{"timestamp":"2026-09-01T15:30:44.487Z","action":"memory.add","actor":"daily-sync","target":"若兰","result":"success","detail":"{\"agent\":\"若兰\",\"type\":\"decision\",\"structural_weight\":0.6}","audit_id":"audit_1788276644487_n9jr"}
{"timestamp":"2026-09-01T15:30:44.525Z","action":"memory.add","actor":"daily-sync","target":"若兰","result":"success","detail":"{\"agent\":\"若兰\",\"type\":\"event\",\"structural_weight\":0}","audit_id":"audit_1788276644525_i013"}
{"timestamp":"2026-09-01T15:30:44.930Z","action":"memory.add","actor":"daily-sync","target":"若兰","result":"success","detail":"{\"agent\":\"若兰\",\"type\":\"event\",\"structural_weight\":0}","audit_id":"audit_1788276644930_y555"}
{"timestamp":"2026-09-01T15:30:44.962Z","action":"memory.add","actor":"daily-sync","target":"若兰","result":"success","detail":"{\"agent\":\"若兰\",\"type\":\"event\",\"structural_weight\":0}","audit_id":"audit_1788276644962_vsus"}
{"timestamp":"2026-09-01T15:30:44.996Z","action":"memory.add","actor":"daily-sync","target":"若兰","result":"success","detail":"{\"agent\":\"若兰\",\"type\":\"event\",\"structural_weight\":0}","audit_id":"audit_1788276644996_am4w"}
{"timestamp":"2026-09-01T15:30:45.029Z","action":"memory.add","actor":"daily-sync","target":"若兰","result":"success","detail":"{\"agent\":\"若兰\",\"type\":\"event\",\"structural_weight\":0}","audit_id":"audit_1788276645029_g7zw"}
{"timestamp":"2026-09-01T15:30:45.061Z","action":"memory.add","actor":"daily-sync","target":"若兰","result":"success","detail":"{\"agent\":\"若兰\",\"type\":\"event\",\"structural_weight\":0}","audit_id":"audit_1788276645061_e2sb"}
{"timestamp":"2026-09-01T15:30:45.093Z","action":"memory.add","actor":"daily-sync","target":"若兰","result":"success","detail":"{\"agent\":\"若兰\",\"type\":\"event\",\"structural_weight\":0}","audit_id":"audit_1788276645093_t56v"}
{"timestamp":"2026-09-01T15:30:45.124Z","action":"memory.add","actor":"daily-sync","target":"若兰","result":"success","detail":"{\"agent\":\"若兰\",\"type\":\"event\",\"structural_weight\":0}","audit_id":"audit_1788276645124_4v92"}
{"timestamp":"2026-09-01T15:30:45.165Z","action":"memory.add","actor":"daily-sync","target":"若兰","result":"success","detail":"{\"agent\":\"若兰\",\"type\":\"milestone\",\"structural_weight\":0.6}","audit_id":"audit_1788276645165_vnkh"}
{"timestamp":"2026-09-01T15:30:45.204Z","action":"memory.add","actor":"daily-sync","target":"若兰","result":"success","detail":"{\"agent\":\"若兰\",\"type\":\"event\",\"structural_weight\":0}","audit_id":"audit_1788276645204_rsao"}
{"timestamp":"2026-09-01T15:30:45.239Z","action":"memory.add","actor":"daily-sync","target":"若兰","result":"success","detail":"{\"agent\":\"若兰\",\"type\":\"event\",\"structural_weight\":0}","audit_id":"audit_1788276645239_engl"}
{"timestamp":"2026-09-01T15:30:45.273Z","action":"memory.add","actor":"daily-sync","target":"若兰","result":"success","detail":"{\"agent\":\"若兰\",\"type\":\"event\",\"structural_weight\":0}","audit_id":"audit_1788276645273_qk1m"}
{"timestamp":"2026-09-01T15:30:45.385Z","action":"memory.add","actor":"daily-sync","target":"若兰","result":"success","detail":"{\"agent\":\"若兰\",\"type\":\"event\",\"structural_weight\":0}","audit_id":"audit_1788276645385_oqli"}
{"timestamp":"2026-09-01T15:30:47.306Z","action":"memory.add","actor":"daily-sync","target":"若兰","result":"success","detail":"{\"agent\":\"若兰\",\"type\":\"event\",\"structural_weight\":0}","audit_id":"audit_1788276647306_gpf8"}
{"timestamp":"2026-09-01T15:30:47.426Z","action":"memory.add","actor":"daily-sync","target":"若兰","result":"success","detail":"{\"agent\":\"若兰\",\"type\":\"event\",\"structural_weight\":0}","audit_id":"audit_1788276647426_7i4a"}
{"timestamp":"2026-09-01T15:30:47.464Z","action":"memory.add","actor":"daily-sync","target":"若兰","result":"success","detail":"{\"agent\":\"若兰\",\"type\":\"event\",\"structural_weight\":0}","audit_id":"audit_1788276647464_8nn1"}
{"timestamp":"2026-09-01T15:30:47.500Z","action":"memory.add","actor":"daily-sync","target":"若兰","result":"success","detail":"{\"agent\":\"若兰\",\"type\":\"event\",\"structural_weight\":0}","audit_id":"audit_1788276647500_mfhx"}
{"timestamp":"2026-09-01T15:30:47.539Z","action":"memory.add","actor":"daily-sync","target":"若兰","result":"success","detail":"{\"agent\":\"若兰\",\"type\":\"event\",\"structural_weight\":0}","audit_id":"audit_1788276647539_uuut"}
{"timestamp":"2026-09-01T15:30:47.577Z","action":"memory.add","actor":"daily-sync","target":"若兰","result":"success","detail":"{\"agent\":\"若兰\",\"type\":\"event\",\"structural_weight\":0}","audit_id":"audit_1788276647578_3es5"}
{"timestamp":"2026-09-01T15:30:47.615Z","action":"memory.add","actor":"daily-sync","target":"若兰","result":"success","detail":"{\"agent\":\"若兰\",\"type\":\"event\",\"structural_weight\":0}","audit_id":"audit_1788276647615_x5ys"}
{"timestamp":"2026-09-01T15:30:47.649Z","action":"memory.add","actor":"daily-sync","target":"若兰","result":"success","detail":"{\"agent\":\"若兰\",\"type\":\"event\",\"structural_weight\":0}","audit_id":"audit_1788276647649_q3go"}
{"timestamp":"2026-09-01T15:30:47.682Z","action":"memory.add","actor":"daily-sync","target":"若兰","result":"success","detail":"{\"agent\":\"若兰\",\"type\":\"event\",\"structural_weight\":0}","audit_id":"audit_1788276647682_0ni4"}
{"timestamp":"2026-09-01T15:30:47.715Z","action":"memory.add","actor":"daily-sync","target":"若兰","result":"success","detail":"{\"agent\":\"若兰\",\"type\":\"event\",\"structural_weight\":0}","audit_id":"audit_1788276647715_fenq"}
{"timestamp":"2026-09-01T15:30:47.769Z","action":"memory.get","actor":"若兰","target":"若兰","result":"success","detail":"{\"agent\":\"若兰\",\"count\":3171}","audit_id":"audit_1788276647769_8asr"}
{"timestamp":"2026-09-01T15:30:47.804Z","action":"memory.add","actor":"daily-sync","target":"若兰","result":"success","detail":"{\"agent\":\"若兰\",\"type\":\"lesson\",\"structural_weight\":0.5}","audit_id":"audit_1788276647804_0fw4"}
{"timestamp":"2026-09-01T15:30:47.840Z","action":"memory.add","actor":"daily-sync","target":"若兰","result":"success","detail":"{\"agent\":\"若兰\",\"type\":\"lesson\",\"structural_weight\":0.5}","audit_id":"audit_1788276647840_1s5v"}
{"timestamp":"2026-09-01T15:30:47.897Z","action":"memory.get","actor":"若兰","target":"若兰","result":"success","detail":"{\"agent\":\"若兰\",\"count\":3173}","audit_id":"audit_1788276647897_vwia"}
{"timestamp":"2026-09-01T15:30:47.932Z","action":"memory.add","actor":"daily-sync","target":"若兰","result":"success","detail":"{\"agent\":\"若兰\",\"type\":\"community\",\"structural_weight\":0.4}","audit_id":"audit_1788276647932_bust"}
{"timestamp":"2026-09-01T15:30:47.986Z","action":"memory.get","actor":"若兰","target":"若兰","result":"success","detail":"{\"agent\":\"若兰\",\"count\":3174}","audit_id":"audit_1788276647986_orvm"}
{"timestamp":"2026-09-01T15:50:16.799Z","action":"memory.add","actor":"dream","target":"若兰","result":"success","detail":"{\"agent\":\"若兰\",\"type\":\"decision\",\"structural_weight\":0.6}","audit_id":"audit_1788277816799_gf19"}
{"timestamp":"2026-09-01T15:50:21.268Z","action":"memory.add","actor":"dream","target":"若兰","result":"success","detail":"{\"agent\":\"若兰\",\"type\":\"milestone\",\"structural_weight\":0.6}","audit_id":"audit_1788277821268_j2hg"}
{"timestamp":"2026-09-01T15:50:21.468Z","action":"memory.get","actor":"若兰","target":"若兰","result":"success","detail":"{\"agent\":\"若兰\",\"count\":3176}","audit_id":"audit_1788277821468_382n"}
