{"timestamp":"2026-08-28T16:35:17.643Z","action":"memory.get","actor":"若兰","target":"若兰","result":"success","detail":"{\"agent\":\"若兰\",\"count\":2831}","audit_id":"audit_1787934917643_pjxi"}
{"timestamp":"2026-08-28T16:35:17.749Z","action":"memory.get","actor":"若兰","target":"若兰","result":"success","detail":"{\"agent\":\"若兰\",\"count\":2831}","audit_id":"audit_1787934917749_bjuz"}
{"timestamp":"2026-08-28T16:35:18.583Z","action":"memory.get","actor":"若兰","target":"若兰","result":"success","detail":"{\"agent\":\"若兰\",\"count\":2831}","audit_id":"audit_1787934918583_6hzf"}
{"timestamp":"2026-08-29T15:31:10.664Z","action":"memory.get","actor":"若兰","target":"若兰","result":"success","detail":"{\"agent\":\"若兰\",\"count\":2831}","audit_id":"audit_1788017470664_u6hy"}
{"timestamp":"2026-08-29T15:31:10.761Z","action":"memory.add","actor":"daily-sync","target":"若兰","result":"success","detail":"{\"agent\":\"若兰\",\"type\":\"discovery\",\"structural_weight\":0}","audit_id":"audit_1788017470761_kz7h"}
{"timestamp":"2026-08-29T15:31:10.849Z","action":"memory.add","actor":"daily-sync","target":"若兰","result":"success","detail":"{\"agent\":\"若兰\",\"type\":\"milestone\",\"structural_weight\":0.6}","audit_id":"audit_1788017470849_0hy8"}
{"timestamp":"2026-08-29T15:31:10.962Z","action":"memory.add","actor":"daily-sync","target":"若兰","result":"success","detail":"{\"agent\":\"若兰\",\"type\":\"event\",\"structural_weight\":0}","audit_id":"audit_1788017470962_g5rn"}
{"timestamp":"2026-08-29T15:31:11.078Z","action":"memory.add","actor":"daily-sync","target":"若兰","result":"success","detail":"{\"agent\":\"若兰\",\"type\":\"event\",\"structural_weight\":0}","audit_id":"audit_1788017471078_yle0"}
{"timestamp":"2026-08-29T15:31:11.181Z","action":"memory.add","actor":"daily-sync","target":"若兰","result":"success","detail":"{\"agent\":\"若兰\",\"type\":\"event\",\"structural_weight\":0}","audit_id":"audit_1788017471181_d3j7"}
{"timestamp":"2026-08-29T15:31:12.121Z","action":"memory.add","actor":"daily-sync","target":"若兰","result":"success","detail":"{\"agent\":\"若兰\",\"type\":\"event\",\"structural_weight\":0}","audit_id":"audit_1788017472121_1wvv"}
{"timestamp":"2026-08-29T15:31:12.228Z","action":"memory.add","actor":"daily-sync","target":"若兰","result":"success","detail":"{\"agent\":\"若兰\",\"type\":\"event\",\"structural_weight\":0}","audit_id":"audit_1788017472228_mmly"}
{"timestamp":"2026-08-29T15:31:12.655Z","action":"memory.add","actor":"daily-sync","target":"若兰","result":"success","detail":"{\"agent\":\"若兰\",\"type\":\"event\",\"structural_weight\":0}","audit_id":"audit_1788017472655_ofkp"}
{"timestamp":"2026-08-29T15:31:13.347Z","action":"memory.add","actor":"daily-sync","target":"若兰","result":"success","detail":"{\"agent\":\"若兰\",\"type\":\"event\",\"structural_weight\":0}","audit_id":"audit_1788017473347_q0mv"}
{"timestamp":"2026-08-29T15:31:13.514Z","action":"memory.add","actor":"daily-sync","target":"若兰","result":"success","detail":"{\"agent\":\"若兰\",\"type\":\"event\",\"structural_weight\":0}","audit_id":"audit_1788017473514_jd81"}
{"timestamp":"2026-08-29T15:31:13.884Z","action":"memory.add","actor":"daily-sync","target":"若兰","result":"success","detail":"{\"agent\":\"若兰\",\"type\":\"milestone\",\"structural_weight\":0.6}","audit_id":"audit_1788017473884_msn5"}
{"timestamp":"2026-08-29T15:31:13.955Z","action":"memory.add","actor":"daily-sync","target":"若兰","result":"success","detail":"{\"agent\":\"若兰\",\"type\":\"event\",\"structural_weight\":0}","audit_id":"audit_1788017473955_okh3"}
{"timestamp":"2026-08-29T15:31:15.155Z","action":"memory.add","actor":"daily-sync","target":"若兰","result":"success","detail":"{\"agent\":\"若兰\",\"type\":\"event\",\"structural_weight\":0}","audit_id":"audit_1788017475155_3fbk"}
{"timestamp":"2026-08-29T15:31:16.337Z","action":"memory.add","actor":"daily-sync","target":"若兰","result":"success","detail":"{\"agent\":\"若兰\",\"type\":\"event\",\"structural_weight\":0}","audit_id":"audit_1788017476337_ow9v"}
{"timestamp":"2026-08-29T15:31:16.552Z","action":"memory.add","actor":"daily-sync","target":"若兰","result":"success","detail":"{\"agent\":\"若兰\",\"type\":\"event\",\"structural_weight\":0}","audit_id":"audit_1788017476552_ab1a"}
{"timestamp":"2026-08-29T15:31:16.671Z","action":"memory.add","actor":"daily-sync","target":"若兰","result":"success","detail":"{\"agent\":\"若兰\",\"type\":\"event\",\"structural_weight\":0}","audit_id":"audit_1788017476671_k6ln"}
{"timestamp":"2026-08-29T15:31:17.502Z","action":"memory.add","actor":"daily-sync","target":"若兰","result":"success","detail":"{\"agent\":\"若兰\",\"type\":\"milestone\",\"structural_weight\":0.6}","audit_id":"audit_1788017477502_d53b"}
{"timestamp":"2026-08-29T15:31:17.651Z","action":"memory.add","actor":"daily-sync","target":"若兰","result":"success","detail":"{\"agent\":\"若兰\",\"type\":\"event\",\"structural_weight\":0}","audit_id":"audit_1788017477651_9c2y"}
{"timestamp":"2026-08-29T15:31:17.763Z","action":"memory.add","actor":"daily-sync","target":"若兰","result":"success","detail":"{\"agent\":\"若兰\",\"type\":\"event\",\"structural_weight\":0}","audit_id":"audit_1788017477763_gl6g"}
{"timestamp":"2026-08-29T15:31:17.899Z","action":"memory.add","actor":"daily-sync","target":"若兰","result":"success","detail":"{\"agent\":\"若兰\",\"type\":\"event\",\"structural_weight\":0}","audit_id":"audit_1788017477899_u6w7"}
{"timestamp":"2026-08-29T15:31:18.006Z","action":"memory.add","actor":"daily-sync","target":"若兰","result":"success","detail":"{\"agent\":\"若兰\",\"type\":\"event\",\"structural_weight\":0}","audit_id":"audit_1788017478006_ktxy"}
{"timestamp":"2026-08-29T15:31:19.263Z","action":"memory.add","actor":"daily-sync","target":"若兰","result":"success","detail":"{\"agent\":\"若兰\",\"type\":\"event\",\"structural_weight\":0}","audit_id":"audit_1788017479263_4a1i"}
{"timestamp":"2026-08-29T15:31:20.150Z","action":"memory.add","actor":"daily-sync","target":"若兰","result":"success","detail":"{\"agent\":\"若兰\",\"type\":\"event\",\"structural_weight\":0}","audit_id":"audit_1788017480150_olgw"}
{"timestamp":"2026-08-29T15:31:20.353Z","action":"memory.add","actor":"daily-sync","target":"若兰","result":"success","detail":"{\"agent\":\"若兰\",\"type\":\"event\",\"structural_weight\":0}","audit_id":"audit_1788017480353_g4q7"}
{"timestamp":"2026-08-29T15:31:20.565Z","action":"memory.add","actor":"daily-sync","target":"若兰","result":"success","detail":"{\"agent\":\"若兰\",\"type\":\"event\",\"structural_weight\":0}","audit_id":"audit_1788017480565_vd19"}
{"timestamp":"2026-08-29T15:31:20.730Z","action":"memory.add","actor":"daily-sync","target":"若兰","result":"success","detail":"{\"agent\":\"若兰\",\"type\":\"discovery\",\"structural_weight\":0}","audit_id":"audit_1788017480730_g1a7"}
{"timestamp":"2026-08-29T15:31:20.915Z","action":"memory.add","actor":"daily-sync","target":"若兰","result":"success","detail":"{\"agent\":\"若兰\",\"type\":\"discovery\",\"structural_weight\":0}","audit_id":"audit_1788017480915_9slr"}
{"timestamp":"2026-08-29T15:31:20.994Z","action":"memory.add","actor":"daily-sync","target":"若兰","result":"success","detail":"{\"agent\":\"若兰\",\"type\":\"event\",\"structural_weight\":0}","audit_id":"audit_1788017480994_iiew"}
{"timestamp":"2026-08-29T15:31:21.091Z","action":"memory.add","actor":"daily-sync","target":"若兰","result":"success","detail":"{\"agent\":\"若兰\",\"type\":\"event\",\"structural_weight\":0}","audit_id":"audit_1788017481091_zlz2"}
{"timestamp":"2026-08-29T15:31:23.260Z","action":"memory.add","actor":"daily-sync","target":"若兰","result":"success","detail":"{\"agent\":\"若兰\",\"type\":\"event\",\"structural_weight\":0}","audit_id":"audit_1788017483260_3nze"}
{"timestamp":"2026-08-29T15:31:23.360Z","action":"memory.add","actor":"daily-sync","target":"若兰","result":"success","detail":"{\"agent\":\"若兰\",\"type\":\"discovery\",\"structural_weight\":0}","audit_id":"audit_1788017483360_dn5z"}
{"timestamp":"2026-08-29T15:31:23.543Z","action":"memory.add","actor":"daily-sync","target":"若兰","result":"success","detail":"{\"agent\":\"若兰\",\"type\":\"event\",\"structural_weight\":0}","audit_id":"audit_1788017483543_u0i7"}
{"timestamp":"2026-08-29T15:31:23.801Z","action":"memory.add","actor":"daily-sync","target":"若兰","result":"success","detail":"{\"agent\":\"若兰\",\"type\":\"event\",\"structural_weight\":0}","audit_id":"audit_1788017483801_imxm"}
{"timestamp":"2026-08-29T15:31:23.886Z","action":"memory.add","actor":"daily-sync","target":"若兰","result":"success","detail":"{\"agent\":\"若兰\",\"type\":\"event\",\"structural_weight\":0}","audit_id":"audit_1788017483886_a001"}
{"timestamp":"2026-08-29T15:31:24.033Z","action":"memory.add","actor":"daily-sync","target":"若兰","result":"success","detail":"{\"agent\":\"若兰\",\"type\":\"event\",\"structural_weight\":0}","audit_id":"audit_1788017484033_1bub"}
{"timestamp":"2026-08-29T15:31:24.493Z","action":"memory.add","actor":"daily-sync","target":"若兰","result":"success","detail":"{\"agent\":\"若兰\",\"type\":\"event\",\"structural_weight\":0}","audit_id":"audit_1788017484493_bvwm"}
{"timestamp":"2026-08-29T15:31:25.359Z","action":"memory.add","actor":"daily-sync","target":"若兰","result":"success","detail":"{\"agent\":\"若兰\",\"type\":\"event\",\"structural_weight\":0}","audit_id":"audit_1788017485359_s29y"}
{"timestamp":"2026-08-29T15:31:25.492Z","action":"memory.add","actor":"daily-sync","target":"若兰","result":"success","detail":"{\"agent\":\"若兰\",\"type\":\"event\",\"structural_weight\":0}","audit_id":"audit_1788017485492_26wq"}
{"timestamp":"2026-08-29T15:31:25.911Z","action":"memory.add","actor":"daily-sync","target":"若兰","result":"success","detail":"{\"agent\":\"若兰\",\"type\":\"event\",\"structural_weight\":0}","audit_id":"audit_1788017485911_2wg8"}
{"timestamp":"2026-08-29T15:31:26.203Z","action":"memory.add","actor":"daily-sync","target":"若兰","result":"success","detail":"{\"agent\":\"若兰\",\"type\":\"event\",\"structural_weight\":0}","audit_id":"audit_1788017486203_0ju5"}
{"timestamp":"2026-08-29T15:31:26.416Z","action":"memory.add","actor":"daily-sync","target":"若兰","result":"success","detail":"{\"agent\":\"若兰\",\"type\":\"event\",\"structural_weight\":0}","audit_id":"audit_1788017486416_7241"}
{"timestamp":"2026-08-29T15:31:26.540Z","action":"memory.add","actor":"daily-sync","target":"若兰","result":"success","detail":"{\"agent\":\"若兰\",\"type\":\"event\",\"structural_weight\":0}","audit_id":"audit_1788017486540_14rb"}
{"timestamp":"2026-08-29T15:31:27.622Z","action":"memory.add","actor":"daily-sync","target":"若兰","result":"success","detail":"{\"agent\":\"若兰\",\"type\":\"event\",\"structural_weight\":0}","audit_id":"audit_1788017487622_bxh3"}
{"timestamp":"2026-08-29T15:31:27.700Z","action":"memory.get","actor":"若兰","target":"若兰","result":"success","detail":"{\"agent\":\"若兰\",\"count\":2874}","audit_id":"audit_1788017487700_j3qr"}
{"timestamp":"2026-08-29T15:31:27.782Z","action":"memory.add","actor":"daily-sync","target":"若兰","result":"success","detail":"{\"agent\":\"若兰\",\"type\":\"lesson\",\"structural_weight\":0.5}","audit_id":"audit_1788017487782_tct7"}
{"timestamp":"2026-08-29T15:31:27.849Z","action":"memory.add","actor":"daily-sync","target":"若兰","result":"success","detail":"{\"agent\":\"若兰\",\"type\":\"lesson\",\"structural_weight\":0.5}","audit_id":"audit_1788017487849_v8h6"}
{"timestamp":"2026-08-29T15:31:27.924Z","action":"memory.get","actor":"若兰","target":"若兰","result":"success","detail":"{\"agent\":\"若兰\",\"count\":2876}","audit_id":"audit_1788017487924_lbja"}
{"timestamp":"2026-08-29T15:31:29.883Z","action":"memory.add","actor":"daily-sync","target":"若兰","result":"success","detail":"{\"agent\":\"若兰\",\"type\":\"community\",\"structural_weight\":0.4}","audit_id":"audit_1788017489883_wjbo"}
{"timestamp":"2026-08-29T15:31:30.121Z","action":"memory.get","actor":"若兰","target":"若兰","result":"success","detail":"{\"agent\":\"若兰\",\"count\":2877}","audit_id":"audit_1788017490121_inew"}
{"timestamp":"2026-08-29T15:50:09.193Z","action":"memory.add","actor":"dream","target":"若兰","result":"success","detail":"{\"agent\":\"若兰\",\"type\":\"milestone\",\"structural_weight\":0.6}","audit_id":"audit_1788018609193_z9ec"}
{"timestamp":"2026-08-29T15:50:12.945Z","action":"memory.get","actor":"若兰","target":"若兰","result":"success","detail":"{\"agent\":\"若兰\",\"count\":2878}","audit_id":"audit_1788018612945_z9l3"}
