{"timestamp":"2026-09-02T16:35:05.144Z","action":"memory.get","actor":"若兰","target":"若兰","result":"success","detail":"{\"agent\":\"若兰\",\"count\":3344}","audit_id":"audit_1788366905144_8509"}
{"timestamp":"2026-09-02T16:35:05.208Z","action":"memory.get","actor":"若兰","target":"若兰","result":"success","detail":"{\"agent\":\"若兰\",\"count\":3344}","audit_id":"audit_1788366905208_w34f"}
{"timestamp":"2026-09-02T16:35:06.304Z","action":"memory.get","actor":"若兰","target":"若兰","result":"success","detail":"{\"agent\":\"若兰\",\"count\":3344}","audit_id":"audit_1788366906304_3psn"}
{"timestamp":"2026-09-02T16:35:30.699Z","action":"memory.add","actor":"dream","target":"若兰","result":"success","detail":"{\"agent\":\"若兰\",\"type\":\"milestone\",\"structural_weight\":0.6}","audit_id":"audit_1788366930699_idr2"}
{"timestamp":"2026-09-02T16:35:30.864Z","action":"memory.add","actor":"dream","target":"若兰","result":"success","detail":"{\"agent\":\"若兰\",\"type\":\"milestone\",\"structural_weight\":0.6}","audit_id":"audit_1788366930864_0rsw"}
{"timestamp":"2026-09-02T16:35:31.049Z","action":"memory.add","actor":"dream","target":"若兰","result":"success","detail":"{\"agent\":\"若兰\",\"type\":\"decision\",\"structural_weight\":0.6}","audit_id":"audit_1788366931049_hu2j"}
{"timestamp":"2026-09-02T16:35:31.293Z","action":"memory.add","actor":"dream","target":"若兰","result":"success","detail":"{\"agent\":\"若兰\",\"type\":\"decision\",\"structural_weight\":0.6}","audit_id":"audit_1788366931293_nvc0"}
{"timestamp":"2026-09-02T16:35:32.521Z","action":"memory.add","actor":"dream","target":"若兰","result":"success","detail":"{\"agent\":\"若兰\",\"type\":\"decision\",\"structural_weight\":0.6}","audit_id":"audit_1788366932521_r945"}
{"timestamp":"2026-09-02T16:35:32.620Z","action":"memory.add","actor":"dream","target":"若兰","result":"success","detail":"{\"agent\":\"若兰\",\"type\":\"decision\",\"structural_weight\":0.6}","audit_id":"audit_1788366932620_z0cq"}
{"timestamp":"2026-09-02T16:35:32.717Z","action":"memory.add","actor":"dream","target":"若兰","result":"success","detail":"{\"agent\":\"若兰\",\"type\":\"decision\",\"structural_weight\":0.6}","audit_id":"audit_1788366932718_1r0u"}
{"timestamp":"2026-09-02T16:35:33.883Z","action":"memory.add","actor":"dream","target":"若兰","result":"success","detail":"{\"agent\":\"若兰\",\"type\":\"decision\",\"structural_weight\":0.6}","audit_id":"audit_1788366933883_j0uc"}
{"timestamp":"2026-09-02T16:35:33.985Z","action":"memory.add","actor":"dream","target":"若兰","result":"success","detail":"{\"agent\":\"若兰\",\"type\":\"decision\",\"structural_weight\":0.6}","audit_id":"audit_1788366933985_j0yl"}
{"timestamp":"2026-09-02T16:35:34.085Z","action":"memory.add","actor":"dream","target":"若兰","result":"success","detail":"{\"agent\":\"若兰\",\"type\":\"milestone\",\"structural_weight\":0.6}","audit_id":"audit_1788366934085_gxmo"}
{"timestamp":"2026-09-02T16:35:35.110Z","action":"memory.add","actor":"dream","target":"若兰","result":"success","detail":"{\"agent\":\"若兰\",\"type\":\"milestone\",\"structural_weight\":0.6}","audit_id":"audit_1788366935110_pql6"}
{"timestamp":"2026-09-02T16:35:35.214Z","action":"memory.add","actor":"dream","target":"若兰","result":"success","detail":"{\"agent\":\"若兰\",\"type\":\"decision\",\"structural_weight\":0.6}","audit_id":"audit_1788366935214_b99o"}
{"timestamp":"2026-09-02T16:35:35.626Z","action":"memory.add","actor":"dream","target":"若兰","result":"success","detail":"{\"agent\":\"若兰\",\"type\":\"milestone\",\"structural_weight\":0.6}","audit_id":"audit_1788366935626_7vl4"}
{"timestamp":"2026-09-02T16:35:35.732Z","action":"memory.add","actor":"dream","target":"若兰","result":"success","detail":"{\"agent\":\"若兰\",\"type\":\"decision\",\"structural_weight\":0.6}","audit_id":"audit_1788366935732_wbaq"}
{"timestamp":"2026-09-02T16:35:35.830Z","action":"memory.add","actor":"dream","target":"若兰","result":"success","detail":"{\"agent\":\"若兰\",\"type\":\"milestone\",\"structural_weight\":0.6}","audit_id":"audit_1788366935830_u6fc"}
{"timestamp":"2026-09-02T16:35:35.979Z","action":"memory.add","actor":"dream","target":"若兰","result":"success","detail":"{\"agent\":\"若兰\",\"type\":\"decision\",\"structural_weight\":0.6}","audit_id":"audit_1788366935979_625u"}
{"timestamp":"2026-09-02T16:35:36.087Z","action":"memory.add","actor":"dream","target":"若兰","result":"success","detail":"{\"agent\":\"若兰\",\"type\":\"milestone\",\"structural_weight\":0.6}","audit_id":"audit_1788366936087_m32b"}
{"timestamp":"2026-09-02T16:35:36.182Z","action":"memory.add","actor":"dream","target":"若兰","result":"success","detail":"{\"agent\":\"若兰\",\"type\":\"milestone\",\"structural_weight\":0.6}","audit_id":"audit_1788366936182_g8bb"}
{"timestamp":"2026-09-02T16:35:36.330Z","action":"memory.add","actor":"dream","target":"若兰","result":"success","detail":"{\"agent\":\"若兰\",\"type\":\"milestone\",\"structural_weight\":0.6}","audit_id":"audit_1788366936330_itah"}
{"timestamp":"2026-09-02T16:35:36.433Z","action":"memory.add","actor":"dream","target":"若兰","result":"success","detail":"{\"agent\":\"若兰\",\"type\":\"decision\",\"structural_weight\":0.6}","audit_id":"audit_1788366936433_cujf"}
{"timestamp":"2026-09-02T16:35:36.538Z","action":"memory.add","actor":"dream","target":"若兰","result":"success","detail":"{\"agent\":\"若兰\",\"type\":\"milestone\",\"structural_weight\":0.6}","audit_id":"audit_1788366936538_ewbj"}
{"timestamp":"2026-09-02T16:35:36.665Z","action":"memory.add","actor":"dream","target":"若兰","result":"success","detail":"{\"agent\":\"若兰\",\"type\":\"milestone\",\"structural_weight\":0.6}","audit_id":"audit_1788366936665_ho9x"}
{"timestamp":"2026-09-02T16:35:36.788Z","action":"memory.add","actor":"dream","target":"若兰","result":"success","detail":"{\"agent\":\"若兰\",\"type\":\"decision\",\"structural_weight\":0.6}","audit_id":"audit_1788366936788_hqtp"}
{"timestamp":"2026-09-02T16:35:36.896Z","action":"memory.add","actor":"dream","target":"若兰","result":"success","detail":"{\"agent\":\"若兰\",\"type\":\"milestone\",\"structural_weight\":0.6}","audit_id":"audit_1788366936896_voq2"}
{"timestamp":"2026-09-02T16:35:38.895Z","action":"memory.add","actor":"dream","target":"若兰","result":"success","detail":"{\"agent\":\"若兰\",\"type\":\"decision\",\"structural_weight\":0.6}","audit_id":"audit_1788366938895_i7h4"}
{"timestamp":"2026-09-02T16:35:39.013Z","action":"memory.add","actor":"dream","target":"若兰","result":"success","detail":"{\"agent\":\"若兰\",\"type\":\"milestone\",\"structural_weight\":0.6}","audit_id":"audit_1788366939013_dbix"}
{"timestamp":"2026-09-02T16:35:39.131Z","action":"memory.add","actor":"dream","target":"若兰","result":"success","detail":"{\"agent\":\"若兰\",\"type\":\"milestone\",\"structural_weight\":0.6}","audit_id":"audit_1788366939131_mo4f"}
{"timestamp":"2026-09-02T16:35:39.237Z","action":"memory.add","actor":"dream","target":"若兰","result":"success","detail":"{\"agent\":\"若兰\",\"type\":\"milestone\",\"structural_weight\":0.6}","audit_id":"audit_1788366939237_3a93"}
{"timestamp":"2026-09-02T16:35:39.358Z","action":"memory.add","actor":"dream","target":"若兰","result":"success","detail":"{\"agent\":\"若兰\",\"type\":\"milestone\",\"structural_weight\":0.6}","audit_id":"audit_1788366939358_7pe0"}
{"timestamp":"2026-09-02T16:35:39.467Z","action":"memory.add","actor":"dream","target":"若兰","result":"success","detail":"{\"agent\":\"若兰\",\"type\":\"decision\",\"structural_weight\":0.6}","audit_id":"audit_1788366939467_26l2"}
{"timestamp":"2026-09-02T16:35:39.641Z","action":"memory.add","actor":"dream","target":"若兰","result":"success","detail":"{\"agent\":\"若兰\",\"type\":\"milestone\",\"structural_weight\":0.6}","audit_id":"audit_1788366939641_3a7c"}
{"timestamp":"2026-09-02T16:35:40.021Z","action":"memory.get","actor":"若兰","target":"若兰","result":"success","detail":"{\"agent\":\"若兰\",\"count\":3375}","audit_id":"audit_1788366940021_givz"}
{"timestamp":"2026-09-03T15:30:29.382Z","action":"memory.get","actor":"若兰","target":"若兰","result":"success","detail":"{\"agent\":\"若兰\",\"count\":3375}","audit_id":"audit_1788449429382_j4j5"}
{"timestamp":"2026-09-03T15:30:29.428Z","action":"memory.add","actor":"daily-sync","target":"若兰","result":"success","detail":"{\"agent\":\"若兰\",\"type\":\"event\",\"structural_weight\":0}","audit_id":"audit_1788449429428_vmod"}
{"timestamp":"2026-09-03T15:30:29.463Z","action":"memory.add","actor":"daily-sync","target":"若兰","result":"success","detail":"{\"agent\":\"若兰\",\"type\":\"todo\",\"structural_weight\":0}","audit_id":"audit_1788449429463_29go"}
{"timestamp":"2026-09-03T15:30:29.514Z","action":"memory.add","actor":"daily-sync","target":"若兰","result":"success","detail":"{\"agent\":\"若兰\",\"type\":\"milestone\",\"structural_weight\":0.6}","audit_id":"audit_1788449429514_bogc"}
{"timestamp":"2026-09-03T15:30:29.557Z","action":"memory.add","actor":"daily-sync","target":"若兰","result":"success","detail":"{\"agent\":\"若兰\",\"type\":\"event\",\"structural_weight\":0}","audit_id":"audit_1788449429557_twlj"}
{"timestamp":"2026-09-03T15:30:29.590Z","action":"memory.add","actor":"daily-sync","target":"若兰","result":"success","detail":"{\"agent\":\"若兰\",\"type\":\"event\",\"structural_weight\":0}","audit_id":"audit_1788449429590_b810"}
{"timestamp":"2026-09-03T15:30:29.631Z","action":"memory.add","actor":"daily-sync","target":"若兰","result":"success","detail":"{\"agent\":\"若兰\",\"type\":\"event\",\"structural_weight\":0}","audit_id":"audit_1788449429631_8z13"}
{"timestamp":"2026-09-03T15:30:29.669Z","action":"memory.add","actor":"daily-sync","target":"若兰","result":"success","detail":"{\"agent\":\"若兰\",\"type\":\"event\",\"structural_weight\":0}","audit_id":"audit_1788449429669_637q"}
{"timestamp":"2026-09-03T15:30:29.717Z","action":"memory.add","actor":"daily-sync","target":"若兰","result":"success","detail":"{\"agent\":\"若兰\",\"type\":\"event\",\"structural_weight\":0}","audit_id":"audit_1788449429717_1zge"}
{"timestamp":"2026-09-03T15:30:29.770Z","action":"memory.add","actor":"daily-sync","target":"若兰","result":"success","detail":"{\"agent\":\"若兰\",\"type\":\"event\",\"structural_weight\":0}","audit_id":"audit_1788449429770_cb6i"}
{"timestamp":"2026-09-03T15:30:29.804Z","action":"memory.add","actor":"daily-sync","target":"若兰","result":"success","detail":"{\"agent\":\"若兰\",\"type\":\"milestone\",\"structural_weight\":0.6}","audit_id":"audit_1788449429805_bplr"}
{"timestamp":"2026-09-03T15:30:29.842Z","action":"memory.add","actor":"daily-sync","target":"若兰","result":"success","detail":"{\"agent\":\"若兰\",\"type\":\"lesson\",\"structural_weight\":0}","audit_id":"audit_1788449429842_x9rd"}
{"timestamp":"2026-09-03T15:30:29.879Z","action":"memory.add","actor":"daily-sync","target":"若兰","result":"success","detail":"{\"agent\":\"若兰\",\"type\":\"decision\",\"structural_weight\":0.6}","audit_id":"audit_1788449429879_r0i9"}
{"timestamp":"2026-09-03T15:30:29.918Z","action":"memory.add","actor":"daily-sync","target":"若兰","result":"success","detail":"{\"agent\":\"若兰\",\"type\":\"event\",\"structural_weight\":0}","audit_id":"audit_1788449429918_4z2f"}
{"timestamp":"2026-09-03T15:30:29.955Z","action":"memory.add","actor":"daily-sync","target":"若兰","result":"success","detail":"{\"agent\":\"若兰\",\"type\":\"event\",\"structural_weight\":0}","audit_id":"audit_1788449429955_kxoo"}
{"timestamp":"2026-09-03T15:30:29.989Z","action":"memory.add","actor":"daily-sync","target":"若兰","result":"success","detail":"{\"agent\":\"若兰\",\"type\":\"event\",\"structural_weight\":0}","audit_id":"audit_1788449429989_sp6w"}
{"timestamp":"2026-09-03T15:30:30.037Z","action":"memory.add","actor":"daily-sync","target":"若兰","result":"success","detail":"{\"agent\":\"若兰\",\"type\":\"event\",\"structural_weight\":0}","audit_id":"audit_1788449430037_0wjk"}
{"timestamp":"2026-09-03T15:30:30.074Z","action":"memory.add","actor":"daily-sync","target":"若兰","result":"success","detail":"{\"agent\":\"若兰\",\"type\":\"event\",\"structural_weight\":0}","audit_id":"audit_1788449430074_stnx"}
{"timestamp":"2026-09-03T15:30:30.111Z","action":"memory.add","actor":"daily-sync","target":"若兰","result":"success","detail":"{\"agent\":\"若兰\",\"type\":\"milestone\",\"structural_weight\":0.6}","audit_id":"audit_1788449430111_cemf"}
{"timestamp":"2026-09-03T15:30:30.143Z","action":"memory.add","actor":"daily-sync","target":"若兰","result":"success","detail":"{\"agent\":\"若兰\",\"type\":\"lesson\",\"structural_weight\":0}","audit_id":"audit_1788449430143_uii4"}
{"timestamp":"2026-09-03T15:30:30.182Z","action":"memory.add","actor":"daily-sync","target":"若兰","result":"success","detail":"{\"agent\":\"若兰\",\"type\":\"decision\",\"structural_weight\":0.6}","audit_id":"audit_1788449430182_9147"}
{"timestamp":"2026-09-03T15:30:30.221Z","action":"memory.add","actor":"daily-sync","target":"若兰","result":"success","detail":"{\"agent\":\"若兰\",\"type\":\"decision\",\"structural_weight\":0.6}","audit_id":"audit_1788449430221_qom2"}
{"timestamp":"2026-09-03T15:30:30.259Z","action":"memory.add","actor":"daily-sync","target":"若兰","result":"success","detail":"{\"agent\":\"若兰\",\"type\":\"event\",\"structural_weight\":0}","audit_id":"audit_1788449430259_z8nw"}
{"timestamp":"2026-09-03T15:30:30.307Z","action":"memory.add","actor":"daily-sync","target":"若兰","result":"success","detail":"{\"agent\":\"若兰\",\"type\":\"event\",\"structural_weight\":0}","audit_id":"audit_1788449430307_b2qs"}
{"timestamp":"2026-09-03T15:30:30.343Z","action":"memory.add","actor":"daily-sync","target":"若兰","result":"success","detail":"{\"agent\":\"若兰\",\"type\":\"event\",\"structural_weight\":0}","audit_id":"audit_1788449430343_q53b"}
{"timestamp":"2026-09-03T15:30:30.380Z","action":"memory.add","actor":"daily-sync","target":"若兰","result":"success","detail":"{\"agent\":\"若兰\",\"type\":\"milestone\",\"structural_weight\":0.6}","audit_id":"audit_1788449430380_y9o3"}
{"timestamp":"2026-09-03T15:30:30.418Z","action":"memory.add","actor":"daily-sync","target":"若兰","result":"success","detail":"{\"agent\":\"若兰\",\"type\":\"event\",\"structural_weight\":0}","audit_id":"audit_1788449430418_2kqf"}
{"timestamp":"2026-09-03T15:30:30.458Z","action":"memory.add","actor":"daily-sync","target":"若兰","result":"success","detail":"{\"agent\":\"若兰\",\"type\":\"milestone\",\"structural_weight\":0.6}","audit_id":"audit_1788449430458_hsxy"}
{"timestamp":"2026-09-03T15:30:30.497Z","action":"memory.add","actor":"daily-sync","target":"若兰","result":"success","detail":"{\"agent\":\"若兰\",\"type\":\"event\",\"structural_weight\":0}","audit_id":"audit_1788449430497_57en"}
{"timestamp":"2026-09-03T15:30:31.376Z","action":"memory.add","actor":"daily-sync","target":"若兰","result":"success","detail":"{\"agent\":\"若兰\",\"type\":\"event\",\"structural_weight\":0}","audit_id":"audit_1788449431376_usnj"}
{"timestamp":"2026-09-03T15:30:31.437Z","action":"memory.get","actor":"若兰","target":"若兰","result":"success","detail":"{\"agent\":\"若兰\",\"count\":3404}","audit_id":"audit_1788449431437_44ag"}
{"timestamp":"2026-09-03T15:30:31.476Z","action":"memory.add","actor":"daily-sync","target":"若兰","result":"success","detail":"{\"agent\":\"若兰\",\"type\":\"lesson\",\"structural_weight\":0.5}","audit_id":"audit_1788449431476_434a"}
{"timestamp":"2026-09-03T15:30:31.512Z","action":"memory.add","actor":"daily-sync","target":"若兰","result":"success","detail":"{\"agent\":\"若兰\",\"type\":\"lesson\",\"structural_weight\":0.5}","audit_id":"audit_1788449431512_8x5w"}
{"timestamp":"2026-09-03T15:30:31.573Z","action":"memory.get","actor":"若兰","target":"若兰","result":"success","detail":"{\"agent\":\"若兰\",\"count\":3406}","audit_id":"audit_1788449431573_anb0"}
{"timestamp":"2026-09-03T15:30:31.609Z","action":"memory.add","actor":"daily-sync","target":"若兰","result":"success","detail":"{\"agent\":\"若兰\",\"type\":\"community\",\"structural_weight\":0.4}","audit_id":"audit_1788449431609_57lc"}
{"timestamp":"2026-09-03T15:30:31.665Z","action":"memory.get","actor":"若兰","target":"若兰","result":"success","detail":"{\"agent\":\"若兰\",\"count\":3407}","audit_id":"audit_1788449431665_ogxe"}
{"timestamp":"2026-09-03T15:50:08.657Z","action":"memory.add","actor":"dream","target":"若兰","result":"success","detail":"{\"agent\":\"若兰\",\"type\":\"decision\",\"structural_weight\":0.6}","audit_id":"audit_1788450608657_fwma"}
{"timestamp":"2026-09-03T15:50:11.493Z","action":"memory.add","actor":"dream","target":"若兰","result":"success","detail":"{\"agent\":\"若兰\",\"type\":\"decision\",\"structural_weight\":0.6}","audit_id":"audit_1788450611493_sgpz"}
{"timestamp":"2026-09-03T15:50:12.685Z","action":"memory.add","actor":"dream","target":"若兰","result":"success","detail":"{\"agent\":\"若兰\",\"type\":\"decision\",\"structural_weight\":0.6}","audit_id":"audit_1788450612686_8i0w"}
{"timestamp":"2026-09-03T15:50:12.829Z","action":"memory.add","actor":"dream","target":"若兰","result":"success","detail":"{\"agent\":\"若兰\",\"type\":\"milestone\",\"structural_weight\":0.6}","audit_id":"audit_1788450612829_9f0h"}
{"timestamp":"2026-09-03T15:50:14.135Z","action":"memory.add","actor":"dream","target":"若兰","result":"success","detail":"{\"agent\":\"若兰\",\"type\":\"milestone\",\"structural_weight\":0.6}","audit_id":"audit_1788450614135_7g2n"}
{"timestamp":"2026-09-03T15:50:15.591Z","action":"memory.get","actor":"若兰","target":"若兰","result":"success","detail":"{\"agent\":\"若兰\",\"count\":3412}","audit_id":"audit_1788450615591_lrjh"}
