{"timestamp":"2026-08-30T16:35:04.398Z","action":"memory.get","actor":"若兰","target":"若兰","result":"success","detail":"{\"agent\":\"若兰\",\"count\":3100}","audit_id":"audit_1788107704398_s7ky"}
{"timestamp":"2026-08-30T16:35:04.464Z","action":"memory.get","actor":"若兰","target":"若兰","result":"success","detail":"{\"agent\":\"若兰\",\"count\":3100}","audit_id":"audit_1788107704464_qk57"}
{"timestamp":"2026-08-30T16:35:04.704Z","action":"memory.get","actor":"若兰","target":"若兰","result":"success","detail":"{\"agent\":\"若兰\",\"count\":3100}","audit_id":"audit_1788107704704_1mqa"}
{"timestamp":"2026-08-31T15:30:53.490Z","action":"memory.get","actor":"若兰","target":"若兰","result":"success","detail":"{\"agent\":\"若兰\",\"count\":3100}","audit_id":"audit_1788190253490_dolv"}
{"timestamp":"2026-08-31T15:30:53.766Z","action":"memory.add","actor":"daily-sync","target":"若兰","result":"success","detail":"{\"agent\":\"若兰\",\"type\":\"event\",\"structural_weight\":0}","audit_id":"audit_1788190253766_y84w"}
{"timestamp":"2026-08-31T15:30:53.803Z","action":"memory.add","actor":"daily-sync","target":"若兰","result":"success","detail":"{\"agent\":\"若兰\",\"type\":\"event\",\"structural_weight\":0}","audit_id":"audit_1788190253803_ivwm"}
{"timestamp":"2026-08-31T15:30:53.839Z","action":"memory.add","actor":"daily-sync","target":"若兰","result":"success","detail":"{\"agent\":\"若兰\",\"type\":\"event\",\"structural_weight\":0}","audit_id":"audit_1788190253839_tcd9"}
{"timestamp":"2026-08-31T15:30:53.877Z","action":"memory.add","actor":"daily-sync","target":"若兰","result":"success","detail":"{\"agent\":\"若兰\",\"type\":\"event\",\"structural_weight\":0}","audit_id":"audit_1788190253877_t6qx"}
{"timestamp":"2026-08-31T15:30:53.915Z","action":"memory.add","actor":"daily-sync","target":"若兰","result":"success","detail":"{\"agent\":\"若兰\",\"type\":\"event\",\"structural_weight\":0}","audit_id":"audit_1788190253915_3mjg"}
{"timestamp":"2026-08-31T15:30:53.997Z","action":"memory.add","actor":"daily-sync","target":"若兰","result":"success","detail":"{\"agent\":\"若兰\",\"type\":\"event\",\"structural_weight\":0}","audit_id":"audit_1788190253997_couj"}
{"timestamp":"2026-08-31T15:30:54.065Z","action":"memory.add","actor":"daily-sync","target":"若兰","result":"success","detail":"{\"agent\":\"若兰\",\"type\":\"event\",\"structural_weight\":0}","audit_id":"audit_1788190254065_6yso"}
{"timestamp":"2026-08-31T15:30:54.103Z","action":"memory.add","actor":"daily-sync","target":"若兰","result":"success","detail":"{\"agent\":\"若兰\",\"type\":\"event\",\"structural_weight\":0}","audit_id":"audit_1788190254103_wb9z"}
{"timestamp":"2026-08-31T15:30:54.151Z","action":"memory.add","actor":"daily-sync","target":"若兰","result":"success","detail":"{\"agent\":\"若兰\",\"type\":\"event\",\"structural_weight\":0}","audit_id":"audit_1788190254151_zy05"}
{"timestamp":"2026-08-31T15:30:54.186Z","action":"memory.add","actor":"daily-sync","target":"若兰","result":"success","detail":"{\"agent\":\"若兰\",\"type\":\"milestone\",\"structural_weight\":0.6}","audit_id":"audit_1788190254186_zjps"}
{"timestamp":"2026-08-31T15:30:54.227Z","action":"memory.add","actor":"daily-sync","target":"若兰","result":"success","detail":"{\"agent\":\"若兰\",\"type\":\"milestone\",\"structural_weight\":0.6}","audit_id":"audit_1788190254227_2lwc"}
{"timestamp":"2026-08-31T15:30:54.373Z","action":"memory.add","actor":"daily-sync","target":"若兰","result":"success","detail":"{\"agent\":\"若兰\",\"type\":\"decision\",\"structural_weight\":0.6}","audit_id":"audit_1788190254373_ajyg"}
{"timestamp":"2026-08-31T15:30:54.455Z","action":"memory.add","actor":"daily-sync","target":"若兰","result":"success","detail":"{\"agent\":\"若兰\",\"type\":\"event\",\"structural_weight\":0}","audit_id":"audit_1788190254455_1sqq"}
{"timestamp":"2026-08-31T15:30:54.521Z","action":"memory.add","actor":"daily-sync","target":"若兰","result":"success","detail":"{\"agent\":\"若兰\",\"type\":\"event\",\"structural_weight\":0}","audit_id":"audit_1788190254521_yhi4"}
{"timestamp":"2026-08-31T15:30:54.622Z","action":"memory.add","actor":"daily-sync","target":"若兰","result":"success","detail":"{\"agent\":\"若兰\",\"type\":\"discovery\",\"structural_weight\":0}","audit_id":"audit_1788190254622_19ts"}
{"timestamp":"2026-08-31T15:30:56.681Z","action":"memory.add","actor":"daily-sync","target":"若兰","result":"success","detail":"{\"agent\":\"若兰\",\"type\":\"event\",\"structural_weight\":0}","audit_id":"audit_1788190256681_lsp7"}
{"timestamp":"2026-08-31T15:30:56.722Z","action":"memory.add","actor":"daily-sync","target":"若兰","result":"success","detail":"{\"agent\":\"若兰\",\"type\":\"event\",\"structural_weight\":0}","audit_id":"audit_1788190256722_h0sw"}
{"timestamp":"2026-08-31T15:30:56.778Z","action":"memory.add","actor":"daily-sync","target":"若兰","result":"success","detail":"{\"agent\":\"若兰\",\"type\":\"decision\",\"structural_weight\":0.6}","audit_id":"audit_1788190256778_qcb2"}
{"timestamp":"2026-08-31T15:30:56.849Z","action":"memory.add","actor":"daily-sync","target":"若兰","result":"success","detail":"{\"agent\":\"若兰\",\"type\":\"milestone\",\"structural_weight\":0.6}","audit_id":"audit_1788190256849_ai6u"}
{"timestamp":"2026-08-31T15:30:56.910Z","action":"memory.add","actor":"daily-sync","target":"若兰","result":"success","detail":"{\"agent\":\"若兰\",\"type\":\"event\",\"structural_weight\":0}","audit_id":"audit_1788190256910_iz02"}
{"timestamp":"2026-08-31T15:30:56.946Z","action":"memory.add","actor":"daily-sync","target":"若兰","result":"success","detail":"{\"agent\":\"若兰\",\"type\":\"event\",\"structural_weight\":0}","audit_id":"audit_1788190256946_mkge"}
{"timestamp":"2026-08-31T15:30:56.996Z","action":"memory.add","actor":"daily-sync","target":"若兰","result":"success","detail":"{\"agent\":\"若兰\",\"type\":\"event\",\"structural_weight\":0}","audit_id":"audit_1788190256996_adjs"}
{"timestamp":"2026-08-31T15:30:57.053Z","action":"memory.add","actor":"daily-sync","target":"若兰","result":"success","detail":"{\"agent\":\"若兰\",\"type\":\"event\",\"structural_weight\":0}","audit_id":"audit_1788190257053_myki"}
{"timestamp":"2026-08-31T15:30:57.089Z","action":"memory.add","actor":"daily-sync","target":"若兰","result":"success","detail":"{\"agent\":\"若兰\",\"type\":\"milestone\",\"structural_weight\":0.6}","audit_id":"audit_1788190257089_dk1f"}
{"timestamp":"2026-08-31T15:30:57.126Z","action":"memory.add","actor":"daily-sync","target":"若兰","result":"success","detail":"{\"agent\":\"若兰\",\"type\":\"milestone\",\"structural_weight\":0.6}","audit_id":"audit_1788190257126_cp9v"}
{"timestamp":"2026-08-31T15:30:57.158Z","action":"memory.add","actor":"daily-sync","target":"若兰","result":"success","detail":"{\"agent\":\"若兰\",\"type\":\"event\",\"structural_weight\":0}","audit_id":"audit_1788190257158_a9q0"}
{"timestamp":"2026-08-31T15:30:57.192Z","action":"memory.add","actor":"daily-sync","target":"若兰","result":"success","detail":"{\"agent\":\"若兰\",\"type\":\"discovery\",\"structural_weight\":0}","audit_id":"audit_1788190257192_4cut"}
{"timestamp":"2026-08-31T15:30:57.224Z","action":"memory.add","actor":"daily-sync","target":"若兰","result":"success","detail":"{\"agent\":\"若兰\",\"type\":\"discovery\",\"structural_weight\":0}","audit_id":"audit_1788190257224_bchi"}
{"timestamp":"2026-08-31T15:30:57.257Z","action":"memory.add","actor":"daily-sync","target":"若兰","result":"success","detail":"{\"agent\":\"若兰\",\"type\":\"event\",\"structural_weight\":0}","audit_id":"audit_1788190257257_xele"}
{"timestamp":"2026-08-31T15:30:57.299Z","action":"memory.add","actor":"daily-sync","target":"若兰","result":"success","detail":"{\"agent\":\"若兰\",\"type\":\"event\",\"structural_weight\":0}","audit_id":"audit_1788190257299_wr70"}
{"timestamp":"2026-08-31T15:30:57.341Z","action":"memory.add","actor":"daily-sync","target":"若兰","result":"success","detail":"{\"agent\":\"若兰\",\"type\":\"event\",\"structural_weight\":0}","audit_id":"audit_1788190257341_864g"}
{"timestamp":"2026-08-31T15:30:57.380Z","action":"memory.add","actor":"daily-sync","target":"若兰","result":"success","detail":"{\"agent\":\"若兰\",\"type\":\"event\",\"structural_weight\":0}","audit_id":"audit_1788190257380_u73l"}
{"timestamp":"2026-08-31T15:30:57.492Z","action":"memory.add","actor":"daily-sync","target":"若兰","result":"success","detail":"{\"agent\":\"若兰\",\"type\":\"event\",\"structural_weight\":0}","audit_id":"audit_1788190257492_1y6i"}
{"timestamp":"2026-08-31T15:30:57.527Z","action":"memory.add","actor":"daily-sync","target":"若兰","result":"success","detail":"{\"agent\":\"若兰\",\"type\":\"event\",\"structural_weight\":0}","audit_id":"audit_1788190257527_66mf"}
{"timestamp":"2026-08-31T15:30:57.590Z","action":"memory.get","actor":"若兰","target":"若兰","result":"success","detail":"{\"agent\":\"若兰\",\"count\":3134}","audit_id":"audit_1788190257590_h9ck"}
{"timestamp":"2026-08-31T15:30:57.626Z","action":"memory.add","actor":"daily-sync","target":"若兰","result":"success","detail":"{\"agent\":\"若兰\",\"type\":\"lesson\",\"structural_weight\":0.5}","audit_id":"audit_1788190257626_4b0m"}
{"timestamp":"2026-08-31T15:30:57.661Z","action":"memory.add","actor":"daily-sync","target":"若兰","result":"success","detail":"{\"agent\":\"若兰\",\"type\":\"lesson\",\"structural_weight\":0.5}","audit_id":"audit_1788190257661_ebov"}
{"timestamp":"2026-08-31T15:30:57.717Z","action":"memory.get","actor":"若兰","target":"若兰","result":"success","detail":"{\"agent\":\"若兰\",\"count\":3136}","audit_id":"audit_1788190257717_6js6"}
{"timestamp":"2026-08-31T15:30:57.750Z","action":"memory.add","actor":"daily-sync","target":"若兰","result":"success","detail":"{\"agent\":\"若兰\",\"type\":\"community\",\"structural_weight\":0.4}","audit_id":"audit_1788190257750_iej6"}
{"timestamp":"2026-08-31T15:30:58.243Z","action":"memory.get","actor":"若兰","target":"若兰","result":"success","detail":"{\"agent\":\"若兰\",\"count\":3137}","audit_id":"audit_1788190258243_z0u2"}
{"timestamp":"2026-08-31T15:50:05.484Z","action":"memory.add","actor":"dream","target":"若兰","result":"success","detail":"{\"agent\":\"若兰\",\"type\":\"decision\",\"structural_weight\":0.6}","audit_id":"audit_1788191405484_ez02"}
{"timestamp":"2026-08-31T15:50:08.882Z","action":"memory.add","actor":"dream","target":"若兰","result":"success","detail":"{\"agent\":\"若兰\",\"type\":\"decision\",\"structural_weight\":0.6}","audit_id":"audit_1788191408882_20cs"}
{"timestamp":"2026-08-31T15:50:08.983Z","action":"memory.add","actor":"dream","target":"若兰","result":"success","detail":"{\"agent\":\"若兰\",\"type\":\"milestone\",\"structural_weight\":0.6}","audit_id":"audit_1788191408983_edom"}
{"timestamp":"2026-08-31T15:50:09.181Z","action":"memory.get","actor":"若兰","target":"若兰","result":"success","detail":"{\"agent\":\"若兰\",\"count\":3140}","audit_id":"audit_1788191409181_e6fp"}
