{"timestamp":"2026-08-27T16:35:04.956Z","action":"memory.get","actor":"若兰","target":"若兰","result":"success","detail":"{\"agent\":\"若兰\",\"count\":2701}","audit_id":"audit_1787848504956_mep0"}
{"timestamp":"2026-08-27T16:35:05.013Z","action":"memory.get","actor":"若兰","target":"若兰","result":"success","detail":"{\"agent\":\"若兰\",\"count\":2701}","audit_id":"audit_1787848505013_9mpw"}
{"timestamp":"2026-08-27T16:35:05.134Z","action":"memory.get","actor":"若兰","target":"若兰","result":"success","detail":"{\"agent\":\"若兰\",\"count\":2701}","audit_id":"audit_1787848505134_rsmv"}
{"timestamp":"2026-08-28T15:31:19.816Z","action":"memory.get","actor":"若兰","target":"若兰","result":"success","detail":"{\"agent\":\"若兰\",\"count\":2701}","audit_id":"audit_1787931079816_qpqc"}
{"timestamp":"2026-08-28T15:31:19.888Z","action":"memory.add","actor":"daily-sync","target":"若兰","result":"success","detail":"{\"agent\":\"若兰\",\"type\":\"event\",\"structural_weight\":0}","audit_id":"audit_1787931079888_svi9"}
{"timestamp":"2026-08-28T15:31:19.986Z","action":"memory.add","actor":"daily-sync","target":"若兰","result":"success","detail":"{\"agent\":\"若兰\",\"type\":\"event\",\"structural_weight\":0}","audit_id":"audit_1787931079986_pgmv"}
{"timestamp":"2026-08-28T15:31:20.083Z","action":"memory.add","actor":"daily-sync","target":"若兰","result":"success","detail":"{\"agent\":\"若兰\",\"type\":\"decision\",\"structural_weight\":0.6}","audit_id":"audit_1787931080083_puye"}
{"timestamp":"2026-08-28T15:31:20.193Z","action":"memory.add","actor":"daily-sync","target":"若兰","result":"success","detail":"{\"agent\":\"若兰\",\"type\":\"discovery\",\"structural_weight\":0}","audit_id":"audit_1787931080193_y12m"}
{"timestamp":"2026-08-28T15:31:20.287Z","action":"memory.add","actor":"daily-sync","target":"若兰","result":"success","detail":"{\"agent\":\"若兰\",\"type\":\"event\",\"structural_weight\":0}","audit_id":"audit_1787931080287_8k3o"}
{"timestamp":"2026-08-28T15:31:20.377Z","action":"memory.add","actor":"daily-sync","target":"若兰","result":"success","detail":"{\"agent\":\"若兰\",\"type\":\"event\",\"structural_weight\":0}","audit_id":"audit_1787931080377_yn7x"}
{"timestamp":"2026-08-28T15:31:20.462Z","action":"memory.add","actor":"daily-sync","target":"若兰","result":"success","detail":"{\"agent\":\"若兰\",\"type\":\"event\",\"structural_weight\":0}","audit_id":"audit_1787931080462_7s10"}
{"timestamp":"2026-08-28T15:31:20.735Z","action":"memory.add","actor":"daily-sync","target":"若兰","result":"success","detail":"{\"agent\":\"若兰\",\"type\":\"event\",\"structural_weight\":0}","audit_id":"audit_1787931080735_8tsn"}
{"timestamp":"2026-08-28T15:31:21.825Z","action":"memory.add","actor":"daily-sync","target":"若兰","result":"success","detail":"{\"agent\":\"若兰\",\"type\":\"decision\",\"structural_weight\":0.6}","audit_id":"audit_1787931081825_pq5n"}
{"timestamp":"2026-08-28T15:31:22.621Z","action":"memory.add","actor":"daily-sync","target":"若兰","result":"success","detail":"{\"agent\":\"若兰\",\"type\":\"event\",\"structural_weight\":0}","audit_id":"audit_1787931082621_0bsn"}
{"timestamp":"2026-08-28T15:31:22.790Z","action":"memory.add","actor":"daily-sync","target":"若兰","result":"success","detail":"{\"agent\":\"若兰\",\"type\":\"event\",\"structural_weight\":0}","audit_id":"audit_1787931082790_j2ra"}
{"timestamp":"2026-08-28T15:31:23.206Z","action":"memory.add","actor":"daily-sync","target":"若兰","result":"success","detail":"{\"agent\":\"若兰\",\"type\":\"milestone\",\"structural_weight\":0.6}","audit_id":"audit_1787931083206_poqb"}
{"timestamp":"2026-08-28T15:31:23.587Z","action":"memory.add","actor":"daily-sync","target":"若兰","result":"success","detail":"{\"agent\":\"若兰\",\"type\":\"todo\",\"structural_weight\":0}","audit_id":"audit_1787931083587_rvsy"}
{"timestamp":"2026-08-28T15:31:23.774Z","action":"memory.add","actor":"daily-sync","target":"若兰","result":"success","detail":"{\"agent\":\"若兰\",\"type\":\"event\",\"structural_weight\":0}","audit_id":"audit_1787931083774_4ti3"}
{"timestamp":"2026-08-28T15:31:24.528Z","action":"memory.add","actor":"daily-sync","target":"若兰","result":"success","detail":"{\"agent\":\"若兰\",\"type\":\"event\",\"structural_weight\":0}","audit_id":"audit_1787931084528_2meo"}
{"timestamp":"2026-08-28T15:31:24.830Z","action":"memory.add","actor":"daily-sync","target":"若兰","result":"success","detail":"{\"agent\":\"若兰\",\"type\":\"event\",\"structural_weight\":0}","audit_id":"audit_1787931084830_g7rs"}
{"timestamp":"2026-08-28T15:31:25.139Z","action":"memory.add","actor":"daily-sync","target":"若兰","result":"success","detail":"{\"agent\":\"若兰\",\"type\":\"event\",\"structural_weight\":0}","audit_id":"audit_1787931085139_bigw"}
{"timestamp":"2026-08-28T15:31:25.277Z","action":"memory.add","actor":"daily-sync","target":"若兰","result":"success","detail":"{\"agent\":\"若兰\",\"type\":\"milestone\",\"structural_weight\":0.6}","audit_id":"audit_1787931085277_s0u7"}
{"timestamp":"2026-08-28T15:31:25.855Z","action":"memory.add","actor":"daily-sync","target":"若兰","result":"success","detail":"{\"agent\":\"若兰\",\"type\":\"event\",\"structural_weight\":0}","audit_id":"audit_1787931085855_zahn"}
{"timestamp":"2026-08-28T15:31:26.461Z","action":"memory.add","actor":"daily-sync","target":"若兰","result":"success","detail":"{\"agent\":\"若兰\",\"type\":\"event\",\"structural_weight\":0}","audit_id":"audit_1787931086461_c8p7"}
{"timestamp":"2026-08-28T15:31:27.716Z","action":"memory.add","actor":"daily-sync","target":"若兰","result":"success","detail":"{\"agent\":\"若兰\",\"type\":\"event\",\"structural_weight\":0}","audit_id":"audit_1787931087716_bi39"}
{"timestamp":"2026-08-28T15:31:27.774Z","action":"memory.add","actor":"daily-sync","target":"若兰","result":"success","detail":"{\"agent\":\"若兰\",\"type\":\"milestone\",\"structural_weight\":0.6}","audit_id":"audit_1787931087774_jpcg"}
{"timestamp":"2026-08-28T15:31:27.831Z","action":"memory.add","actor":"daily-sync","target":"若兰","result":"success","detail":"{\"agent\":\"若兰\",\"type\":\"event\",\"structural_weight\":0}","audit_id":"audit_1787931087831_h4kd"}
{"timestamp":"2026-08-28T15:31:27.880Z","action":"memory.add","actor":"daily-sync","target":"若兰","result":"success","detail":"{\"agent\":\"若兰\",\"type\":\"decision\",\"structural_weight\":0.6}","audit_id":"audit_1787931087880_g1bv"}
{"timestamp":"2026-08-28T15:31:27.948Z","action":"memory.add","actor":"daily-sync","target":"若兰","result":"success","detail":"{\"agent\":\"若兰\",\"type\":\"event\",\"structural_weight\":0}","audit_id":"audit_1787931087948_ion3"}
{"timestamp":"2026-08-28T15:31:27.997Z","action":"memory.add","actor":"daily-sync","target":"若兰","result":"success","detail":"{\"agent\":\"若兰\",\"type\":\"event\",\"structural_weight\":0}","audit_id":"audit_1787931087997_tbyb"}
{"timestamp":"2026-08-28T15:31:28.589Z","action":"memory.add","actor":"daily-sync","target":"若兰","result":"success","detail":"{\"agent\":\"若兰\",\"type\":\"event\",\"structural_weight\":0}","audit_id":"audit_1787931088589_l5qu"}
{"timestamp":"2026-08-28T15:31:28.645Z","action":"memory.add","actor":"daily-sync","target":"若兰","result":"success","detail":"{\"agent\":\"若兰\",\"type\":\"event\",\"structural_weight\":0}","audit_id":"audit_1787931088645_5ifu"}
{"timestamp":"2026-08-28T15:31:28.697Z","action":"memory.add","actor":"daily-sync","target":"若兰","result":"success","detail":"{\"agent\":\"若兰\",\"type\":\"event\",\"structural_weight\":0}","audit_id":"audit_1787931088697_g7bk"}
{"timestamp":"2026-08-28T15:31:28.746Z","action":"memory.add","actor":"daily-sync","target":"若兰","result":"success","detail":"{\"agent\":\"若兰\",\"type\":\"milestone\",\"structural_weight\":0.6}","audit_id":"audit_1787931088746_3efq"}
{"timestamp":"2026-08-28T15:31:28.791Z","action":"memory.add","actor":"daily-sync","target":"若兰","result":"success","detail":"{\"agent\":\"若兰\",\"type\":\"milestone\",\"structural_weight\":0.6}","audit_id":"audit_1787931088791_9yzb"}
{"timestamp":"2026-08-28T15:31:28.896Z","action":"memory.add","actor":"daily-sync","target":"若兰","result":"success","detail":"{\"agent\":\"若兰\",\"type\":\"lesson\",\"structural_weight\":0}","audit_id":"audit_1787931088896_4ogq"}
{"timestamp":"2026-08-28T15:31:28.995Z","action":"memory.add","actor":"daily-sync","target":"若兰","result":"success","detail":"{\"agent\":\"若兰\",\"type\":\"decision\",\"structural_weight\":0.6}","audit_id":"audit_1787931088995_e53i"}
{"timestamp":"2026-08-28T15:31:29.161Z","action":"memory.add","actor":"daily-sync","target":"若兰","result":"success","detail":"{\"agent\":\"若兰\",\"type\":\"event\",\"structural_weight\":0}","audit_id":"audit_1787931089161_owtk"}
{"timestamp":"2026-08-28T15:31:30.000Z","action":"memory.add","actor":"daily-sync","target":"若兰","result":"success","detail":"{\"agent\":\"若兰\",\"type\":\"decision\",\"structural_weight\":0.6}","audit_id":"audit_1787931090000_p159"}
{"timestamp":"2026-08-28T15:31:30.087Z","action":"memory.add","actor":"daily-sync","target":"若兰","result":"success","detail":"{\"agent\":\"若兰\",\"type\":\"todo\",\"structural_weight\":0}","audit_id":"audit_1787931090087_c31m"}
{"timestamp":"2026-08-28T15:31:30.227Z","action":"memory.add","actor":"daily-sync","target":"若兰","result":"success","detail":"{\"agent\":\"若兰\",\"type\":\"discovery\",\"structural_weight\":0}","audit_id":"audit_1787931090227_3okn"}
{"timestamp":"2026-08-28T15:31:30.306Z","action":"memory.add","actor":"daily-sync","target":"若兰","result":"success","detail":"{\"agent\":\"若兰\",\"type\":\"milestone\",\"structural_weight\":0.6}","audit_id":"audit_1787931090306_jv8p"}
{"timestamp":"2026-08-28T15:31:30.342Z","action":"memory.add","actor":"daily-sync","target":"若兰","result":"success","detail":"{\"agent\":\"若兰\",\"type\":\"event\",\"structural_weight\":0}","audit_id":"audit_1787931090342_zfd0"}
{"timestamp":"2026-08-28T15:31:30.665Z","action":"memory.add","actor":"daily-sync","target":"若兰","result":"success","detail":"{\"agent\":\"若兰\",\"type\":\"discovery\",\"structural_weight\":0}","audit_id":"audit_1787931090665_s5gp"}
{"timestamp":"2026-08-28T15:31:31.344Z","action":"memory.add","actor":"daily-sync","target":"若兰","result":"success","detail":"{\"agent\":\"若兰\",\"type\":\"milestone\",\"structural_weight\":0.6}","audit_id":"audit_1787931091344_hht9"}
{"timestamp":"2026-08-28T15:31:31.593Z","action":"memory.add","actor":"daily-sync","target":"若兰","result":"success","detail":"{\"agent\":\"若兰\",\"type\":\"event\",\"structural_weight\":0}","audit_id":"audit_1787931091593_1duz"}
{"timestamp":"2026-08-28T15:31:31.797Z","action":"memory.add","actor":"daily-sync","target":"若兰","result":"success","detail":"{\"agent\":\"若兰\",\"type\":\"event\",\"structural_weight\":0}","audit_id":"audit_1787931091797_1o60"}
{"timestamp":"2026-08-28T15:31:31.902Z","action":"memory.add","actor":"daily-sync","target":"若兰","result":"success","detail":"{\"agent\":\"若兰\",\"type\":\"event\",\"structural_weight\":0}","audit_id":"audit_1787931091902_x2ze"}
{"timestamp":"2026-08-28T15:31:32.033Z","action":"memory.add","actor":"daily-sync","target":"若兰","result":"success","detail":"{\"agent\":\"若兰\",\"type\":\"discovery\",\"structural_weight\":0}","audit_id":"audit_1787931092033_jdv7"}
{"timestamp":"2026-08-28T15:31:32.786Z","action":"memory.add","actor":"daily-sync","target":"若兰","result":"success","detail":"{\"agent\":\"若兰\",\"type\":\"event\",\"structural_weight\":0}","audit_id":"audit_1787931092786_qhn6"}
{"timestamp":"2026-08-28T15:31:32.993Z","action":"memory.add","actor":"daily-sync","target":"若兰","result":"success","detail":"{\"agent\":\"若兰\",\"type\":\"discovery\",\"structural_weight\":0}","audit_id":"audit_1787931092993_f87a"}
{"timestamp":"2026-08-28T15:31:33.704Z","action":"memory.add","actor":"daily-sync","target":"若兰","result":"success","detail":"{\"agent\":\"若兰\",\"type\":\"event\",\"structural_weight\":0}","audit_id":"audit_1787931093704_y35f"}
{"timestamp":"2026-08-28T15:31:33.968Z","action":"memory.add","actor":"daily-sync","target":"若兰","result":"success","detail":"{\"agent\":\"若兰\",\"type\":\"event\",\"structural_weight\":0}","audit_id":"audit_1787931093968_7hkc"}
{"timestamp":"2026-08-28T15:31:34.260Z","action":"memory.add","actor":"daily-sync","target":"若兰","result":"success","detail":"{\"agent\":\"若兰\",\"type\":\"event\",\"structural_weight\":0}","audit_id":"audit_1787931094260_bcre"}
{"timestamp":"2026-08-28T15:31:34.536Z","action":"memory.add","actor":"daily-sync","target":"若兰","result":"success","detail":"{\"agent\":\"若兰\",\"type\":\"event\",\"structural_weight\":0}","audit_id":"audit_1787931094536_db91"}
{"timestamp":"2026-08-28T15:31:34.667Z","action":"memory.add","actor":"daily-sync","target":"若兰","result":"success","detail":"{\"agent\":\"若兰\",\"type\":\"milestone\",\"structural_weight\":0.6}","audit_id":"audit_1787931094667_yljx"}
{"timestamp":"2026-08-28T15:31:35.480Z","action":"memory.add","actor":"daily-sync","target":"若兰","result":"success","detail":"{\"agent\":\"若兰\",\"type\":\"event\",\"structural_weight\":0}","audit_id":"audit_1787931095480_vwnq"}
{"timestamp":"2026-08-28T15:31:35.959Z","action":"memory.add","actor":"daily-sync","target":"若兰","result":"success","detail":"{\"agent\":\"若兰\",\"type\":\"event\",\"structural_weight\":0}","audit_id":"audit_1787931095959_th00"}
{"timestamp":"2026-08-28T15:31:36.126Z","action":"memory.add","actor":"daily-sync","target":"若兰","result":"success","detail":"{\"agent\":\"若兰\",\"type\":\"event\",\"structural_weight\":0}","audit_id":"audit_1787931096126_agk0"}
{"timestamp":"2026-08-28T15:31:36.837Z","action":"memory.add","actor":"daily-sync","target":"若兰","result":"success","detail":"{\"agent\":\"若兰\",\"type\":\"event\",\"structural_weight\":0}","audit_id":"audit_1787931096837_p869"}
{"timestamp":"2026-08-28T15:31:37.111Z","action":"memory.add","actor":"daily-sync","target":"若兰","result":"success","detail":"{\"agent\":\"若兰\",\"type\":\"milestone\",\"structural_weight\":0.6}","audit_id":"audit_1787931097111_j01c"}
{"timestamp":"2026-08-28T15:31:37.316Z","action":"memory.add","actor":"daily-sync","target":"若兰","result":"success","detail":"{\"agent\":\"若兰\",\"type\":\"event\",\"structural_weight\":0}","audit_id":"audit_1787931097316_yo06"}
{"timestamp":"2026-08-28T15:31:38.051Z","action":"memory.add","actor":"daily-sync","target":"若兰","result":"success","detail":"{\"agent\":\"若兰\",\"type\":\"event\",\"structural_weight\":0}","audit_id":"audit_1787931098051_jiwi"}
{"timestamp":"2026-08-28T15:31:38.495Z","action":"memory.add","actor":"daily-sync","target":"若兰","result":"success","detail":"{\"agent\":\"若兰\",\"type\":\"event\",\"structural_weight\":0}","audit_id":"audit_1787931098495_rqy0"}
{"timestamp":"2026-08-28T15:31:38.572Z","action":"memory.add","actor":"daily-sync","target":"若兰","result":"success","detail":"{\"agent\":\"若兰\",\"type\":\"event\",\"structural_weight\":0}","audit_id":"audit_1787931098572_3l92"}
{"timestamp":"2026-08-28T15:31:38.646Z","action":"memory.add","actor":"daily-sync","target":"若兰","result":"success","detail":"{\"agent\":\"若兰\",\"type\":\"event\",\"structural_weight\":0}","audit_id":"audit_1787931098646_ybr6"}
{"timestamp":"2026-08-28T15:31:38.705Z","action":"memory.add","actor":"daily-sync","target":"若兰","result":"success","detail":"{\"agent\":\"若兰\",\"type\":\"event\",\"structural_weight\":0}","audit_id":"audit_1787931098705_1c9e"}
{"timestamp":"2026-08-28T15:31:38.749Z","action":"memory.add","actor":"daily-sync","target":"若兰","result":"success","detail":"{\"agent\":\"若兰\",\"type\":\"event\",\"structural_weight\":0}","audit_id":"audit_1787931098749_umbh"}
{"timestamp":"2026-08-28T15:31:39.109Z","action":"memory.add","actor":"daily-sync","target":"若兰","result":"success","detail":"{\"agent\":\"若兰\",\"type\":\"event\",\"structural_weight\":0}","audit_id":"audit_1787931099109_370g"}
{"timestamp":"2026-08-28T15:31:39.366Z","action":"memory.add","actor":"daily-sync","target":"若兰","result":"success","detail":"{\"agent\":\"若兰\",\"type\":\"discovery\",\"structural_weight\":0}","audit_id":"audit_1787931099366_btgz"}
{"timestamp":"2026-08-28T15:31:39.769Z","action":"memory.add","actor":"daily-sync","target":"若兰","result":"success","detail":"{\"agent\":\"若兰\",\"type\":\"milestone\",\"structural_weight\":0.6}","audit_id":"audit_1787931099769_4qhs"}
{"timestamp":"2026-08-28T15:31:39.826Z","action":"memory.add","actor":"daily-sync","target":"若兰","result":"success","detail":"{\"agent\":\"若兰\",\"type\":\"milestone\",\"structural_weight\":0.6}","audit_id":"audit_1787931099826_m7e9"}
{"timestamp":"2026-08-28T15:31:39.907Z","action":"memory.add","actor":"daily-sync","target":"若兰","result":"success","detail":"{\"agent\":\"若兰\",\"type\":\"event\",\"structural_weight\":0}","audit_id":"audit_1787931099907_o6ox"}
{"timestamp":"2026-08-28T15:31:39.967Z","action":"memory.add","actor":"daily-sync","target":"若兰","result":"success","detail":"{\"agent\":\"若兰\",\"type\":\"event\",\"structural_weight\":0}","audit_id":"audit_1787931099967_tz6r"}
{"timestamp":"2026-08-28T15:31:40.127Z","action":"memory.add","actor":"daily-sync","target":"若兰","result":"success","detail":"{\"agent\":\"若兰\",\"type\":\"event\",\"structural_weight\":0}","audit_id":"audit_1787931100127_myh1"}
{"timestamp":"2026-08-28T15:31:40.173Z","action":"memory.add","actor":"daily-sync","target":"若兰","result":"success","detail":"{\"agent\":\"若兰\",\"type\":\"event\",\"structural_weight\":0}","audit_id":"audit_1787931100173_fv74"}
{"timestamp":"2026-08-28T15:31:40.215Z","action":"memory.add","actor":"daily-sync","target":"若兰","result":"success","detail":"{\"agent\":\"若兰\",\"type\":\"event\",\"structural_weight\":0}","audit_id":"audit_1787931100215_x6vg"}
{"timestamp":"2026-08-28T15:31:40.316Z","action":"memory.add","actor":"daily-sync","target":"若兰","result":"success","detail":"{\"agent\":\"若兰\",\"type\":\"lesson\",\"structural_weight\":0}","audit_id":"audit_1787931100316_sgil"}
{"timestamp":"2026-08-28T15:31:40.397Z","action":"memory.add","actor":"daily-sync","target":"若兰","result":"success","detail":"{\"agent\":\"若兰\",\"type\":\"event\",\"structural_weight\":0}","audit_id":"audit_1787931100397_03qu"}
{"timestamp":"2026-08-28T15:31:41.705Z","action":"memory.add","actor":"daily-sync","target":"若兰","result":"success","detail":"{\"agent\":\"若兰\",\"type\":\"event\",\"structural_weight\":0}","audit_id":"audit_1787931101705_a668"}
{"timestamp":"2026-08-28T15:31:42.865Z","action":"memory.add","actor":"daily-sync","target":"若兰","result":"success","detail":"{\"agent\":\"若兰\",\"type\":\"todo\",\"structural_weight\":0}","audit_id":"audit_1787931102865_lvmb"}
{"timestamp":"2026-08-28T15:31:43.313Z","action":"memory.add","actor":"daily-sync","target":"若兰","result":"success","detail":"{\"agent\":\"若兰\",\"type\":\"milestone\",\"structural_weight\":0.6}","audit_id":"audit_1787931103313_fte6"}
{"timestamp":"2026-08-28T15:31:44.434Z","action":"memory.add","actor":"daily-sync","target":"若兰","result":"success","detail":"{\"agent\":\"若兰\",\"type\":\"event\",\"structural_weight\":0}","audit_id":"audit_1787931104434_0vn8"}
{"timestamp":"2026-08-28T15:31:45.597Z","action":"memory.add","actor":"daily-sync","target":"若兰","result":"success","detail":"{\"agent\":\"若兰\",\"type\":\"event\",\"structural_weight\":0}","audit_id":"audit_1787931105597_q5yq"}
{"timestamp":"2026-08-28T15:31:45.762Z","action":"memory.add","actor":"daily-sync","target":"若兰","result":"success","detail":"{\"agent\":\"若兰\",\"type\":\"event\",\"structural_weight\":0}","audit_id":"audit_1787931105762_nlzq"}
{"timestamp":"2026-08-28T15:31:46.685Z","action":"memory.add","actor":"daily-sync","target":"若兰","result":"success","detail":"{\"agent\":\"若兰\",\"type\":\"event\",\"structural_weight\":0}","audit_id":"audit_1787931106685_odjc"}
{"timestamp":"2026-08-28T15:31:47.230Z","action":"memory.add","actor":"daily-sync","target":"若兰","result":"success","detail":"{\"agent\":\"若兰\",\"type\":\"milestone\",\"structural_weight\":0.6}","audit_id":"audit_1787931107230_nlvn"}
{"timestamp":"2026-08-28T15:31:48.110Z","action":"memory.add","actor":"daily-sync","target":"若兰","result":"success","detail":"{\"agent\":\"若兰\",\"type\":\"event\",\"structural_weight\":0}","audit_id":"audit_1787931108110_jne6"}
{"timestamp":"2026-08-28T15:31:48.462Z","action":"memory.add","actor":"daily-sync","target":"若兰","result":"success","detail":"{\"agent\":\"若兰\",\"type\":\"event\",\"structural_weight\":0}","audit_id":"audit_1787931108462_q7hv"}
{"timestamp":"2026-08-28T15:31:48.526Z","action":"memory.add","actor":"daily-sync","target":"若兰","result":"success","detail":"{\"agent\":\"若兰\",\"type\":\"event\",\"structural_weight\":0}","audit_id":"audit_1787931108526_ylim"}
{"timestamp":"2026-08-28T15:31:48.636Z","action":"memory.add","actor":"daily-sync","target":"若兰","result":"success","detail":"{\"agent\":\"若兰\",\"type\":\"event\",\"structural_weight\":0}","audit_id":"audit_1787931108637_zl4q"}
{"timestamp":"2026-08-28T15:31:49.349Z","action":"memory.add","actor":"daily-sync","target":"若兰","result":"success","detail":"{\"agent\":\"若兰\",\"type\":\"event\",\"structural_weight\":0}","audit_id":"audit_1787931109349_a3e3"}
{"timestamp":"2026-08-28T15:31:49.737Z","action":"memory.add","actor":"daily-sync","target":"若兰","result":"success","detail":"{\"agent\":\"若兰\",\"type\":\"milestone\",\"structural_weight\":0.6}","audit_id":"audit_1787931109737_roda"}
{"timestamp":"2026-08-28T15:31:49.802Z","action":"memory.add","actor":"daily-sync","target":"若兰","result":"success","detail":"{\"agent\":\"若兰\",\"type\":\"event\",\"structural_weight\":0}","audit_id":"audit_1787931109802_pqvp"}
{"timestamp":"2026-08-28T15:31:49.845Z","action":"memory.add","actor":"daily-sync","target":"若兰","result":"success","detail":"{\"agent\":\"若兰\",\"type\":\"event\",\"structural_weight\":0}","audit_id":"audit_1787931109845_n3vc"}
{"timestamp":"2026-08-28T15:31:49.896Z","action":"memory.add","actor":"daily-sync","target":"若兰","result":"success","detail":"{\"agent\":\"若兰\",\"type\":\"event\",\"structural_weight\":0}","audit_id":"audit_1787931109896_g8ck"}
{"timestamp":"2026-08-28T15:31:49.940Z","action":"memory.add","actor":"daily-sync","target":"若兰","result":"success","detail":"{\"agent\":\"若兰\",\"type\":\"event\",\"structural_weight\":0}","audit_id":"audit_1787931109940_an1v"}
{"timestamp":"2026-08-28T15:31:49.985Z","action":"memory.add","actor":"daily-sync","target":"若兰","result":"success","detail":"{\"agent\":\"若兰\",\"type\":\"event\",\"structural_weight\":0}","audit_id":"audit_1787931109985_m88v"}
{"timestamp":"2026-08-28T15:31:50.879Z","action":"memory.add","actor":"daily-sync","target":"若兰","result":"success","detail":"{\"agent\":\"若兰\",\"type\":\"milestone\",\"structural_weight\":0.6}","audit_id":"audit_1787931110879_frgc"}
{"timestamp":"2026-08-28T15:31:51.097Z","action":"memory.add","actor":"daily-sync","target":"若兰","result":"success","detail":"{\"agent\":\"若兰\",\"type\":\"event\",\"structural_weight\":0}","audit_id":"audit_1787931111097_wrvg"}
{"timestamp":"2026-08-28T15:31:52.158Z","action":"memory.add","actor":"daily-sync","target":"若兰","result":"success","detail":"{\"agent\":\"若兰\",\"type\":\"event\",\"structural_weight\":1}","audit_id":"audit_1787931112158_jhkc"}
{"timestamp":"2026-08-28T15:31:52.610Z","action":"memory.add","actor":"daily-sync","target":"若兰","result":"success","detail":"{\"agent\":\"若兰\",\"type\":\"event\",\"structural_weight\":0}","audit_id":"audit_1787931112610_37dm"}
{"timestamp":"2026-08-28T15:31:53.811Z","action":"memory.add","actor":"daily-sync","target":"若兰","result":"success","detail":"{\"agent\":\"若兰\",\"type\":\"event\",\"structural_weight\":0}","audit_id":"audit_1787931113811_yfsz"}
{"timestamp":"2026-08-28T15:31:54.014Z","action":"memory.add","actor":"daily-sync","target":"若兰","result":"success","detail":"{\"agent\":\"若兰\",\"type\":\"event\",\"structural_weight\":0}","audit_id":"audit_1787931114014_y5vw"}
{"timestamp":"2026-08-28T15:31:55.288Z","action":"memory.add","actor":"daily-sync","target":"若兰","result":"success","detail":"{\"agent\":\"若兰\",\"type\":\"event\",\"structural_weight\":0}","audit_id":"audit_1787931115288_8k52"}
{"timestamp":"2026-08-28T15:31:55.800Z","action":"memory.add","actor":"daily-sync","target":"若兰","result":"success","detail":"{\"agent\":\"若兰\",\"type\":\"event\",\"structural_weight\":0}","audit_id":"audit_1787931115800_768n"}
{"timestamp":"2026-08-28T15:31:56.300Z","action":"memory.add","actor":"daily-sync","target":"若兰","result":"success","detail":"{\"agent\":\"若兰\",\"type\":\"event\",\"structural_weight\":0}","audit_id":"audit_1787931116300_eac0"}
{"timestamp":"2026-08-28T15:31:56.406Z","action":"memory.add","actor":"daily-sync","target":"若兰","result":"success","detail":"{\"agent\":\"若兰\",\"type\":\"event\",\"structural_weight\":0}","audit_id":"audit_1787931116406_u4ee"}
{"timestamp":"2026-08-28T15:31:56.774Z","action":"memory.add","actor":"daily-sync","target":"若兰","result":"success","detail":"{\"agent\":\"若兰\",\"type\":\"event\",\"structural_weight\":0}","audit_id":"audit_1787931116774_qu19"}
{"timestamp":"2026-08-28T15:31:57.679Z","action":"memory.add","actor":"daily-sync","target":"若兰","result":"success","detail":"{\"agent\":\"若兰\",\"type\":\"event\",\"structural_weight\":0}","audit_id":"audit_1787931117679_pt0g"}
{"timestamp":"2026-08-28T15:31:57.753Z","action":"memory.add","actor":"daily-sync","target":"若兰","result":"success","detail":"{\"agent\":\"若兰\",\"type\":\"event\",\"structural_weight\":0}","audit_id":"audit_1787931117753_51ig"}
{"timestamp":"2026-08-28T15:31:57.807Z","action":"memory.add","actor":"daily-sync","target":"若兰","result":"success","detail":"{\"agent\":\"若兰\",\"type\":\"event\",\"structural_weight\":0}","audit_id":"audit_1787931117807_adny"}
{"timestamp":"2026-08-28T15:31:57.861Z","action":"memory.add","actor":"daily-sync","target":"若兰","result":"success","detail":"{\"agent\":\"若兰\",\"type\":\"event\",\"structural_weight\":0}","audit_id":"audit_1787931117861_i4x3"}
{"timestamp":"2026-08-28T15:31:58.203Z","action":"memory.add","actor":"daily-sync","target":"若兰","result":"success","detail":"{\"agent\":\"若兰\",\"type\":\"event\",\"structural_weight\":0}","audit_id":"audit_1787931118203_9pd1"}
{"timestamp":"2026-08-28T15:31:59.764Z","action":"memory.add","actor":"daily-sync","target":"若兰","result":"success","detail":"{\"agent\":\"若兰\",\"type\":\"event\",\"structural_weight\":0}","audit_id":"audit_1787931119764_fs3e"}
{"timestamp":"2026-08-28T15:31:59.825Z","action":"memory.add","actor":"daily-sync","target":"若兰","result":"success","detail":"{\"agent\":\"若兰\",\"type\":\"event\",\"structural_weight\":0}","audit_id":"audit_1787931119825_71w7"}
{"timestamp":"2026-08-28T15:31:59.888Z","action":"memory.add","actor":"daily-sync","target":"若兰","result":"success","detail":"{\"agent\":\"若兰\",\"type\":\"event\",\"structural_weight\":0}","audit_id":"audit_1787931119888_cbuj"}
{"timestamp":"2026-08-28T15:31:59.946Z","action":"memory.add","actor":"daily-sync","target":"若兰","result":"success","detail":"{\"agent\":\"若兰\",\"type\":\"lesson\",\"structural_weight\":0}","audit_id":"audit_1787931119946_x8e0"}
{"timestamp":"2026-08-28T15:32:00.008Z","action":"memory.add","actor":"daily-sync","target":"若兰","result":"success","detail":"{\"agent\":\"若兰\",\"type\":\"event\",\"structural_weight\":0}","audit_id":"audit_1787931120008_fey2"}
{"timestamp":"2026-08-28T15:32:00.069Z","action":"memory.add","actor":"daily-sync","target":"若兰","result":"success","detail":"{\"agent\":\"若兰\",\"type\":\"event\",\"structural_weight\":0}","audit_id":"audit_1787931120069_padb"}
{"timestamp":"2026-08-28T15:32:00.137Z","action":"memory.add","actor":"daily-sync","target":"若兰","result":"success","detail":"{\"agent\":\"若兰\",\"type\":\"event\",\"structural_weight\":0}","audit_id":"audit_1787931120137_y2d1"}
{"timestamp":"2026-08-28T15:32:00.187Z","action":"memory.add","actor":"daily-sync","target":"若兰","result":"success","detail":"{\"agent\":\"若兰\",\"type\":\"discovery\",\"structural_weight\":0}","audit_id":"audit_1787931120187_m3ba"}
{"timestamp":"2026-08-28T15:32:00.256Z","action":"memory.add","actor":"daily-sync","target":"若兰","result":"success","detail":"{\"agent\":\"若兰\",\"type\":\"event\",\"structural_weight\":0}","audit_id":"audit_1787931120256_9ffh"}
{"timestamp":"2026-08-28T15:32:00.326Z","action":"memory.get","actor":"若兰","target":"若兰","result":"success","detail":"{\"agent\":\"若兰\",\"count\":2820}","audit_id":"audit_1787931120326_dp6t"}
{"timestamp":"2026-08-28T15:32:00.382Z","action":"memory.add","actor":"daily-sync","target":"若兰","result":"success","detail":"{\"agent\":\"若兰\",\"type\":\"lesson\",\"structural_weight\":0.5}","audit_id":"audit_1787931120382_vzxd"}
{"timestamp":"2026-08-28T15:32:00.427Z","action":"memory.add","actor":"daily-sync","target":"若兰","result":"success","detail":"{\"agent\":\"若兰\",\"type\":\"lesson\",\"structural_weight\":0.5}","audit_id":"audit_1787931120427_1fmx"}
{"timestamp":"2026-08-28T15:32:00.678Z","action":"memory.get","actor":"若兰","target":"若兰","result":"success","detail":"{\"agent\":\"若兰\",\"count\":2822}","audit_id":"audit_1787931120678_43ux"}
{"timestamp":"2026-08-28T15:32:00.856Z","action":"memory.add","actor":"daily-sync","target":"若兰","result":"success","detail":"{\"agent\":\"若兰\",\"type\":\"community\",\"structural_weight\":0.4}","audit_id":"audit_1787931120856_z1uz"}
{"timestamp":"2026-08-28T15:32:00.927Z","action":"memory.get","actor":"若兰","target":"若兰","result":"success","detail":"{\"agent\":\"若兰\",\"count\":2823}","audit_id":"audit_1787931120927_ehvj"}
{"timestamp":"2026-08-28T15:50:10.607Z","action":"memory.add","actor":"dream","target":"若兰","result":"success","detail":"{\"agent\":\"若兰\",\"type\":\"decision\",\"structural_weight\":0.6}","audit_id":"audit_1787932210607_hxig"}
{"timestamp":"2026-08-28T15:50:10.779Z","action":"memory.add","actor":"dream","target":"若兰","result":"success","detail":"{\"agent\":\"若兰\",\"type\":\"decision\",\"structural_weight\":0.6}","audit_id":"audit_1787932210779_4gym"}
{"timestamp":"2026-08-28T15:50:10.941Z","action":"memory.add","actor":"dream","target":"若兰","result":"success","detail":"{\"agent\":\"若兰\",\"type\":\"milestone\",\"structural_weight\":0.6}","audit_id":"audit_1787932210941_la0g"}
{"timestamp":"2026-08-28T15:50:12.543Z","action":"memory.add","actor":"dream","target":"若兰","result":"success","detail":"{\"agent\":\"若兰\",\"type\":\"milestone\",\"structural_weight\":0.6}","audit_id":"audit_1787932212543_6cah"}
{"timestamp":"2026-08-28T15:50:13.510Z","action":"memory.add","actor":"dream","target":"若兰","result":"success","detail":"{\"agent\":\"若兰\",\"type\":\"decision\",\"structural_weight\":0.6}","audit_id":"audit_1787932213510_f7e3"}
{"timestamp":"2026-08-28T15:50:14.630Z","action":"memory.add","actor":"dream","target":"若兰","result":"success","detail":"{\"agent\":\"若兰\",\"type\":\"milestone\",\"structural_weight\":0.6}","audit_id":"audit_1787932214630_dlvh"}
{"timestamp":"2026-08-28T15:50:15.930Z","action":"memory.add","actor":"dream","target":"若兰","result":"success","detail":"{\"agent\":\"若兰\",\"type\":\"decision\",\"structural_weight\":0.6}","audit_id":"audit_1787932215930_3j2v"}
{"timestamp":"2026-08-28T15:50:17.925Z","action":"memory.add","actor":"dream","target":"若兰","result":"success","detail":"{\"agent\":\"若兰\",\"type\":\"decision\",\"structural_weight\":0.6}","audit_id":"audit_1787932217926_90e1"}
{"timestamp":"2026-08-28T15:50:18.713Z","action":"memory.get","actor":"若兰","target":"若兰","result":"success","detail":"{\"agent\":\"若兰\",\"count\":2831}","audit_id":"audit_1787932218713_ozs4"}
